Operator:  "--"
Text:  " "
Name:  "ABAP"
Text:  " "
Name:  "Lexer"
Text:  "<newline><newline>"
Keyword:  "FUNCTION"
Text:  " "
Name:  "z_do_nothing"
Punctuation:  "."
Text:  "<newline>"
Comment.Multiline:  "*\"----------------------------------------------------------------------"
Text:  "<newline>"
Comment.Multiline:  "*\"*\"Local Interface:"
Text:  "<newline>"
Comment.Multiline:  "*\"  IMPORTING"
Text:  "<newline>"
Comment.Multiline:  "*\"     REFERENCE(IV_IMPORT) TYPE  STRING"
Text:  "<newline>"
Comment.Multiline:  "*\"  EXPORTING"
Text:  "<newline>"
Comment.Multiline:  "*\"     REFERENCE(ET_EXPORT) TYPE  ICL_STRING_T"
Text:  "<newline>"
Comment.Multiline:  "*\"----------------------------------------------------------------------"
Text:  "<newline><newline>"
Comment.Multiline:  "* some declarations"
Text:  "<newline>  "
Keyword:  "CONSTANTS"
Punctuation:  ":"
Text:  " "
Name:  "lc_const"
Text:  " "
Keyword:  "TYPE"
Text:  " "
Name:  "char10"
Text:  " "
Keyword:  "VALUE"
Text:  " "
Literal.String.Single:  "'0123456789'"
Punctuation:  "."
Text:  "<newline><newline>  "
Keyword:  "DATA"
Punctuation:  ":"
Text:  " "
Name:  "lv_dec"
Text:  "    "
Keyword:  "TYPE"
Text:  " "
Keyword.Type:  "decfloat16"
Punctuation:  ","
Text:  "<newline>        "
Name:  "ls_mara"
Text:  "   "
Keyword:  "TYPE"
Text:  " "
Name:  "mara"
Punctuation:  ","
Text:  "<newline>        "
Name:  "lt_mara"
Text:  "   "
Keyword:  "TYPE"
Text:  " "
Keyword:  "TABLE"
Text:  " "
Keyword:  "OF"
Text:  " "
Name:  "mara"
Punctuation:  ","
Text:  "<newline>        "
Name:  "lo_object"
Text:  " "
Keyword:  "TYPE"
Text:  " "
Keyword:  "REF"
Text:  " "
Keyword:  "TO"
Text:  " "
Name:  "cl_any_class"
Punctuation:  "."
Text:  "<newline><newline>  "
Keyword:  "DATA"
Text:  " "
Name:  "spfli_tab"
Text:  " "
Keyword:  "TYPE"
Text:  " "
Keyword:  "STANDARD"
Text:  " "
Keyword:  "TABLE"
Text:  " "
Keyword:  "OF"
Text:  " "
Name:  "spfli"
Text:  "<newline>                         "
Keyword:  "WITH"
Text:  " "
Keyword:  "EMPTY"
Text:  " "
Keyword:  "KEY"
Text:  "<newline>             "
Keyword:  "WITH"
Text:  " "
Name:  "NON"
Operator:  "-"
Keyword:  "UNIQUE"
Text:  " "
Keyword:  "SORTED"
Text:  " "
Keyword:  "KEY"
Text:  " "
Name:  "carr_city"
Text:  "<newline>                             "
Keyword:  "COMPONENTS"
Text:  " "
Name:  "carrid"
Text:  " "
Name:  "cityfrom"
Punctuation:  "."
Text:  "<newline><newline>  "
Keyword:  "FIELD"
Operator:  "-"
Name:  "SYMBOLS"
Punctuation:  ":"
Text:  " "
Operator:  "<"
Name:  "mara"
Operator:  ">"
Text:  " "
Keyword:  "TYPE"
Text:  " "
Name:  "mara"
Punctuation:  "."
Text:  "<newline><newline>"
Comment.Multiline:  "* some basic functions"
Text:  "<newline>  "
Keyword:  "CREATE"
Text:  " "
Keyword:  "OBJECT"
Text:  " "
Name:  "lo_obj"
Text:  "<newline>    "
Keyword:  "EXPORTING"
Text:  "<newline>      "
Name:  "iv_int"
Text:  " "
Operator:  "="
Text:  " "
Name:  "lv_int"
Punctuation:  "."
Text:  "<newline><newline>  "
Name:  "lo_obj"
Operator:  "->"
Name:  "do_nothing"
Punctuation:  "("
Text:  " "
Punctuation:  ")."
Text:  "<newline><newline>  "
Keyword:  "SELECT"
Text:  " "
Keyword:  "SINGLE"
Text:  " "
Operator:  "*"
Text:  " "
Keyword:  "FROM"
Text:  " "
Name:  "mara"
Text:  " "
Keyword:  "INTO"
Text:  " "
Name:  "ls_mara"
Text:  " "
Keyword:  "WHERE"
Text:  " "
Name:  "matkl"
Text:  " "
Keyword:  "EQ"
Text:  " "
Literal.String.Single:  "'1324'"
Punctuation:  "."
Text:  "<newline><newline>"
Comment.Multiline:  "* some new functions from ABAP 7.40"
Text:  "<newline>  "
Keyword:  "DATA"
Punctuation:  "("
Name:  "lv_int"
Punctuation:  ")"
Text:  " "
Operator:  "="
Text:  " "
Literal.Number.Integer:  "1000"
Punctuation:  "."
Text:  "  "
Comment.Single:  "\" just an initializer"
Text:  "<newline><newline>  "
Keyword:  "SELECT"
Text:  " "
Operator:  "*"
Text:  " "
Keyword:  "FROM"
Text:  " "
Name:  "mara"
Text:  " "
Keyword:  "INTO"
Text:  " "
Keyword:  "TABLE"
Text:  " "
Operator:  "@"
Keyword:  "DATA"
Punctuation:  "("
Name:  "lt_mara"
Punctuation:  ")."
Text:  "<newline><newline>  "
Keyword:  "LOOP"
Text:  " "
Keyword:  "AT"
Text:  " "
Name:  "lt_mara"
Text:  " "
Keyword:  "ASSIGNING"
Text:  " "
Keyword:  "FIELD-SYMBOL"
Punctuation:  "("
Operator:  "<"
Name:  "wa"
Operator:  ">"
Punctuation:  ")"
Text:  "<newline>    "
Keyword:  "GROUP"
Text:  " "
Keyword:  "BY"
Text:  " "
Punctuation:  "("
Text:  " "
Name:  "carrid"
Text:  " "
Operator:  "="
Text:  " "
Operator:  "<"
Name:  "wa"
Operator:  ">-"
Name:  "matkl"
Text:  " "
Keyword:  "count"
Text:  " "
Operator:  "="
Text:  " "
Keyword:  "GROUP"
Text:  " "
Keyword:  "SIZE"
Text:  " "
Punctuation:  ")"
Text:  "<newline>    "
Keyword:  "ASCENDING"
Text:  "<newline>    "
Keyword:  "ASSIGNING"
Text:  " "
Keyword:  "FIELD-SYMBOL"
Punctuation:  "("
Operator:  "<"
Name:  "group1"
Operator:  ">"
Punctuation:  ")."
Text:  "<newline><newline>    "
Keyword:  "CHECK"
Text:  " "
Operator:  "<"
Name:  "wa"
Operator:  ">-"
Name:  "mtart"
Text:  " "
Keyword:  "EQ"
Text:  " "
Literal.String.Single:  "'0001'"
Punctuation:  "."
Text:  "<newline>  "
Keyword:  "ENDLOOP"
Punctuation:  "."
Text:  "<newline><newline>  "
Keyword:  "IF"
Text:  " "
Name.Builtin:  "line_exists"
Punctuation:  "("
Text:  " "
Name:  "lt_mara"
Punctuation:  "["
Text:  " "
Name:  "matnr"
Text:  " "
Operator:  "="
Text:  " "
Literal.String.Single:  "'1324'"
Text:  " "
Punctuation:  "]"
Text:  " "
Punctuation:  ")."
Text:  "<newline>    "
Name:  "ls_mara"
Text:  " "
Operator:  "="
Text:  " "
Name:  "lt_mara"
Punctuation:  "["
Text:  " "
Name:  "matnr"
Text:  " "
Operator:  "="
Text:  " "
Literal.String.Single:  "'1324'"
Text:  " "
Punctuation:  "]."
Text:  "<newline>    "
Keyword:  "WRITE"
Punctuation:  ":"
Text:  " "
Operator:  "/"
Text:  " "
Literal.String.Single:  "'The Material'"
Punctuation:  ","
Text:  " "
Name:  "ls_mara"
Operator:  "-"
Name:  "matnr"
Punctuation:  ","
Text:  " "
Literal.String.Single:  "'...'"
Punctuation:  "."
Text:  "<newline>  "
Keyword:  "ENDIF"
Punctuation:  "."
Text:  "<newline><newline>  "
Keyword:  "SELECT"
Text:  " "
Operator:  "*"
Text:  " "
Keyword:  "FROM"
Text:  " "
Name:  "spfli"
Text:  " "
Keyword:  "INTO"
Text:  " "
Keyword:  "TABLE"
Text:  " "
Operator:  "@"
Name:  "spfli_tab"
Punctuation:  "."
Text:  "<newline><newline>  "
Keyword:  "DATA"
Punctuation:  "("
Keyword:  "extract"
Punctuation:  ")"
Text:  " "
Operator:  "="
Text:  " "
Keyword:  "FILTER"
Text:  " "
Operator:  "#"
Punctuation:  "("
Text:  " "
Name:  "spfli_tab"
Text:  " "
Keyword:  "USING"
Text:  " "
Keyword:  "KEY"
Text:  " "
Name:  "carr_city"
Text:  "<newline>                              "
Keyword:  "WHERE"
Text:  " "
Name:  "carrid"
Text:  "   "
Operator:  "="
Text:  " "
Keyword:  "CONV"
Text:  " "
Operator:  "#"
Punctuation:  "("
Text:  " "
Name.Builtin:  "to_upper"
Punctuation:  "("
Text:  " "
Name:  "carrid"
Text:  " "
Punctuation:  ")"
Text:  " "
Punctuation:  ")"
Text:  " "
Keyword:  "AND"
Text:  "<newline>                                    "
Name:  "cityfrom"
Text:  " "
Operator:  "="
Text:  " "
Keyword:  "CONV"
Text:  " "
Operator:  "#"
Punctuation:  "("
Text:  " "
Name.Builtin:  "to_upper"
Punctuation:  "("
Text:  " "
Name:  "cityfrom"
Text:  " "
Punctuation:  ")"
Text:  " "
Punctuation:  ")"
Text:  " "
Punctuation:  ")."
Text:  "<newline><newline>  "
Keyword:  "DATA"
Punctuation:  "("
Name:  "rnd_color"
Punctuation:  ")"
Text:  " "
Operator:  "="
Text:  " "
Name:  "cl_abap_random_int"
Operator:  "=>"
Name:  "create"
Punctuation:  "("
Text:  " "
Name:  "seed"
Text:  " "
Operator:  "="
Text:  " "
Keyword:  "CONV"
Text:  " "
Operator:  "#"
Punctuation:  "("
Text:  " "
Name:  "sy"
Operator:  "-"
Name:  "uzeit"
Text:  " "
Punctuation:  ")"
Text:  " "
Keyword:  "min"
Text:  " "
Operator:  "="
Text:  " "
Literal.Number.Integer:  "1"
Text:  " "
Keyword:  "max"
Text:  " "
Operator:  "="
Text:  " "
Literal.Number.Integer:  "4"
Text:  " "
Punctuation:  ")."
Text:  "<newline>  "
Name:  "lt_fields"
Text:  " "
Operator:  "="
Text:  " "
Keyword:  "VALUE"
Text:  " "
Operator:  "#"
Punctuation:  "("
Text:  " "
Keyword:  "FOR"
Text:  " "
Keyword:  "i"
Text:  " "
Operator:  "="
Text:  " "
Literal.Number.Integer:  "0"
Text:  " "
Keyword:  "UNTIL"
Text:  " "
Keyword:  "i"
Text:  " "
Operator:  ">"
Text:  " "
Literal.Number.Integer:  "15"
Text:  "<newline>                         "
Punctuation:  "("
Text:  " "
Keyword:  "VALUE"
Text:  " "
Operator:  "#"
Punctuation:  "("
Text:  " "
Keyword:  "FOR"
Text:  " "
Name:  "j"
Text:  " "
Operator:  "="
Text:  " "
Literal.Number.Integer:  "0"
Text:  " "
Keyword:  "UNTIL"
Text:  " "
Name:  "j"
Text:  " "
Operator:  ">"
Text:  " "
Literal.Number.Integer:  "15"
Text:  "<newline>                             "
Punctuation:  "("
Text:  " "
Name:  "rnd_color"
Operator:  "->"
Name:  "get_next"
Punctuation:  "("
Text:  " "
Punctuation:  ")"
Text:  " "
Punctuation:  ")"
Text:  " "
Punctuation:  ")"
Text:  " "
Punctuation:  ")"
Text:  " "
Punctuation:  ")."
Text:  "<newline><newline>  "
Keyword:  "DATA"
Text:  " "
Name:  "lr_int"
Text:  " "
Keyword:  "TYPE"
Text:  " "
Keyword:  "RANGE"
Text:  " "
Keyword:  "OF"
Text:  " "
Keyword:  "i"
Punctuation:  "."
Text:  "<newline>  "
Name:  "lr_int"
Text:  " "
Operator:  "="
Text:  " "
Keyword:  "VALUE"
Text:  " "
Operator:  "#"
Punctuation:  "("
Text:  " "
Keyword:  "sign"
Text:  " "
Operator:  "="
Text:  " "
Literal.String.Single:  "'I'"
Text:  "  "
Keyword:  "option"
Text:  " "
Operator:  "="
Text:  " "
Literal.String.Single:  "'BT'"
Text:  " "
Punctuation:  "("
Text:  " "
Keyword:  "low"
Text:  " "
Operator:  "="
Text:  " "
Literal.Number.Integer:  "1"
Text:  "  "
Keyword:  "high"
Text:  " "
Operator:  "="
Text:  " "
Literal.Number.Integer:  "10"
Text:  " "
Punctuation:  ")"
Text:  "<newline>                                              "
Punctuation:  "("
Text:  " "
Keyword:  "low"
Text:  " "
Operator:  "="
Text:  " "
Literal.Number.Integer:  "21"
Text:  " "
Keyword:  "high"
Text:  " "
Operator:  "="
Text:  " "
Literal.Number.Integer:  "30"
Text:  " "
Punctuation:  ")"
Text:  "<newline>                                              "
Punctuation:  "("
Text:  " "
Keyword:  "low"
Text:  " "
Operator:  "="
Text:  " "
Literal.Number.Integer:  "41"
Text:  " "
Keyword:  "high"
Text:  " "
Operator:  "="
Text:  " "
Literal.Number.Integer:  "50"
Text:  " "
Punctuation:  ")"
Text:  "<newline>                                "
Keyword:  "option"
Text:  " "
Operator:  "="
Text:  " "
Literal.String.Single:  "'GE'"
Text:  " "
Punctuation:  "("
Text:  " "
Keyword:  "low"
Text:  " "
Operator:  "="
Text:  " "
Literal.Number.Integer:  "61"
Text:  " "
Punctuation:  ")"
Text:  "  "
Punctuation:  ")."
Text:  "<newline>  "
Keyword:  "IF"
Text:  " "
Literal.Number.Integer:  "7"
Text:  " "
Keyword:  "IN"
Text:  " "
Name:  "lr_int"
Punctuation:  "."
Text:  "<newline>    "
Comment.Single:  "\" found"
Text:  "<newline>  "
Keyword:  "ENDIF"
Punctuation:  "."
Text:  "<newline><newline>"
Keyword:  "ENDFUNCTION"
Punctuation:  "."
Text:  "<newline>"
