Comment.Preproc:  "#ifndef Version"
Text:  "<newline>    "
Comment.Preproc:  "#include \"Version.h\""
Text:  "<newline>"
Comment.Preproc:  "#endif"
Text:  "<newline><newline>"
Comment:  "; it shouldn't have any problem with apostrophes in comments"
Text:  "<newline>"
Comment:  "; or \"quotation marks\" or more ;s"
Text:  "<newline><newline>        "
Keyword:  "GET"
Literal.String.Other:  "     otherfile.s"
Text:  "<newline><newline>        "
Keyword:  "^"
Text:  "       "
Literal.Number.Integer:  "0"
Operator:  ","
Name.Variable:  "r12"
Text:  " "
Comment:  "; typical data structure layout"
Text:  "<newline>"
Name.Label:  "offset1"
Text:  " "
Keyword:  "#"
Text:  "       "
Literal.Number.Integer:  "4"
Text:  "<newline>        "
Keyword:  "#"
Text:  "       "
Literal.Number.Integer:  "4"
Text:  " "
Comment:  "; sometimes no label assigned"
Text:  "<newline>"
Name.Label:  "offset2"
Text:  " "
Keyword:  "#"
Text:  "       "
Literal.Number.Integer:  "0"
Text:  "<newline>"
Name.Label:  "size"
Text:  "    "
Keyword:  "*"
Text:  "       "
Operator:  ":INDEX:"
Name.Constant:  "@"
Text:  "<newline><newline> "
Keyword:  "IF"
Text:  " "
Operator:  "?"
Name.Variable:  "offset1"
Text:  " "
Operator:  "="
Text:  " "
Literal.Number.Integer:  "4"
Text:  "<newline>        "
Keyword:  "!"
Text:  " "
Literal.Number.Integer:  "1"
Operator:  ","
Text:  " "
Literal.String.Double:  "\"This is an assembly-time assert\""
Text:  "<newline> "
Keyword:  "ELIF"
Text:  " "
Operator:  "-"
Literal.Number.Integer:  "1"
Operator:  "<>:NOT:"
Literal.Number.Integer:  "0"
Text:  "<newline>        "
Keyword:  "!"
Text:  " "
Literal.Number.Integer:  "1"
Operator:  ","
Text:  " "
Literal.String.Double:  "\"This is another assert\""
Text:  "<newline> "
Keyword:  "ELSE"
Text:  "<newline>        "
Keyword:  "!"
Text:  " "
Literal.Number.Integer:  "0"
Operator:  ","
Text:  " "
Literal.String.Double:  "\"But this is a warning\""
Operator:  ","
Text:  " "
Literal.Number.Integer:  "1"
Text:  "<newline> "
Keyword:  "ENDIF"
Text:  "<newline><newline>"
Name.Label:  "my_r0"
Text:  "   "
Keyword:  "RN"
Text:  "      "
Literal.Number.Integer:  "0"
Text:  " "
Comment:  "; non-standard register name symbols"
Text:  "<newline><newline>"
Name.Label:  "sixteen"
Text:  " "
Keyword:  "*"
Text:  " "
Literal.Number.Integer:  "4"
Text:  " "
Operator:  "*"
Text:  " "
Literal.Number.Integer:  "4"
Text:  "<newline><newline>        "
Keyword:  "GBLS"
Text:  "    "
Name.Variable:  "VBar"
Text:  "<newline>"
Name.Label:  "VBar"
Text:  "    "
Keyword:  "SETS"
Text:  "    "
Literal.String.Double:  "\"|\""
Text:  "<newline><newline>        "
Keyword:  "MACRO"
Text:  "<newline>"
Name.Namespace:  "$label"
Text:  "  "
Name.Function:  "MyMacro"
Name.Namespace:  "$suffix"
Text:  " "
Name.Namespace:  "$arg1"
Text:  " "
Operator:  "="
Text:  " "
Name.Variable:  "default"
Operator:  ","
Text:  " "
Name.Namespace:  "$arg2"
Text:  "<newline>        "
Keyword:  "LCLS"
Text:  "    "
Name.Variable:  "thing"
Text:  "<newline> "
Keyword:  "["
Text:  " "
Literal.String.Double:  "\""
Name.Namespace:  "$arg2"
Literal.String.Double:  "\""
Operator:  "="
Literal.String.Double:  "\"\""
Text:  "<newline>"
Name.Label:  "thing"
Text:  "   "
Keyword:  "SETS"
Text:  "    "
Literal.String.Double:  "\"wibble ; this isn't a comment\""
Text:  "<newline> "
Keyword:  "|"
Text:  "<newline>"
Name.Label:  "thing"
Text:  "   "
Keyword:  "SETS"
Text:  "    "
Name.Namespace:  "$arg2"
Text:  "<newline> "
Keyword:  "]"
Text:  "<newline>        "
Keyword:  "LCLL"
Text:  "    "
Name.Variable:  "boolean"
Text:  "<newline>"
Name.Label:  "boolean"
Text:  " "
Keyword:  "SETL"
Text:  "    "
Name.Constant:  "{TRUE}"
Text:  "<newline>        "
Keyword:  "EXPORT"
Text:  "  "
Name.Namespace:  "$arg1"
Text:  "<newline>"
Name.Namespace:  "$arg1"
Text:  "<newline>"
Name.Namespace:  "$thing"
Text:  "  "
Name.Builtin:  "MOV"
Text:  "     "
Name.Variable:  "pc"
Operator:  ","
Text:  " "
Operator:  "#"
Literal.Number.Integer:  "0"
Text:  "<newline>        "
Keyword:  "MEND"
Text:  "<newline><newline>        <newline>        "
Keyword:  "ORG"
Text:  "     "
Literal.Number.Integer:  "0"
Text:  "<newline><newline>        "
Keyword:  "ARM"
Text:  "<newline><newline>        "
Keyword:  "AREA"
Text:  "    "
Name.Variable:  "|Area$$Name|"
Operator:  ","
Text:  " "
Name.Variable:  "CODE"
Operator:  ","
Text:  " "
Name.Variable:  "READONLY"
Text:  "<newline><newline>"
Name.Label:  "MyFunc"
Text:  "  "
Keyword:  "ROUT"
Text:  "<newline><newline>"
Name.Label:  "just_a_label"
Text:  "<newline>"
Name.Label:  "label_and"
Text:  " "
Comment:  "; comment"
Text:  "<newline>        "
Name.Builtin:  "LDR"
Text:  "     "
Name.Variable:  "my_r0"
Operator:  ","
Text:  " "
Operator:  "="
Name.Variable:  "just_a_statement"
Text:  "<newline>"
Name.Label:  "label"
Text:  "   "
Name.Builtin:  "AND"
Text:  "     "
Name.Variable:  "r0"
Operator:  ","
Text:  " "
Name.Variable:  "r1"
Operator:  ","
Text:  " "
Name.Variable:  "r2"
Text:  " "
Comment:  "; and a comment"
Text:  "<newline>        "
Name.Builtin:  "MOV"
Text:  "     "
Name.Variable:  "r0"
Operator:  ","
Text:  " "
Name.Variable:  "r1"
Operator:  ","
Text:  " "
Name.Variable:  "r2"
Operator:  ","
Text:  " "
Name.Builtin:  "LSL"
Text:  " "
Name.Variable:  "r3"
Text:  "<newline>        "
Name.Builtin:  "MOV.W"
Text:  "   "
Name.Variable:  "r0"
Operator:  ","
Text:  " "
Name.Variable:  "r1"
Operator:  ","
Text:  " "
Name.Variable:  "r2"
Operator:  ","
Text:  " "
Name.Builtin:  "ROR"
Text:  " "
Operator:  "#"
Literal.Number.Integer:  "1"
Text:  "<newline>        "
Name.Builtin:  "ADDS.N"
Text:  "  "
Name.Variable:  "r0"
Operator:  ","
Text:  " "
Name.Variable:  "r1"
Text:  "<newline>        "
Name.Builtin:  "IT"
Text:  "      "
Name.Builtin:  "MI"
Text:  "<newline>        "
Name.Builtin:  "MOVMI"
Text:  "   "
Name.Variable:  "r0"
Operator:  ","
Text:  " "
Name.Variable:  "r1"
Operator:  ","
Text:  " "
Name.Builtin:  "RRX"
Text:  "<newline>        "
Name.Builtin:  "UND"
Text:  "     "
Operator:  "#"
Literal.Number.Hex:  "0x10"
Operator:  "-"
Literal.Number.Hex:  "&10"
Text:  "<newline>        "
Name.Builtin:  "PUSH"
Text:  "    "
Operator:  "{"
Name.Variable:  "r0"
Operator:  ","
Name.Variable:  "r2"
Operator:  "-"
Name.Variable:  "r4"
Operator:  ","
Name.Variable:  "ip"
Operator:  ","
Name.Variable:  "lr"
Operator:  "}"
Text:  "<newline>        "
Name.Builtin:  "LDF"
Text:  "     "
Name.Variable:  "F0"
Operator:  ","
Text:  " "
Operator:  "="
Literal.Number.Integer:  "2"
Literal.Number.Float:  "5E-1"
Text:  "<newline>        "
Name.Builtin:  "VMOVEQ.F64"
Text:  " "
Name.Variable:  "d0"
Operator:  ","
Text:  " "
Operator:  "#-"
Literal.Number.Float:  ".7e1"
Text:  "<newline><newline>"
Name.Label:  "Symbols_may_contain_d161ts_and_underscores"
Text:  "<newline>"
Name.Label:  "but_must_start_with_a_letter"
Text:  "<newline>"
Name.Label:  "and_are_case_SenSitIve"
Text:  "<newline>"
Name.Label:  "01"
Text:  " "
Comment:  "; this, by contrast, is a local label"
Text:  "<newline><newline>        "
Name.Builtin:  "LDR"
Text:  "     "
Name.Variable:  "r0"
Operator:  ","
Text:  " "
Name.Variable:  "here"
Text:  "<newline>        "
Name.Builtin:  "B"
Text:  "       "
Literal.Number.Float:  "."
Operator:  "+"
Literal.Number.Integer:  "8"
Text:  "<newline>"
Name.Label:  "here"
Text:  "    "
Keyword:  "DATA"
Text:  "<newline>        "
Keyword:  "DCD"
Text:  "     "
Literal.Number.Integer:  "1"
Text:  "<newline>        "
Name.Builtin:  "BNE"
Text:  "     "
Name.Label:  "%BT01"
Text:  "<newline><newline>        "
Keyword:  "DCB"
Text:  " "
Literal.Number.Integer:  "1"
Operator:  ","
Literal.Number.Integer:  "2"
Operator:  ","
Literal.Number.Integer:  "3"
Operator:  ","
Literal.String.Char:  "'A'"
Operator:  ","
Literal.String.Char:  "';'"
Operator:  ","
Literal.String.Char:  "'\"'"
Text:  " "
Comment:  "; bytes"
Text:  "<newline>        "
Keyword:  "="
Text:  " "
Literal.String.Double:  "\"This is a string with embedded $$ dollar and \"\" double quote characters\""
Operator:  ","
Text:  " "
Literal.Number.Integer:  "0"
Text:  "<newline>        "
Keyword:  "="
Text:  " "
Literal.String.Double:  "\""
Name.Namespace:  "$VBar."
Literal.String.Double:  "not_part_of_variable_name\""
Operator:  ","
Text:  " "
Literal.Number.Integer:  "0"
Text:  "<newline>        "
Keyword:  "DCD"
Text:  "     "
Operator:  "-"
Literal.Number.Integer:  "1"
Text:  " "
Comment:  "; words"
Text:  "<newline>        "
Keyword:  "&"
Text:  "       "
Operator:  "-"
Literal.Number.Integer:  "2"
Operator:  ",:INDEX:"
Name.Variable:  "offset1"
Text:  " "
Comment:  "; more words"
Text:  "<newline>        "
Keyword:  "%"
Text:  "       "
Literal.Number.Integer:  "16"
Text:  "<newline>"
Name.Label:  "same_as"
Text:  " "
Keyword:  "SPACE"
Text:  "   "
Literal.Number.Integer:  "16"
Text:  "<newline>"
Name.Label:  "or"
Text:  "      "
Keyword:  "FILL"
Text:  "    "
Literal.Number.Integer:  "16"
Operator:  ","
Text:  " "
Literal.Number.Integer:  "0"
Text:  "<newline>        "
Keyword:  "INCBIN"
Literal.String.Other:  "  include.bin"
Text:  "<newline><newline>        "
Keyword:  "END"
Text:  "<newline>"
