Text:  "@echo "
Name.Attribute:  "off"
Text:  "<newline>"
Name.Builtin:  "setlocal"
Text:  " "
Name.Attribute:  "enableextensions"
Text:  " "
Name.Attribute:  "enabledelayedexpansion"
Text:  "<newline>"
Keyword.Declaration:  "set"
Text:  " "
Keyword.Declaration:  "result"
Operator:  "="
Literal.Number:  "10"
Text:  "<newline>"
Keyword.Declaration:  "set"
Text:  " "
Name.Attribute:  "/a "
Keyword.Declaration:  "result"
Text:  " "
Operator:  "+="
Literal.Number:  "1"
Text:  "<newline>"
Keyword.Declaration:  "set"
Text:  " "
Name.Attribute:  "/a "
Literal.String.Double:  "\"row+=1,moved=1\""
Text:  "<newline>"
Name.Builtin:  "echo"
Text:  " "
Keyword.Declaration:  "Hello"
Text:  " "
Operator:  ">"
Keyword.Reserved:  "nul"
Text:  "<newline>"
Name.Builtin:  "echo"
Text:  " "
Name.Variable:  "%windir%"
Text:  "<newline>"
Name.Builtin:  "echo"
Text:  " "
Name.Variable:  "!windir!"
Text:  "<newline>"
Name.Builtin:  "mode"
Text:  " "
Keyword.Reserved:  "con"
Text:  " "
Keyword.Declaration:  "cp"
Text:  " "
Name.Attribute:  "/status<newline>"
Keyword.Declaration:  "set"
Text:  " "
Name.Attribute:  "/a "
Keyword.Declaration:  "num"
Operator:  "="
Literal.Number.Hex:  "0xff"
Text:  "<newline>"
Keyword.Declaration:  "set"
Text:  " "
Name.Attribute:  "/p "
Literal.String.Double:  "\"=qwerty.\""
Text:  " "
Operator:  "<"
Text:  " "
Keyword.Reserved:  "nul"
Text:  "<newline>"
Name.Builtin:  "echo"
Text:  " "
Name.Variable.Magic:  "%~dp0"
Text:  "<newline>"
Comment:  "rem all okay"
Text:  "<newline>"
Comment:  "@rem \"sample\""
Text:  "<newline>"
Comment:  ":: this is an empty label"
Text:  "<newline>"
Name.Builtin:  "attrib.exe"
Text:  " "
Name.Attribute:  "+r "
Keyword.Declaration:  "file"
Text:  ".txt "
Literal.Number:  "2"
Operator:  ">"
Keyword.Reserved:  "nul"
Text:  "<newline>"
Keyword:  "for"
Text:  " "
Name.Attribute:  "/f "
Literal.String.Double:  "\"tokens=1\""
Text:  " "
Name.Variable.Magic:  "%%a"
Text:  " "
Keyword:  "in"
Text:  " "
Operator:  "("
Literal.String.Single:  "'echo hello "
Name.Variable:  "%username%"
Literal.String.Single:  " hi "
Literal.String.Escape:  "^'"
Literal.String.Single:  "'"
Operator:  ")"
Text:  " "
Keyword:  "do"
Text:  " "
Name.Builtin:  "echo"
Text:  " "
Name.Variable.Magic:  "%%~a"
Text:  "<newline>"
Keyword:  "for"
Text:  " "
Name.Attribute:  "/f "
Literal.String.Double:  "\"tokens=*\""
Text:  " "
Name.Variable.Magic:  "%%a"
Text:  " "
Keyword:  "in"
Text:  " "
Operator:  "("
Literal.String.Double:  "\"hello "
Name.Variable:  "!username!"
Literal.String.Double:  " hi \"\"\""
Operator:  ")"
Text:  " "
Keyword:  "do"
Text:  " "
Name.Builtin:  "echo"
Text:  " "
Name.Variable.Magic:  "%%~a"
Text:  "<newline>"
Keyword:  "for"
Text:  " "
Name.Attribute:  "/f "
Literal.String.Double:  "\"tokens=* usebackq\""
Text:  " "
Name.Variable.Magic:  "%%a"
Text:  " "
Keyword:  "in"
Text:  " "
Operator:  "("
Literal.String.Backtick:  "`echo hello "
Name.Variable:  "!username!"
Literal.String.Backtick:  "`"
Operator:  ")"
Text:  " "
Keyword:  "do"
Text:  " "
Operator:  "("
Text:  "<newline>"
Keyword:  "for"
Text:  " "
Name.Attribute:  "/f "
Name.Variable.Magic:  "%%b"
Text:  " "
Keyword:  "in"
Text:  " "
Operator:  "("
Literal.String.Double:  "\""
Name.Variable.Magic:  "%%~a"
Literal.String.Double:  "\""
Operator:  ")"
Text:  " "
Keyword:  "do"
Text:  " "
Name.Builtin:  "echo"
Text:  " "
Name.Variable.Magic:  "%%~b"
Text:  "<newline>"
Operator:  ")"
Text:  "<newline>"
Keyword:  "for"
Text:  " "
Name.Attribute:  "/f "
Literal.String.Double:  "\"usebackq\""
Text:  " "
Name.Variable.Magic:  "%%a"
Text:  " "
Keyword:  "in"
Text:  " "
Operator:  "("
Literal.String.Backtick:  "`echo world "
Literal.String.Escape:  "^`"
Literal.String.Backtick:  "`"
Operator:  ")"
Text:  " "
Keyword:  "do"
Text:  " "
Name.Builtin:  "echo"
Text:  " "
Name.Variable.Magic:  "%%~a"
Text:  "<newline>"
Keyword:  "for"
Text:  " "
Name.Attribute:  "/f "
Name.Variable.Magic:  "%%a"
Text:  " "
Keyword:  "in"
Text:  " "
Operator:  "("
Literal.String.Single:  "'echo hi'"
Operator:  ")"
Text:  " "
Keyword:  "do"
Text:  " "
Name.Builtin:  "echo"
Text:  " "
Name.Variable.Magic:  "%%~a"
Text:  "<newline>"
Keyword:  "call"
Text:  " "
Name.Label:  ":a"
Text:  " "
Operator:  "||"
Text:  " "
Keyword:  "goto"
Text:  " "
Name.Label:  ":bye"
Text:  "<newline>"
Keyword:  "if"
Text:  " "
Literal.Number:  "5"
Text:  " "
Operator.Word:  "equ"
Text:  " "
Literal.Number:  "5"
Text:  " "
Operator:  "("
Text:  "<newline>  "
Name.Builtin:  "echo"
Text:  " "
Keyword.Declaration:  "are"
Text:  " "
Keyword.Declaration:  "equal"
Text:  "<newline>  "
Keyword:  "if"
Text:  " "
Literal.String.Double:  "\"z\""
Operator:  "=="
Literal.String.Double:  "\"z\""
Text:  " "
Operator:  "("
Text:  "<newline>    "
Name.Builtin:  "echo"
Text:  " "
Literal.String.Double:  "\"zeta\""
Text:  "<newline>  "
Operator:  ")"
Text:  "<newline>"
Operator:  ")"
Text:  " "
Keyword:  "else"
Text:  " "
Operator:  "("
Text:  "<newline>  "
Name.Builtin:  "echo"
Text:  " "
Keyword.Declaration:  "are"
Text:  " "
Keyword.Declaration:  "different"
Text:  "<newline>"
Operator:  ")"
Text:  "<newline>"
Name.Label:  ":bye"
Text:  "<newline>"
Name.Builtin:  "echo"
Text:  " "
Literal.String.Escape:  "^H"
Keyword.Declaration:  "ello"
Text:  "<newline>"
Name.Builtin:  "echo"
Text:  " "
Keyword.Declaration:  "Bye"
Text:  "<newline>"
Keyword:  "goto"
Text:  " "
Name.Label:  ":eof"
Text:  "<newline>"
Name.Label:  ":a"
Text:  "<newline>"
Keyword.Declaration:  "streamlink"
Text:  " "
Name.Attribute:  "--http-header "
Literal.String.Double:  "\"User-Agent: test\""
Text:  " "
Literal.String.Double:  "\"https://example.com/master.m3u8\""
Text:  " "
Keyword.Declaration:  "best"
Text:  " "
Name.Attribute:  "-o "
Keyword.Declaration:  "output"
Text:  ".ts<newline>"
