Name.Tag:  "<\#@ "
Name.Attribute:  "template language="
Literal.String:  "\"C#\""
Text:  " "
Name.Tag:  "#>"
Text:  "<newline>"
Name.Tag:  "<\#@ "
Name.Attribute:  "import namespace="
Literal.String:  "\"System.Data\""
Text:  " "
Name.Tag:  "#>"
Text:  "<newline>"
Name.Tag:  "<Biml"
Text:  " "
Name.Attribute:  "xmlns="
Literal.String:  "\"http://schemas.varigence.com/biml.xsd\""
Name.Tag:  ">"
Text:  "<newline>    "
Name.Tag:  "<Connections>"
Text:  "<newline>        "
Comment:  "<!-- Creates a connection to the Adventure Works database -->"
Text:  "<newline>        "
Name.Tag:  "<Connection"
Text:  "<newline>            "
Name.Attribute:  "Name="
Literal.String:  "\"AdventureWorks\""
Text:  "<newline>            "
Name.Attribute:  "ConnectionString="
Literal.String:  "\"Provider=SQLNCLI10.1;Data Source=Localhost;Persist Security Info=False;Integrated Security=SSPI;Initial Catalog=AdventureWorksDW\""
Text:  " <newline>            "
Name.Tag:  "/>"
Text:  "<newline>    "
Name.Tag:  "</Connections>"
Text:  "<newline>    "
Comment:  "<!-- Packages Collection -->"
Text:  "<newline>    "
Name.Tag:  "<Packages>"
Text:  "<newline>        "
Comment:  "<!-- A Package -->"
Text:  "<newline>        "
Name.Tag:  "<Package"
Text:  "<newline>            "
Name.Attribute:  "Name="
Literal.String:  "\"MyFirstPackage\""
Text:  "<newline>            "
Name.Attribute:  "ConstraintMode="
Literal.String:  "\"Linear\""
Text:  "<newline>            "
Name.Tag:  ">"
Text:  "<newline>            "
Comment:  "<!-- A Package's Tasks -->"
Text:  "<newline>            "
Name.Tag:  "<Tasks>"
Text:  "<newline>                "
Name.Tag:  "<ExecuteSQL"
Text:  " "
Name.Attribute:  "Name="
Literal.String:  "\"ExecuteStoredProc\""
Text:  " "
Name.Attribute:  "ConnectionName="
Literal.String:  "\"AdventureWorks\""
Name.Tag:  ">"
Text:  "<newline>                    "
Name.Tag:  "<DirectInput>"
Text:  "EXEC usp_StoredProc"
Name.Tag:  "</DirectInput>"
Text:  "<newline>                "
Name.Tag:  "</ExecuteSQL>"
Text:  "<newline>                "
Name.Tag:  "<# "
Keyword:  "foreach"
Text:  " "
Punctuation:  "("
Keyword.Type:  "var"
Text:  " "
Name:  "table"
Text:  " "
Keyword:  "in"
Text:  " "
Name:  "RootNode"
Punctuation:  "."
Name:  "Tables"
Punctuation:  ")"
Text:  " "
Punctuation:  "{"
Name.Tag:  " #><newline>                    <Dataflow"
Text:  " "
Name.Attribute:  "Name="
Literal.String:  "\"Duplicate <#=table.Name#> Data\""
Name.Tag:  ">"
Text:  "<newline>                        "
Name.Tag:  "<Transformations>"
Text:  "<newline>                            "
Name.Tag:  "<OleDbSource"
Text:  " "
Name.Attribute:  "Name="
Literal.String:  "\"Retrieve Data\""
Text:  " "
Name.Attribute:  "ConnectionName="
Literal.String:  "\"AdventureWorks\""
Name.Tag:  ">"
Text:  "<newline>                                "
Name.Tag:  "<DirectInput>"
Text:  "SELECT * FROM "
Name.Tag:  "<#="
Name:  "table"
Punctuation:  "."
Name:  "Name"
Name.Tag:  "#></DirectInput>"
Text:  "<newline>                            "
Name.Tag:  "</OleDbSource>"
Text:  "<newline>                            "
Name.Tag:  "<OleDbDestination"
Text:  " "
Name.Attribute:  "Name="
Literal.String:  "\"Insert Data\""
Text:  " "
Name.Attribute:  "ConnectionName="
Literal.String:  "\"AdventureWorks\""
Name.Tag:  ">"
Text:  "<newline>                                "
Name.Tag:  "<ExternalTableOutput"
Text:  " "
Name.Attribute:  "Table="
Literal.String:  "\"<#=table.Name#>\""
Text:  " "
Name.Tag:  "/>"
Text:  "<newline>                            "
Name.Tag:  "</OleDbDestination>"
Text:  "<newline>                        "
Name.Tag:  "</Transformations>"
Text:  "<newline>                    "
Name.Tag:  "</Dataflow>"
Text:  "<newline>                "
Name.Tag:  "<# "
Punctuation:  "}"
Name.Tag:  " #><newline>            </Tasks>"
Text:  "<newline>        "
Name.Tag:  "</Package>"
Text:  "<newline>    "
Name.Tag:  "</Packages>"
Text:  "<newline>"
Name.Tag:  "</Biml>"
Text:  "<newline>"
