Comment:  ";"
Text:  "<newline>"
Comment:  "; CDDL HEADER START"
Text:  "<newline>"
Comment:  ";"
Text:  "<newline>"
Comment:  "; The contents of this file are subject to the terms of the"
Text:  "<newline>"
Comment:  "; Common Development and Distribution License (the \"Licence\")."
Text:  "<newline>"
Comment:  "; You may not use this file except in compliance with the Licence."
Text:  "<newline>"
Comment:  ";"
Text:  "<newline>"
Comment:  "; You can obtain a copy of the licence at"
Text:  "<newline>"
Comment:  "; cddl/RiscOS/Sources/HWSupport/SD/SDIODriver/LICENCE."
Text:  "<newline>"
Comment:  "; See the Licence for the specific language governing permissions"
Text:  "<newline>"
Comment:  "; and limitations under the Licence."
Text:  "<newline>"
Comment:  ";"
Text:  "<newline>"
Comment:  "; When distributing Covered Code, include this CDDL HEADER in each"
Text:  "<newline>"
Comment:  "; file and include the Licence file. If applicable, add the"
Text:  "<newline>"
Comment:  "; following below this CDDL HEADER, with the fields enclosed by"
Text:  "<newline>"
Comment:  "; brackets \"[]\" replaced with your own identifying information:"
Text:  "<newline>"
Comment:  "; Portions Copyright [yyyy] [name of copyright owner]"
Text:  "<newline>"
Comment:  ";"
Text:  "<newline>"
Comment:  "; CDDL HEADER END"
Text:  "<newline>"
Comment:  ";"
Text:  "<newline>"
Comment:  "; Copyright 2012 Ben Avison.  All rights reserved."
Text:  "<newline>"
Comment:  "; Portions Copyright 2013 Jeffrey Lee."
Text:  "<newline>"
Comment:  "; Use is subject to license terms."
Text:  "<newline>"
Comment:  ";"
Text:  "<newline><newline>"
Comment.Preproc:  "#include \"Global/Services.h\""
Text:  "<newline>"
Comment.Preproc:  "#ifndef Module_Date_CMHG"
Text:  "<newline>\t"
Comment.Preproc:  "#include \"VersionNum\""
Text:  "<newline>"
Comment.Preproc:  "#endif"
Text:  "<newline><newline>"
Keyword.Declaration:  "initialisation-code:"
Text:  "\t"
Name.Entity:  "module_initialise"
Text:  "<newline><newline>"
Keyword.Declaration:  "finalisation-code:"
Text:  "\t"
Name.Entity:  "module_finalise"
Text:  "<newline><newline>"
Comment:  "; Service_Hardware"
Text:  "<newline>"
Keyword.Declaration:  "service-call-handler:"
Text:  "\t"
Name.Entity:  "module_service"
Text:  " "
Name.Entity:  "Service_Hardware"
Punctuation:  ","
Text:  "<newline>\t\t\t\t       "
Name.Entity:  "Service_ModulePostInit"
Text:  "<newline><newline>"
Keyword.Declaration:  "title-string:"
Text:  "\t\t"
Name.Entity:  "SDIODriver"
Text:  "<newline><newline>"
Keyword.Declaration:  "help-string:"
Text:  "\t\t"
Name.Entity:  "SDIODriver"
Text:  " "
Name.Entity:  "Module_MajorVersion_CMHG"
Text:  " "
Name.Entity:  "Module_MinorVersion_CMHG"
Text:  "<newline><newline>"
Keyword.Declaration:  "command-keyword-table:"
Text:  "\t"
Name.Entity:  "module_command"
Text:  "<newline>\t\t\t"
Name.Entity:  "SDIODevices"
Punctuation:  "("
Keyword.Declaration:  "min-args:"
Literal.Number:  "0"
Punctuation:  ","
Text:  " "
Keyword.Declaration:  "max-args:"
Literal.Number:  "1"
Punctuation:  ","
Text:  " "
Keyword.Declaration:  "international:"
Punctuation:  ","
Text:  " "
Keyword.Declaration:  "invalid-syntax:"
Literal.String:  "\"SSDIDEV\""
Punctuation:  ","
Text:  " "
Keyword.Declaration:  "help-text:"
Literal.String:  "\"HSDIDEV\""
Punctuation:  "),"
Text:  "<newline>\t\t\t"
Name.Entity:  "SDIOSlots"
Punctuation:  "("
Keyword.Declaration:  "min-args:"
Literal.Number:  "0"
Punctuation:  ","
Text:  " "
Keyword.Declaration:  "max-args:"
Literal.Number:  "255"
Punctuation:  ","
Text:  " "
Keyword.Declaration:  "international:"
Punctuation:  ","
Text:  " "
Keyword.Declaration:  "invalid-syntax:"
Literal.String:  "\"SSDISLT\""
Punctuation:  ","
Text:  " "
Keyword.Declaration:  "help-text:"
Literal.String:  "\"HSDISLT\""
Punctuation:  ")"
Text:  "<newline><newline>"
Keyword.Declaration:  "swi-chunk-base-number:"
Text:  "\t"
Literal.Number.Hex:  "0x59000"
Text:  "<newline><newline>"
Keyword.Declaration:  "swi-handler-code:"
Text:  "\t"
Name.Entity:  "module_swi"
Text:  "<newline><newline>"
Keyword.Declaration:  "swi-decoding-table:"
Text:  "\t"
Name.Entity:  "SDIO"
Punctuation:  ","
Text:  " "
Name.Entity:  "Initialise"
Punctuation:  ","
Text:  " "
Name.Entity:  "Control"
Punctuation:  ","
Text:  " "
Name.Entity:  "Enumerate"
Punctuation:  ","
Text:  " "
Name.Entity:  "ControllerFeatures"
Punctuation:  ","
Text:  " "
Name.Entity:  "ReadRegister"
Punctuation:  ","
Text:  " "
Name.Entity:  "Op"
Punctuation:  ","
Text:  " "
Name.Entity:  "ClaimDeviceVector"
Punctuation:  ","
Text:  " "
Name.Entity:  "ReleaseDeviceVector"
Text:  "<newline><newline>"
Keyword.Declaration:  "international-help-file:"
Literal.String:  "\"Resources:$.Resources.SDIODriver.Messages\""
Text:  "<newline><newline>"
Keyword.Declaration:  "date-string:"
Text:  "\t\t"
Name.Entity:  "Module_Date_CMHG"
Text:  "<newline><newline>"
Keyword.Declaration:  "generic-veneers:"
Text:  "\t"
Name.Entity:  "module_irq_veneer"
Punctuation:  "/"
Name.Entity:  "module_irq_handler"
Punctuation:  ","
Text:  "<newline>\t\t\t"
Name.Entity:  "module_card_insertion_veneer"
Punctuation:  "/"
Name.Entity:  "module_card_insertion_handler"
Text:  "<newline><newline>"
Keyword.Declaration:  "vector-handlers:"
Text:  "\t"
Name.Entity:  "module_tickerv_veneer"
Punctuation:  "/"
Name.Entity:  "module_tickerv_handler"
Text:  "<newline>"
