Name.Attribute:  "timezone"
Punctuation.Indicator:  ":"
Text:  " "
Literal.String:  "UTC"
Text:  "<newline><newline>"
Name.Attribute:  "+emr_cluster"
Punctuation.Indicator:  ":"
Text:  "<newline>  "
Keyword.Reserved:  "emr>"
Punctuation.Indicator:  ":"
Text:  "<newline>  "
Name.Attribute:  "cluster"
Punctuation.Indicator:  ":"
Text:  "<newline>    "
Name.Attribute:  "name"
Punctuation.Indicator:  ":"
Text:  " "
Literal.String:  "my-emr-cluster"
Text:  "<newline>    "
Name.Attribute:  "ec2"
Punctuation.Indicator:  ":"
Text:  "<newline>      "
Name.Attribute:  "key"
Punctuation.Indicator:  ":"
Text:  " "
Literal.String:  "my-ec2-key"
Text:  "<newline>      "
Name.Attribute:  "master_type"
Punctuation.Indicator:  ":"
Text:  " "
Literal.String:  "m3.2xlarge"
Text:  "<newline>      "
Name.Attribute:  "instances"
Punctuation.Indicator:  ":"
Text:  "<newline>        "
Name.Attribute:  "type"
Punctuation.Indicator:  ":"
Text:  " "
Literal.String:  "m3.xlarge"
Text:  "<newline>        "
Name.Attribute:  "count"
Punctuation.Indicator:  ":"
Text:  " "
Literal.Number:  "3"
Text:  "<newline>    "
Name.Attribute:  "applications"
Punctuation.Indicator:  ":"
Text:  "<newline>      "
Punctuation.Indicator:  "-"
Text:  " "
Literal.String:  "spark"
Text:  "<newline>      "
Punctuation.Indicator:  "-"
Text:  " "
Literal.String:  "hive"
Text:  "<newline>      "
Punctuation.Indicator:  "-"
Text:  " "
Literal.String:  "hue"
Text:  "<newline>    "
Name.Attribute:  "bootstrap"
Punctuation.Indicator:  ":"
Text:  "<newline>      "
Punctuation.Indicator:  "-"
Text:  " "
Literal.String:  "..."
Text:  "<newline>      "
Punctuation.Indicator:  "-"
Text:  " "
Literal.String:  "..."
Text:  "<newline>    "
Name.Attribute:  "tags"
Punctuation.Indicator:  ":"
Text:  "<newline>      "
Name.Attribute:  "foo"
Punctuation.Indicator:  ":"
Text:  " "
Literal.String:  "bar"
Text:  "<newline>  "
Name.Attribute:  "steps"
Punctuation.Indicator:  ":"
Text:  "<newline>    "
Punctuation.Indicator:  "-"
Text:  " "
Name.Attribute:  "type"
Punctuation.Indicator:  ":"
Text:  " "
Literal.String:  "spark"
Text:  "<newline>      "
Name.Attribute:  "application"
Punctuation.Indicator:  ":"
Text:  " "
Literal.String:  "jars/foobar.jar"
Text:  "<newline>      "
Name.Attribute:  "args"
Punctuation.Indicator:  ":"
Text:  " "
Punctuation.Indicator:  "["
Name.Variable:  "foo"
Punctuation.Indicator:  ","
Text:  " "
Name.Variable:  "the"
Punctuation.Indicator:  ","
Text:  " "
Name.Variable:  "bar"
Punctuation.Indicator:  "]"
Text:  "<newline>      "
Name.Attribute:  "jars"
Punctuation.Indicator:  ":"
Text:  " "
Literal.String:  "lib/libfoo.jar"
Text:  "<newline>    "
Punctuation.Indicator:  "-"
Text:  " "
Name.Attribute:  "type"
Punctuation.Indicator:  ":"
Text:  " "
Literal.String:  "spark"
Text:  "<newline>      "
Name.Attribute:  "application"
Punctuation.Indicator:  ":"
Text:  " "
Literal.String:  "scripts/spark-test.py"
Text:  "<newline>      "
Name.Attribute:  "args"
Punctuation.Indicator:  ":"
Text:  " "
Punctuation.Indicator:  "["
Name.Variable:  "foo"
Punctuation.Indicator:  ","
Text:  " "
Name.Variable:  "the"
Punctuation.Indicator:  ","
Text:  " "
Name.Variable:  "bar"
Punctuation.Indicator:  "]"
Text:  "<newline>    "
Punctuation.Indicator:  "-"
Text:  " "
Name.Attribute:  "type"
Punctuation.Indicator:  ":"
Text:  " "
Literal.String:  "spark-sql"
Text:  "<newline>      "
Name.Attribute:  "query"
Punctuation.Indicator:  ":"
Text:  " "
Literal.String:  "queries/spark-query.sql"
Text:  "<newline>      "
Name.Attribute:  "result"
Punctuation.Indicator:  ":"
Text:  " "
Literal.String:  "s3://my-bucket/results/${session_uuid}/"
Text:  "<newline>    "
Punctuation.Indicator:  "-"
Text:  " "
Name.Attribute:  "type"
Punctuation.Indicator:  ":"
Text:  " "
Literal.String:  "hive"
Text:  "<newline>      "
Name.Attribute:  "script"
Punctuation.Indicator:  ":"
Text:  " "
Literal.String:  "hive/test.q"
Text:  "<newline>      "
Name.Attribute:  "vars"
Punctuation.Indicator:  ":"
Text:  "<newline>        "
Name.Attribute:  "INPUT"
Punctuation.Indicator:  ":"
Text:  " "
Literal.String:  "s3://my-bucket/hive-input/"
Text:  "<newline>        "
Name.Attribute:  "OUTPUT"
Punctuation.Indicator:  ":"
Text:  " "
Literal.String:  "s3://my-bucket/hive-output/"
Text:  "<newline>      "
Name.Attribute:  "hiveconf"
Punctuation.Indicator:  ":"
Text:  "<newline>        "
Name.Attribute:  "hive.support.sql11.reserved.keywords"
Punctuation.Indicator:  ":"
Text:  " "
Keyword.Constant:  "false"
Text:  "<newline>    "
Punctuation.Indicator:  "-"
Text:  " "
Name.Attribute:  "type"
Punctuation.Indicator:  ":"
Text:  " "
Literal.String:  "command"
Text:  "<newline>      "
Name.Attribute:  "command"
Punctuation.Indicator:  ":"
Text:  " "
Punctuation.Indicator:  "["
Name.Variable:  "echo"
Punctuation.Indicator:  ","
Text:  " "
Name.Variable:  "hello"
Punctuation.Indicator:  ","
Text:  " "
Name.Variable:  "world"
Punctuation.Indicator:  "]"
Text:  "<newline>    "
Punctuation.Indicator:  "-"
Text:  " "
Name.Attribute:  "type"
Punctuation.Indicator:  ":"
Text:  " "
Literal.String:  "command"
Text:  "<newline>      "
Name.Attribute:  "command"
Punctuation.Indicator:  ":"
Text:  " "
Punctuation.Indicator:  "["
Name.Variable:  "echo"
Punctuation.Indicator:  ","
Text:  " "
Name.Variable:  "hello"
Punctuation.Indicator:  ","
Text:  " "
Name.Variable:  "world"
Punctuation.Indicator:  "]"
Text:  "<newline><newline>"
Name.Attribute:  "+emr_steps"
Punctuation.Indicator:  ":"
Text:  "<newline>  "
Keyword.Reserved:  "emr>"
Punctuation.Indicator:  ":"
Text:  "<newline>  "
Name.Attribute:  "cluster"
Punctuation.Indicator:  ":"
Text:  " "
Literal.String:  "${emr.last_cluster_id}"
Text:  "<newline>  "
Name.Attribute:  "steps"
Punctuation.Indicator:  ":"
Text:  "<newline>    "
Punctuation.Indicator:  "-"
Text:  " "
Name.Attribute:  "type"
Punctuation.Indicator:  ":"
Text:  " "
Literal.String:  "spark"
Text:  "<newline>      "
Name.Attribute:  "application"
Punctuation.Indicator:  ":"
Text:  " "
Literal.String:  "jars/foobar.jar"
Text:  "<newline>      "
Name.Attribute:  "args"
Punctuation.Indicator:  ":"
Text:  " "
Punctuation.Indicator:  "["
Name.Variable:  "foo"
Punctuation.Indicator:  ","
Text:  " "
Name.Variable:  "the"
Punctuation.Indicator:  ","
Text:  " "
Name.Variable:  "bar"
Punctuation.Indicator:  "]"
Text:  "<newline>    "
Punctuation.Indicator:  "-"
Text:  " "
Name.Attribute:  "type"
Punctuation.Indicator:  ":"
Text:  " "
Literal.String:  "spark"
Text:  "<newline>      "
Name.Attribute:  "application"
Punctuation.Indicator:  ":"
Text:  " "
Literal.String:  "scripts/spark-test.py"
Text:  "<newline>      "
Name.Attribute:  "args"
Punctuation.Indicator:  ":"
Text:  " "
Punctuation.Indicator:  "["
Name.Variable:  "foo"
Punctuation.Indicator:  ","
Text:  " "
Name.Variable:  "the"
Punctuation.Indicator:  ","
Text:  " "
Name.Variable:  "bar"
Punctuation.Indicator:  "]"
Text:  "<newline>    "
Punctuation.Indicator:  "-"
Text:  " "
Name.Attribute:  "type"
Punctuation.Indicator:  ":"
Text:  " "
Literal.String:  "spark-sql"
Text:  "<newline>      "
Name.Attribute:  "query"
Punctuation.Indicator:  ":"
Text:  " "
Literal.String:  "queries/spark-query.sql"
Text:  "<newline>      "
Name.Attribute:  "result"
Punctuation.Indicator:  ":"
Text:  " "
Literal.String:  "s3://my-bucket/results/${session_uuid}/"
Text:  "<newline>    "
Punctuation.Indicator:  "-"
Text:  " "
Name.Attribute:  "type"
Punctuation.Indicator:  ":"
Text:  " "
Literal.String:  "command"
Text:  "<newline>      "
Name.Attribute:  "command"
Punctuation.Indicator:  ":"
Text:  " "
Literal.String:  "echo"
Text:  "<newline>      "
Name.Attribute:  "args"
Punctuation.Indicator:  ":"
Text:  " "
Punctuation.Indicator:  "["
Name.Variable:  "hello"
Punctuation.Indicator:  ","
Text:  " "
Name.Variable:  "world"
Punctuation.Indicator:  "]"
Text:  "<newline>    "
Punctuation.Indicator:  "-"
Text:  " "
Name.Attribute:  "type"
Punctuation.Indicator:  ":"
Text:  " "
Literal.String:  "script"
Text:  "<newline>      "
Name.Attribute:  "command"
Punctuation.Indicator:  ":"
Text:  " "
Literal.String:  "scripts/hello.sh"
Text:  "<newline>      "
Name.Attribute:  "args"
Punctuation.Indicator:  ":"
Text:  " "
Punctuation.Indicator:  "["
Name.Variable:  "foo"
Punctuation.Indicator:  ","
Text:  " "
Name.Variable:  "bar"
Punctuation.Indicator:  "]"
Text:  "<newline>"
