Name.Tag:  "<h3>"
Text:  "List"
Name.Tag:  "</h3>"
Text:  "<newline>"
Comment.Preproc:  "<%="
Text:  " "
Keyword:  "if"
Text:  " "
Name.Constant:  "Enum"
Operator:  "."
Name:  "empty?"
Punctuation:  "("
Name.Variable:  "@list"
Punctuation:  ")"
Text:  " "
Keyword:  "do"
Text:  " "
Comment.Preproc:  "%>"
Text:  "<newline>"
Name.Tag:  "<p>"
Text:  "not found."
Name.Tag:  "</p>"
Text:  "<newline>"
Comment.Preproc:  "<%"
Text:  " "
Keyword:  "else"
Text:  " "
Comment.Preproc:  "%>"
Text:  "<newline>"
Name.Tag:  "<table>"
Text:  "<newline>  "
Name.Tag:  "<tbody>"
Text:  "<newline>    "
Comment.Preproc:  "<%="
Text:  " "
Name:  "for"
Text:  " "
Punctuation:  "{"
Name:  "item"
Punctuation:  ","
Text:  " "
Name:  "i"
Punctuation:  "}"
Text:  " "
Operator:  "<-"
Text:  " "
Name.Constant:  "Enum"
Operator:  "."
Name:  "with_index"
Punctuation:  "("
Name:  "list"
Punctuation:  ")"
Text:  " "
Keyword:  "do"
Text:  " "
Comment.Preproc:  "%>"
Text:  "<newline>    "
Name.Tag:  "<tr"
Text:  " "
Name.Attribute:  "bgcolor="
Literal.String:  "\""
Comment.Preproc:  "<%="
Text:  " "
Keyword:  "if"
Text:  " "
Name.Constant:  "Integer"
Operator:  "."
Name:  "mod"
Punctuation:  "("
Name:  "i"
Punctuation:  ","
Text:  " "
Literal.Number.Integer:  "2"
Punctuation:  ")"
Text:  " "
Operator:  "=="
Text:  " "
Literal.Number.Integer:  "0"
Punctuation:  ","
Text:  " "
Keyword:  "do"
Punctuation:  ":"
Text:  " "
Literal.String.Double:  "\"#FFCCCC\""
Punctuation:  ","
Text:  " "
Keyword:  "else"
Punctuation:  ":"
Text:  " "
Literal.String.Double:  "\"#CCCCFF\""
Text:  " "
Comment.Preproc:  "%>"
Literal.String:  "\""
Name.Tag:  ">"
Text:  "<newline>      "
Name.Tag:  "<td>"
Comment.Preproc:  "<%="
Text:  " "
Name:  "item"
Text:  " "
Comment.Preproc:  "%>"
Name.Tag:  "</td>"
Text:  "<newline>    "
Name.Tag:  "</tr>"
Text:  "<newline>    "
Comment.Preproc:  "<%"
Text:  " "
Keyword:  "end"
Text:  " "
Comment.Preproc:  "%>"
Text:  "<newline>  "
Name.Tag:  "</tbody>"
Text:  "<newline>"
Name.Tag:  "</table>"
Text:  "<newline>"
Comment.Preproc:  "<%"
Text:  " "
Keyword:  "end"
Text:  " "
Comment.Preproc:  "%>"
Text:  "<newline><newline>"
Comment:  "<%# comment %>"
Text:  "<newline><newline>"
Comment.Preproc:  "<%"
Text:  " "
Name:  "header_tag"
Text:  " "
Operator:  "="
Text:  " "
Literal.String.Single:  "'h1'"
Text:  " "
Comment.Preproc:  "%>"
Text:  "<newline><newline>"
Name.Tag:  "<"
Comment.Preproc:  "<%="
Text:  " "
Name:  "header_tag"
Text:  " "
Comment.Preproc:  "%>"
Name.Tag:  ">"
Text:  "<newline>  it's a header!<newline>"
Name.Tag:  "</"
Comment.Preproc:  "<%="
Text:  " "
Name:  "header_tag"
Text:  " "
Comment.Preproc:  "%>"
Name.Tag:  ">"
Text:  "<newline><newline>"
Comment:  "<%#<newline>  two line<newline>  comment<newline>%>"
Text:  "<newline><newline>"
Name.Tag:  "<script>"
Text:  "<newline>  "
Keyword.Declaration:  "var"
Text:  " "
Name.Other:  "foo"
Text:  " "
Operator:  "="
Text:  " "
Literal.Number.Integer:  "1"
Punctuation:  ";"
Text:  "<newline>  "
Keyword.Declaration:  "var"
Text:  " "
Name.Other:  "bar"
Text:  " "
Operator:  "="
Text:  " "
Comment.Preproc:  "<%="
Text:  " "
Name:  "bar"
Text:  " "
Comment.Preproc:  "%>"
Punctuation:  ";"
Text:  "<newline>  "
Keyword.Declaration:  "var"
Text:  " "
Name.Other:  "baz"
Text:  " "
Operator:  "="
Text:  " "
Punctuation:  "{"
Text:  "<newline>    "
Name.Attribute:  "a"
Punctuation:  ":"
Text:  " "
Literal.Number.Integer:  "1"
Punctuation:  ","
Text:  "<newline>    "
Name.Attribute:  "b"
Punctuation:  ":"
Text:  " "
Literal.Number.Integer:  "2"
Text:  "<newline>  "
Punctuation:  "};"
Text:  "<newline>"
Name.Tag:  "</script>"
Text:  "<newline>"
Name.Tag:  "<style>"
Text:  "<newline>"
Name.Class:  ".foo"
Text:  " "
Punctuation:  "{"
Text:  "<newline>  "
Name.Label:  "line-height"
Punctuation:  ":"
Text:  " "
Comment.Preproc:  "<%="
Text:  " "
Name.Variable:  "@line_height"
Text:  " "
Comment.Preproc:  "%>"
Text:  "<newline>"
Punctuation:  "}"
Text:  "<newline>"
Name.Tag:  "</style>"
Text:  "<newline>"
Name.Tag:  "<p>"
Text:  "<newline>  Some another text<newline>"
Name.Tag:  "</p>"
Text:  "<newline>thumbsup 0<newline>"
