Name.Tag:  "From"
Operator:  ":"
Name.Attribute:  " Me <me@example.com>"
Text:  "<newline>"
Name.Tag:  "To"
Operator:  ":"
Name.Attribute:  " You <you@example.com>"
Text:  "<newline>"
Name.Tag:  "Cc"
Operator:  ":"
Name.Attribute:  " Somebody <somebody@example.com>,<newline> And One More <andonemore@example.com>"
Text:  "<newline>"
Name.Tag:  "Bcc"
Operator:  ":"
Name.Attribute:  " Secret Person <secretperson@email.com>"
Text:  "<newline>"
Name.Tag:  "X-Spam-Status"
Operator:  ":"
Name.Attribute:  " Definitely not spam"
Text:  "<newline>"
Name.Tag:  "Date"
Operator:  ":"
Name.Attribute:  " Tue, 21 Jul 2020 15:14:03 +0000"
Text:  "<newline>"
Name.Tag:  "Subject"
Operator:  ":"
Name.Attribute:  " RE: A very important message<newline> that continues onto the next line."
Text:  "<newline><newline>Greetings and salutations.<newline><newline>"
Comment:  ">> A second-level quotation."
Text:  "<newline>"
Comment:  ">"
Text:  "<newline>"
Comment:  "> Please investigate.  Thank you."
Text:  "<newline><newline>I have investigated.<newline><newline>Note: A space-stuffed line starting with > is not a quote.<newline> > like this.<newline><newline>--<newline>This message is highly confidential and will self-destruct.<newline>"
