Comment:  "-# standard.haml<newline>"
Name.Namespace:  "!!!<newline>"
Name.Tag:  "%html"
Punctuation:  "{"
Literal.String.Symbol:  ":xmlns"
Text:  " "
Operator:  "=>"
Text:  " "
Literal.String.Double:  "\"http://www.w3.org/1999/xhtml\""
Punctuation:  ","
Text:  " "
Literal.String.Double:  "\"xml:lang\""
Text:  " "
Operator:  "=>"
Text:  " "
Literal.String.Double:  "\"en-US\""
Punctuation:  ","
Text:  " "
Literal.String.Double:  "\"lang\""
Text:  " "
Operator:  "=>"
Text:  " "
Literal.String.Double:  "\"en-US\""
Punctuation:  "}"
Text:  "<newline>  "
Name.Tag:  "%head"
Text:  "<newline>    "
Name.Tag:  "%title"
Text:  " Hampton Catlin Is Totally Awesome<newline>    "
Name.Tag:  "%meta"
Punctuation:  "{"
Literal.String.Double:  "\"http-equiv\""
Text:  " "
Operator:  "=>"
Text:  " "
Literal.String.Double:  "\"Content-Type\""
Punctuation:  ","
Text:  " "
Literal.String.Symbol:  ":content"
Text:  " "
Operator:  "=>"
Text:  " "
Literal.String.Double:  "\"text/html; charset=utf-8\""
Punctuation:  "}"
Text:  "<newline>  "
Name.Tag:  "%body"
Text:  "<newline>    "
Comment:  "/ You're In my house now!<newline>"
Text:  "    "
Name.Class:  ".header"
Text:  "<newline>      Yes, ladies and gentileman. He is just that egotistical.<newline>      Fantastic! This should be multi-line output<newline>      With "
Name.Tag:  "<b"
Text:  " "
Name.Attribute:  "id="
Literal.String:  "\"awesome\""
Name.Tag:  ">"
Text:  "HTML in it!"
Name.Tag:  "</b>"
Text:  "<newline>      "
Punctuation:  "="
Text:  " "
Literal.Number.Integer:  "1"
Text:  " "
Operator:  "+"
Text:  " "
Literal.Number.Integer:  "9"
Text:  " "
Operator:  "+"
Text:  " "
Literal.Number.Integer:  "8"
Text:  " "
Operator:  "+"
Text:  " "
Literal.Number.Integer:  "2"
Text:  " "
Comment.Single:  "#numbers should work and this should be ignored"
Text:  "<newline>    "
Name.Function:  "#body"
Punctuation:  "="
Text:  " "
Literal.String.Double:  "\" Quotes should be loved! Just like people!\""
Text:  "<newline>    "
Punctuation:  "-"
Text:  " "
Literal.Number.Integer:  "120"
Punctuation:  "."
Name.Function:  "times"
Text:  " "
Keyword:  "do"
Text:  " "
Operator:  "|"
Name:  "number"
Operator:  "|"
Text:  "<newline>      "
Punctuation:  "="
Text:  " "
Name:  "number"
Text:  "<newline>    Wow.|<newline>    "
Name.Tag:  "%p"
Punctuation:  "{"
Literal.String.Symbol:  ":code"
Text:  " "
Operator:  "=>"
Text:  " "
Literal.Number.Integer:  "1"
Text:  " "
Operator:  "+"
Text:  " "
Literal.Number.Integer:  "2"
Punctuation:  "}"
Text:  "<newline>      "
Punctuation:  "="
Text:  " "
Literal.String.Double:  "\"Holy cow        \""
Text:  " "
Operator:  "+"
Literal.String.Escape:  " |<newline>"
Text:  "        "
Literal.String.Double:  "\"multiline       \""
Text:  " "
Operator:  "+"
Literal.String.Escape:  " |      <newline>"
Text:  "        "
Literal.String.Double:  "\"tags!           \""
Text:  " "
Operator:  "+"
Literal.String.Escape:  " |<newline>"
Text:  "        "
Literal.String.Double:  "\"A pipe (|) even!\""
Text:  "  "
Literal.String.Escape:  " |<newline>"
Text:  "      "
Operator:  "="
Text:  " "
Punctuation:  "["
Literal.Number.Integer:  "1"
Punctuation:  ","
Text:  " "
Literal.Number.Integer:  "2"
Punctuation:  ","
Text:  " "
Literal.Number.Integer:  "3"
Punctuation:  "]."
Name.Function:  "collect"
Text:  " "
Punctuation:  "{"
Text:  " "
Operator:  "|"
Name:  "n"
Operator:  "|"
Text:  " "
Literal.String.Double:  "\"PipesIgnored|\""
Text:  " "
Punctuation:  "}."
Name.Function:  "join"
Text:  "<newline>      "
Punctuation:  "="
Text:  " "
Punctuation:  "["
Literal.Number.Integer:  "1"
Punctuation:  ","
Text:  " "
Literal.Number.Integer:  "2"
Punctuation:  ","
Text:  " "
Literal.Number.Integer:  "3"
Punctuation:  "]."
Name.Function:  "collect"
Text:  " "
Punctuation:  "{"
Text:  " "
Operator:  "|"
Name:  "n"
Operator:  "|"
Text:  "    "
Literal.String.Escape:  " |<newline>"
Text:  "          "
Name:  "n"
Punctuation:  "."
Name.Function:  "to_s"
Text:  "                   "
Literal.String.Escape:  " |<newline>"
Text:  "        "
Punctuation:  "}."
Name.Function:  "join"
Punctuation:  "("
Literal.String.Double:  "\"|\""
Punctuation:  ")"
Text:  "                "
Literal.String.Escape:  " |<newline>"
Text:  "    "
Operator:  "-"
Text:  " "
Name:  "bar"
Text:  " "
Operator:  "="
Text:  " "
Literal.Number.Integer:  "17"
Text:  "<newline>    "
Name.Tag:  "%div"
Name.Class:  ".silent"
Punctuation:  "{"
Literal.String.Symbol:  ":foo"
Text:  " "
Operator:  "=>"
Text:  " "
Name:  "bar"
Punctuation:  "}"
Text:  "<newline>      "
Punctuation:  "-"
Text:  " "
Name:  "foo"
Text:  " "
Operator:  "="
Text:  " "
Name.Constant:  "String"
Punctuation:  "."
Name.Function:  "new"
Text:  "<newline>      "
Punctuation:  "-"
Text:  " "
Name:  "foo"
Text:  " "
Operator:  "<<"
Text:  " "
Literal.String.Double:  "\"this\""
Text:  "<newline>      "
Punctuation:  "-"
Text:  " "
Name:  "foo"
Text:  " "
Operator:  "<<"
Text:  " "
Literal.String.Double:  "\" shouldn't\""
Text:  "<newline>      "
Punctuation:  "-"
Text:  " "
Name:  "foo"
Text:  " "
Operator:  "<<"
Text:  " "
Literal.String.Double:  "\" evaluate\""
Text:  "<newline>      "
Punctuation:  "="
Text:  " "
Name:  "foo"
Text:  " "
Operator:  "+"
Text:  " "
Literal.String.Double:  "\" but now it should!\""
Text:  "<newline>      "
Comment:  "-# Woah crap a comment!<newline>"
Text:  "<newline>    "
Comment:  "-# That was a line that shouldn't close everything.<newline>"
Text:  "    "
Name.Tag:  "%ul"
Name.Class:  ".really.cool"
Text:  "<newline>      "
Punctuation:  "-"
Text:  " "
Punctuation:  "("
Literal.String.Single:  "'a'"
Operator:  ".."
Literal.String.Single:  "'f'"
Punctuation:  ")."
Name.Function:  "each"
Text:  " "
Keyword:  "do"
Text:  " "
Operator:  "|"
Name:  "a"
Operator:  "|"
Text:  "<newline>        "
Name.Tag:  "%li"
Punctuation:  "="
Text:  " "
Name:  "a"
Text:  "<newline>    "
Name.Function:  "#combo"
Name.Class:  ".of_divs_with_underscore"
Punctuation:  "="
Text:  " "
Name.Variable.Instance:  "@should_eval"
Text:  " "
Operator:  "="
Text:  " "
Literal.String.Double:  "\"with this text\""
Text:  "<newline>    "
Punctuation:  "="
Text:  " "
Literal.String.Double:  "\"foo\""
Punctuation:  "."
Name.Function:  "each_line"
Text:  " "
Keyword:  "do"
Text:  " "
Operator:  "|"
Name:  "line"
Operator:  "|"
Text:  "<newline>      "
Punctuation:  "-"
Text:  " "
Keyword.Pseudo:  "nil"
Text:  "<newline><newline>"
Name.Class:  ".some_class"
Punctuation:  "{"
Text:  " "
Literal.String.Symbol:  "class: "
Literal.String.Double:  "\"thing\#{other_thing}\""
Text:  " "
Punctuation:  "}"
Text:  "<newline>  "
Punctuation:  "="
Text:  " "
Name:  "some_method"
Text:  " "
Literal.String.Double:  "\"#"
Literal.String.Interpol:  "\#{"
Name.Builtin:  "hash"
Punctuation:  "."
Name.Function:  "prop"
Literal.String.Interpol:  "}"
Literal.String.Double:  "\""
Text:  "<newline><newline>"
Comment:  "-# tag_parsing.haml<newline>"
Name.Tag:  "%div"
Name.Class:  ".tags"
Text:  "<newline>  "
Name.Tag:  "%foo"
Text:  " 1<newline>  "
Name.Tag:  "%FOO"
Text:  " 2<newline>  "
Name.Tag:  "%fooBAR"
Text:  " 3<newline>  "
Name.Tag:  "%fooBar"
Text:  " 4<newline>  "
Name.Tag:  "%foo_bar"
Text:  " 5<newline>  "
Name.Tag:  "%foo-bar"
Text:  " 6<newline>  "
Name.Tag:  "%foo:bar"
Text:  " 7<newline>  "
Name.Tag:  "%foo"
Name.Class:  ".bar"
Text:  " 8<newline>  "
Name.Tag:  "%fooBAr_baz:boom_bar"
Text:  " 9<newline>  "
Name.Tag:  "%foo13"
Text:  " "
Literal.String.Interpol:  "\#{"
Name:  "quuz"
Text:  " "
Punctuation:  "{"
Text:  " "
Name:  "zot"
Text:  " "
Punctuation:  "}."
Name.Function:  "map"
Punctuation:  "("
Operator:  "&"
Literal.String.Symbol:  ":zombo"
Punctuation:  ")"
Literal.String.Interpol:  "}"
Text:  "<newline>  "
Name.Tag:  "%foo2u"
Text:  " 11<newline>"
Name.Tag:  "%div"
Name.Class:  ".classes"
Text:  "<newline>  "
Name.Tag:  "%p"
Name.Class:  ".foo.bar"
Name.Function:  "#baz#boom"
Text:  "<newline>  "
Name.Class:  ".fooBar"
Text:  " a<newline>  "
Name.Class:  ".foo-bar"
Text:  " b<newline>  "
Name.Class:  ".foo_bar"
Text:  " c<newline>  "
Name.Class:  ".FOOBAR"
Text:  " d<newline>  "
Name.Class:  ".foo16"
Text:  " e<newline>  "
Name.Class:  ".123"
Text:  " f<newline>  "
Name.Class:  ".foo2u"
Text:  " g<newline><newline>"
Comment:  "-# filters<newline>"
Name.Tag:  "%pre"
Text:  "<newline>  "
Name.Decorator:  ":preserve<newline>"
Text:  "<newline>                                                     "
Name.Decorator:  "___"
Text:  "<newline>                                                  "
Name.Decorator:  ",o88888"
Text:  "<newline>                                               "
Name.Decorator:  ",o8888888'"
Text:  "<newline>                         "
Name.Decorator:  ",:o:o:oooo.        ,8O88Pd8888\""
Text:  "<newline>                     "
Name.Decorator:  ",.::.::o:ooooOoOoO. ,oO8O8Pd888'\""
Text:  "<newline>                   "
Name.Decorator:  ",.:.::o:ooOoOoOO8O8OOo.8OOPd8O8O\""
Text:  "<newline>                  "
Name.Decorator:  ", ..:.::o:ooOoOOOO8OOOOo.FdO8O8\""
Text:  "<newline>                 "
Name.Decorator:  ", ..:.::o:ooOoOO8O888O8O,COCOO\""
Text:  "<newline>                "
Name.Decorator:  ", . ..:.::o:ooOoOOOO8OOOOCOCO\""
Text:  "<newline>                 "
Name.Decorator:  ". ..:.::o:ooOoOoOO8O8OCCCC\"o"
Text:  "<newline>                    "
Name.Decorator:  ". ..:.::o:ooooOoCoCCC\"o:o"
Text:  "<newline>                    "
Name.Decorator:  ". ..:.::o:o:,cooooCo\"oo:o:"
Text:  "<newline>                 "
Name.Decorator:  "`   . . ..:.:cocoooo\"'o:o:::'"
Text:  "<newline>                 "
Name.Decorator:  ".`   . ..::ccccoc\"'o:o:o:::'"
Text:  "<newline>                "
Name.Decorator:  ":.:.    ,c:cccc\"':.:.:.:.:.'"
Text:  "<newline>              "
Name.Decorator:  "..:.:\"'`::::c:\"'..:.:.:.:.:.'  http://www.chris.com/ASCII/"
Text:  "<newline>            "
Name.Decorator:  "...:.'.:.::::\"'    . . . . .'"
Text:  "<newline>           "
Name.Decorator:  ".. . ....:.\"' `   .  . . ''"
Text:  "<newline>         "
Name.Decorator:  ". . . ....\"'"
Text:  "<newline>         "
Name.Decorator:  ".. . .\"'     -hrr-"
Text:  "<newline>        "
Name.Decorator:  "."
Text:  "<newline><newline>  "
Name.Decorator:  ":javascript<newline>"
Text:  "    "
Keyword.Declaration:  "var"
Text:  " "
Name.Other:  "a"
Text:  " "
Operator:  "="
Text:  " "
Punctuation:  "{"
Text:  " "
Name.Attribute:  "foo"
Punctuation:  ":"
Text:  " "
Literal.Number.Integer:  "1"
Text:  " "
Punctuation:  "};"
Text:  "<newline><newline>  "
Name.Decorator:  ":css<newline>"
Text:  "    "
Name.Class:  ".foo"
Text:  " "
Punctuation:  "{"
Text:  " "
Name.Label:  "font-weight"
Punctuation:  ":"
Text:  " "
Name.Builtin:  "bold"
Punctuation:  ";"
Text:  " "
Punctuation:  "}"
Text:  "<newline><newline>  "
Name.Decorator:  ":ruby<newline>"
Text:  "    "
Name.Builtin:  "puts"
Text:  " "
Literal.String.Double:  "\"Hello, World!\""
Text:  "<newline><newline>  "
Name.Decorator:  ":erb<newline>"
Text:  "    "
Name.Tag:  "<p>"
Comment.Preproc:  "<%="
Text:  " "
Name.Variable.Instance:  "@foo"
Text:  " "
Comment.Preproc:  "%>"
Name.Tag:  "</p>"
Text:  "<newline>"
