Comment.Single:  "// Data for each pixel"
Text:  "<newline>"
Keyword:  "struct"
Text:  " "
Name:  "PSInput"
Text:  "<newline>"
Punctuation:  "{"
Text:  "<newline>    "
Keyword.Type:  "float4"
Text:  " "
Name:  "position"
Text:  " "
Operator:  ":"
Text:  " "
Name.Builtin:  "SV_POSITION"
Punctuation:  ";"
Text:  "<newline>    "
Keyword.Type:  "float4"
Text:  " "
Name:  "color"
Text:  " "
Operator:  ":"
Text:  " "
Name.Builtin:  "COLOR"
Punctuation:  ";"
Text:  "<newline>    "
Keyword.Type:  "float2"
Text:  " "
Name:  "uv"
Text:  " "
Operator:  ":"
Text:  " "
Name:  "TEXCOORD"
Punctuation:  ";"
Text:  "<newline>"
Punctuation:  "};"
Text:  "<newline><newline>"
Comment.Single:  "// Creates a gradient between four colors"
Text:  "<newline>"
Keyword.Type:  "float4"
Text:  " "
Name.Function:  "FourColorGradient"
Punctuation:  "("
Keyword.Type:  "float4"
Text:  " "
Name:  "color1"
Punctuation:  ","
Text:  " "
Keyword.Type:  "float4"
Text:  " "
Name:  "color2"
Punctuation:  ","
Text:  " "
Keyword.Type:  "float4"
Text:  " "
Name:  "color3"
Punctuation:  ","
Text:  " "
Keyword.Type:  "float4"
Text:  " "
Name:  "color4"
Punctuation:  ","
Text:  " "
Keyword.Type:  "float2"
Text:  " "
Name:  "uv"
Punctuation:  ")"
Text:  "<newline>"
Punctuation:  "{"
Text:  "<newline>    "
Keyword:  "return"
Text:  " "
Name.Builtin:  "lerp"
Punctuation:  "("
Name.Builtin:  "lerp"
Punctuation:  "("
Name:  "color1"
Punctuation:  ","
Text:  " "
Name:  "color2"
Punctuation:  ","
Text:  " "
Name:  "uv"
Punctuation:  "."
Name:  "y"
Punctuation:  "),"
Text:  "  "
Name.Builtin:  "lerp"
Punctuation:  "("
Name:  "color3"
Punctuation:  ","
Text:  " "
Name:  "color4"
Punctuation:  ","
Text:  " "
Name:  "uv"
Punctuation:  "."
Name:  "y"
Punctuation:  "),"
Text:  " "
Name:  "uv"
Punctuation:  "."
Name:  "x"
Punctuation:  ");"
Text:  "<newline>"
Punctuation:  "}"
Text:  "<newline><newline>"
Comment.Single:  "// Vertex shader"
Text:  "<newline>"
Name:  "PSInput"
Text:  " "
Name.Function:  "VSMain"
Punctuation:  "("
Keyword.Type:  "float4"
Text:  " "
Name:  "position"
Text:  " "
Operator:  ":"
Text:  " "
Name.Builtin:  "POSITION"
Punctuation:  ","
Text:  " "
Keyword.Type:  "float4"
Text:  " "
Name:  "color"
Text:  " "
Operator:  ":"
Text:  " "
Name.Builtin:  "COLOR"
Punctuation:  ","
Text:  " "
Keyword.Type:  "float4"
Text:  " "
Name:  "uv"
Text:  " "
Operator:  ":"
Text:  " "
Name:  "TEXCOORD"
Punctuation:  ")"
Text:  "<newline>"
Punctuation:  "{"
Text:  "<newline>    "
Name:  "PSInput"
Text:  " "
Name:  "result"
Punctuation:  ";"
Text:  "<newline><newline>    "
Name:  "result"
Punctuation:  "."
Name:  "position"
Text:  " "
Operator:  "="
Text:  " "
Name:  "position"
Punctuation:  ";"
Text:  "<newline>    "
Name:  "result"
Punctuation:  "."
Name:  "color"
Text:  " "
Operator:  "="
Text:  " "
Name:  "color"
Punctuation:  ";"
Text:  "<newline>    "
Name:  "result"
Punctuation:  "."
Name:  "uv"
Text:  " "
Operator:  "="
Text:  " "
Name:  "uv"
Punctuation:  "."
Name:  "xy"
Punctuation:  ";"
Text:  "<newline><newline>    "
Keyword:  "return"
Text:  " "
Name:  "result"
Punctuation:  ";"
Text:  "<newline>"
Punctuation:  "}"
Text:  "<newline><newline>"
Comment.Multiline:  "/*<newline>* Pixel Shader, entry point into this shader<newline>*/"
Text:  "<newline>"
Keyword.Type:  "float4"
Text:  " "
Name.Function:  "PSMain"
Punctuation:  "("
Name:  "PSInput"
Text:  " "
Name:  "input"
Punctuation:  ")"
Text:  " "
Operator:  ":"
Text:  " "
Name:  "SV_TARGET"
Text:  "<newline>"
Punctuation:  "{"
Text:  "<newline>    "
Keyword:  "const"
Text:  " "
Keyword.Type:  "float4"
Text:  " "
Name:  "_Color1"
Text:  " "
Operator:  "="
Text:  " "
Keyword.Type:  "float4"
Punctuation:  "("
Literal.Number.Integer:  "1"
Punctuation:  ",."
Literal.Number.Integer:  "5"
Punctuation:  ",."
Literal.Number.Integer:  "5"
Punctuation:  ","
Literal.Number.Integer:  "1"
Punctuation:  ");"
Text:  "<newline>    "
Keyword:  "const"
Text:  " "
Keyword.Type:  "float4"
Text:  " "
Name:  "_Color2"
Text:  " "
Operator:  "="
Text:  " "
Keyword.Type:  "float4"
Punctuation:  "("
Literal.Number.Integer:  "0"
Punctuation:  "."
Literal.Number.Integer:  "5"
Punctuation:  ","
Literal.Number.Integer:  "1"
Punctuation:  ","
Literal.Number.Integer:  "0"
Punctuation:  ","
Literal.Number.Integer:  "1"
Punctuation:  ");"
Text:  "<newline>    "
Keyword:  "const"
Text:  " "
Keyword.Type:  "float4"
Text:  " "
Name:  "_Color3"
Text:  " "
Operator:  "="
Text:  " "
Keyword.Type:  "float4"
Punctuation:  "("
Literal.Number.Integer:  "0"
Punctuation:  ","
Literal.Number.Integer:  "1"
Punctuation:  ","
Literal.Number.Integer:  "1"
Punctuation:  ","
Literal.Number.Integer:  "1"
Punctuation:  ");"
Text:  "<newline>    "
Keyword:  "const"
Text:  " "
Keyword.Type:  "float4"
Text:  " "
Name:  "_Color4"
Text:  " "
Operator:  "="
Text:  " "
Keyword.Type:  "float4"
Punctuation:  "("
Literal.Number.Integer:  "1"
Punctuation:  ","
Literal.Number.Integer:  "0"
Punctuation:  ","
Literal.Number.Integer:  "1"
Punctuation:  ","
Literal.Number.Integer:  "1"
Punctuation:  ");"
Text:  "<newline>    "
Keyword.Type:  "float4"
Text:  " "
Name:  "gradient"
Text:  " "
Operator:  "="
Text:  " "
Name:  "FourColorGradient"
Punctuation:  "("
Name:  "_Color1"
Punctuation:  ","
Text:  " "
Name:  "_Color2"
Punctuation:  ","
Text:  " "
Name:  "_Color3"
Punctuation:  ","
Text:  " "
Name:  "_Color4"
Punctuation:  ","
Text:  " "
Name:  "input"
Punctuation:  "."
Name:  "uv"
Punctuation:  ");"
Text:  "<newline>    "
Keyword:  "return"
Text:  " "
Name:  "input"
Punctuation:  "."
Name:  "color"
Text:  " "
Operator:  "*"
Text:  " "
Name:  "gradient"
Punctuation:  ";"
Text:  "<newline>"
Punctuation:  "}"
Text:  "<newline>"
