Comment.Single:  "//"
Text.Whitespace:  "<newline>"
Comment.Single:  "// You can use # or // for comments"
Text.Whitespace:  "<newline>"
Comment.Single:  "//"
Text.Whitespace:  "<newline>"
Punctuation:  "{"
Text.Whitespace:  "<newline>  "
Name.Label:  "databases"
Text.Whitespace:  " "
Punctuation:  "{"
Text.Whitespace:  "<newline>    "
Comment.Single:  "# MySQL"
Text.Whitespace:  "<newline>    "
Name.Label:  "active"
Text.Whitespace:  " "
Punctuation:  "="
Text.Whitespace:  " "
Keyword.Constant:  "true"
Text.Whitespace:  "<newline>    "
Name.Label:  "enable_logging"
Text.Whitespace:  " "
Punctuation:  "="
Text.Whitespace:  " "
Keyword.Constant:  "false"
Text.Whitespace:  "<newline>    "
Name.Label:  "resolver"
Text.Whitespace:  " "
Punctuation:  "="
Text.Whitespace:  " "
Keyword.Constant:  "null"
Text.Whitespace:  "<newline>    "
Comment.Single:  "# you can use substitution with unquoted strings. If it it not found in the document, it defaults to environment variables"
Text.Whitespace:  "<newline>    "
Name.Label:  "home_dir"
Text.Whitespace:  " "
Punctuation:  "="
Text.Whitespace:  " "
Literal.String.Interpol:  "${"
Name.Variable:  "HOME"
Literal.String.Interpol:  "}"
Text.Whitespace:  " "
Comment.Single:  "# you can substitute with environment variables"
Text.Whitespace:  "<newline>    "
Name.Label:  "\"mysql\""
Text.Whitespace:  " "
Punctuation:  "="
Text.Whitespace:  " "
Punctuation:  "{"
Text.Whitespace:  "<newline>      "
Name.Label:  "host"
Text.Whitespace:  " "
Punctuation:  "="
Text.Whitespace:  " "
Literal.String.Double:  "\"abc.com\""
Text.Whitespace:  " "
Comment.Single:  "# change it"
Text.Whitespace:  "<newline>      "
Name.Label:  "port"
Text.Whitespace:  " "
Punctuation:  "="
Text.Whitespace:  " "
Literal.Number.Integer:  "3306"
Text.Whitespace:  " "
Comment.Single:  "# default"
Text.Whitespace:  "<newline>      "
Name.Label:  "username"
Punctuation:  ":"
Text.Whitespace:  " "
Literal:  "scott"
Text.Whitespace:  " "
Comment.Single:  "// can use : or ="
Text.Whitespace:  "<newline>      "
Name.Label:  "password"
Text.Whitespace:  " "
Punctuation:  "="
Text.Whitespace:  " "
Literal:  "tiger"
Punctuation:  ","
Text.Whitespace:  " "
Comment.Single:  "// can optionally use a comma"
Text.Whitespace:  "<newline>      "
Comment.Single:  "// number of retries"
Text.Whitespace:  "<newline>      "
Name.Label:  "retries"
Text.Whitespace:  " "
Punctuation:  "="
Text.Whitespace:  " "
Literal.Number.Integer:  "3"
Text.Whitespace:  "<newline>    "
Punctuation:  "}"
Text.Whitespace:  "<newline>  "
Punctuation:  "}"
Text.Whitespace:  "<newline><newline>  "
Name.Label:  "pi"
Text.Whitespace:  " "
Punctuation:  "="
Text.Whitespace:  " "
Literal.Number.Float:  "3.14"
Text.Whitespace:  "<newline><newline>  "
Comment.Single:  "// multi line support"
Text.Whitespace:  "<newline>  "
Name.Label:  "motd"
Text.Whitespace:  " "
Punctuation:  "="
Text.Whitespace:  " "
Literal.String.Double:  "\"\"\"<newline>            Hello \"man\"!<newline>            How is it going?<newline>         \"\"\""
Text.Whitespace:  "<newline>  "
Comment.Single:  "// this will be appended to the databases dictionary above"
Text.Whitespace:  "<newline>  "
Name.Label:  "databases.ips"
Text.Whitespace:  " "
Punctuation:  "="
Text.Whitespace:  " "
Punctuation:  "["
Text.Whitespace:  "<newline>    "
Literal:  "192.168.0.1"
Text.Whitespace:  " "
Comment.Single:  "// use white space or comma as separator"
Text.Whitespace:  "<newline>    "
Literal.String.Double:  "\"192.168.0.2\""
Text.Whitespace:  " "
Comment.Single:  "// optional quotes"
Text.Whitespace:  "<newline>    "
Literal:  "192.168.0.3"
Punctuation:  ","
Text.Whitespace:  " "
Comment.Single:  "# can have a trailing , which is ok"
Text.Whitespace:  "<newline>  "
Punctuation:  "]"
Text.Whitespace:  "<newline><newline>  "
Comment.Single:  "# you can use substitution with unquoted strings"
Text.Whitespace:  "<newline>  "
Name.Label:  "retries_msg"
Text.Whitespace:  " "
Punctuation:  "="
Text.Whitespace:  " "
Literal:  "You"
Text.Whitespace:  " "
Literal:  "have"
Text.Whitespace:  " "
Literal.String.Interpol:  "${"
Name.Variable:  "databases.mysql.retries"
Literal.String.Interpol:  "}"
Text.Whitespace:  " "
Literal:  "retries"
Text.Whitespace:  "<newline>  "
Name.Label:  "another_message"
Text.Whitespace:  " "
Punctuation:  "="
Text.Whitespace:  " "
Literal.String.Double:  "\""
Literal.String.Escape:  "\\t"
Literal.String.Double:  "You have "
Literal.String.Interpol:  "${"
Name.Variable:  "motd"
Literal.String.Interpol:  "}"
Literal.String.Double:  " dogs\""
Text.Whitespace:  "<newline>"
Punctuation:  "}"
Text.Whitespace:  "<newline>"
