Keyword:  "SELECT"
Text:  " "
Keyword:  "e"
Punctuation:  "."
Name:  "first_name"
Punctuation:  ","
Text:  " "
Keyword:  "e"
Punctuation:  "."
Name:  "last_name"
Punctuation:  ","
Text:  " "
Name:  "d"
Punctuation:  "."
Name:  "department_name"
Text:  "<newline>"
Keyword:  "FROM"
Text:  "   "
Name:  "employees"
Text:  " "
Keyword:  "e"
Text:  "<newline>"
Keyword:  "JOIN"
Text:  "   "
Name:  "departments"
Text:  " "
Name:  "d"
Text:  " "
Keyword:  "ON"
Text:  " "
Keyword:  "e"
Punctuation:  "."
Name:  "department_id"
Text:  " "
Operator:  "="
Text:  " "
Name:  "d"
Punctuation:  "."
Name:  "department_id"
Punctuation:  ";"
Text:  "<newline><newline>"
Keyword:  "update"
Text:  " "
Name.Variable:  "`table`"
Text:  "<newline>"
Keyword:  "set"
Text:  " "
Name:  "name"
Operator:  "="
Literal.String.Single:  "'abc'"
Punctuation:  ","
Text:  "<newline>    "
Name.Builtin:  "date"
Operator:  "="
Name.Variable:  "${date}"
Punctuation:  ","
Text:  "<newline>    "
Name:  "test_interpolation1"
Operator:  "="
Literal.String.Single:  "'"
Name.Variable:  "${var1}"
Literal.String.Single:  " and "
Name.Variable:  "${var2}"
Literal.String.Single:  "'"
Text:  "<newline>    "
Name:  "test_interpolation2"
Operator:  "="
Literal.String.Double:  "\""
Name.Variable:  "${var1}"
Literal.String.Double:  "."
Name.Variable:  "${var2}"
Literal.String.Double:  "\""
Text:  "<newline>"
Keyword:  "where"
Text:  " "
Name:  "xyz"
Text:  " "
Keyword:  "is"
Text:  " "
Keyword:  "null"
Punctuation:  ";"
Text:  "<newline>"
