Comment.Single:  "; vim: set ts=4 sw=4 et ft=idlang:"
Text.Whitespace:  "<newline><newline>"
Comment.Single:  ";+"
Text.Whitespace:  "<newline>"
Comment.Single:  "; Greatest common divisor function"
Text.Whitespace:  "<newline>"
Comment.Single:  ";-"
Text.Whitespace:  "<newline>"
Keyword:  "function"
Text.Whitespace:  " "
Name.Function:  "gcd"
Operator:  ","
Text.Whitespace:  " "
Name:  "a"
Punctuation:  ","
Text.Whitespace:  " "
Name:  "b"
Text.Whitespace:  "<newline><newline>    "
Name.Decorator:  "compile_opt"
Text.Whitespace:  " "
Name:  "idl2"
Punctuation:  ","
Text.Whitespace:  " "
Name:  "hidden"
Text.Whitespace:  "<newline><newline>    "
Name:  "j"
Text.Whitespace:  " "
Operator:  "="
Text.Whitespace:  " "
Name:  "a"
Text.Whitespace:  " "
Punctuation:  "&"
Text.Whitespace:  " "
Name:  "k"
Text.Whitespace:  " "
Operator:  "="
Text.Whitespace:  " "
Name:  "b"
Text.Whitespace:  "<newline><newline>    "
Keyword:  "while"
Text.Whitespace:  " "
Punctuation:  "("
Name.Builtin:  "finite"
Punctuation:  "("
Name:  "k"
Punctuation:  ")"
Text.Whitespace:  " "
Keyword:  "and"
Text.Whitespace:  " "
Punctuation:  "("
Name:  "k"
Text.Whitespace:  " "
Operator:  "/="
Text.Whitespace:  " "
Literal.Number.Integer:  "0"
Punctuation:  "))"
Text.Whitespace:  " "
Keyword:  "do"
Text.Whitespace:  " "
Keyword:  "begin"
Text.Whitespace:  "<newline>        "
Name:  "t"
Text.Whitespace:  " "
Operator:  "="
Text.Whitespace:  " "
Name:  "j"
Text.Whitespace:  " "
Keyword:  "mod"
Text.Whitespace:  " "
Name:  "k"
Text.Whitespace:  "<newline>        "
Name:  "j"
Text.Whitespace:  " "
Operator:  "="
Text.Whitespace:  " "
Name:  "k"
Text.Whitespace:  "<newline>        "
Name:  "k"
Text.Whitespace:  " "
Operator:  "="
Text.Whitespace:  " "
Name:  "t"
Text.Whitespace:  "<newline>    "
Keyword:  "endwhile"
Text.Whitespace:  "<newline><newline>    "
Keyword:  "return"
Punctuation:  ","
Text.Whitespace:  " "
Name:  "a"
Text.Whitespace:  "<newline><newline>"
Keyword:  "end"
Text.Whitespace:  "<newline><newline>"
Comment.Single:  ";+"
Text.Whitespace:  "<newline>"
Comment.Single:  "; Least common multiple funcion"
Text.Whitespace:  "<newline>"
Comment.Single:  ";-"
Text.Whitespace:  "<newline>"
Keyword:  "function"
Text.Whitespace:  " "
Name.Function:  "lcm"
Operator:  ","
Text.Whitespace:  " "
Name:  "a"
Punctuation:  ","
Text.Whitespace:  " "
Name:  "b"
Text.Whitespace:  "<newline><newline>    "
Name.Decorator:  "compile_opt"
Text.Whitespace:  " "
Name:  "idl2"
Punctuation:  ","
Text.Whitespace:  " "
Name:  "hidden"
Text.Whitespace:  "<newline>    "
Keyword:  "return"
Punctuation:  ","
Text.Whitespace:  " "
Name.Builtin:  "abs"
Punctuation:  "("
Name:  "a"
Text.Whitespace:  " "
Operator:  "*"
Text.Whitespace:  " "
Name:  "b"
Punctuation:  ")"
Text.Whitespace:  " "
Operator:  "/"
Text.Whitespace:  " "
Name:  "gcd"
Punctuation:  "("
Name:  "a"
Punctuation:  ","
Text.Whitespace:  " "
Name:  "b"
Punctuation:  ")"
Text.Whitespace:  "<newline><newline>"
Keyword:  "end"
Text.Whitespace:  "<newline><newline>"
Keyword:  "pro"
Text.Whitespace:  " "
Name.Function:  "rat"
Operator:  "::"
Name.Function:  "normalize"
Text.Whitespace:  "<newline><newline>    "
Name.Function:  "compile_opt"
Text.Whitespace:  " "
Name.Function:  "idl2"
Operator:  ","
Text.Whitespace:  " "
Name:  "hidden"
Text.Whitespace:  "<newline><newline>    "
Name:  "n"
Text.Whitespace:  " "
Operator:  "="
Text.Whitespace:  " "
Name:  "gcd"
Punctuation:  "("
Name.Builtin:  "abs"
Punctuation:  "("
Name:  "self"
Operator:  "."
Name:  "numerator)"
Punctuation:  ","
Text.Whitespace:  " "
Name.Builtin:  "abs"
Punctuation:  "("
Name:  "self"
Operator:  "."
Name:  "denominator))"
Text.Whitespace:  "<newline>    "
Comment.Single:  "; Note: This only works in IDL >= 8.3"
Text.Whitespace:  "<newline>    "
Name:  "new_numerator"
Text.Whitespace:  " "
Operator:  "="
Text.Whitespace:  " "
Punctuation:  "("
Name:  "self"
Operator:  "."
Name:  "numerator"
Text.Whitespace:  " "
Operator:  "/"
Text.Whitespace:  " "
Name:  "n"
Punctuation:  ")"
Text.Whitespace:  " "
Operator:  "*"
Text.Whitespace:  " "
Punctuation:  "$"
Text.Whitespace:  "<newline>        "
Name.Builtin:  "signum"
Punctuation:  "("
Name.Builtin:  "signum"
Punctuation:  "("
Name:  "self"
Operator:  "."
Name:  "numerator)"
Text.Whitespace:  " "
Operator:  "*"
Text.Whitespace:  " "
Name.Builtin:  "signum"
Punctuation:  "("
Name:  "self"
Operator:  "."
Name:  "denominator))"
Text.Whitespace:  "<newline>    "
Name:  "new_denominator"
Text.Whitespace:  " "
Operator:  "="
Text.Whitespace:  " "
Name:  "self"
Operator:  "."
Name:  "denominator"
Text.Whitespace:  " "
Operator:  "/"
Text.Whitespace:  " "
Name:  "n"
Text.Whitespace:  "<newline><newline>    "
Name:  "self"
Operator:  "."
Name:  "numerator"
Text.Whitespace:  " "
Operator:  "="
Text.Whitespace:  " "
Name.Builtin:  "temporary"
Punctuation:  "("
Name:  "new_numerator"
Punctuation:  ")"
Text.Whitespace:  "<newline>    "
Name:  "self"
Operator:  "."
Name:  "denominator"
Text.Whitespace:  " "
Operator:  "="
Text.Whitespace:  " "
Name.Builtin:  "temporary"
Punctuation:  "("
Name:  "new_denominator"
Punctuation:  ")"
Text.Whitespace:  "<newline><newline>"
Keyword:  "end"
Text.Whitespace:  "<newline><newline>"
Keyword:  "function"
Text.Whitespace:  " "
Name.Function:  "rat"
Operator:  "::"
Name.Function:  "numerator"
Text.Whitespace:  "<newline><newline>    "
Name.Function:  "compile_opt"
Text.Whitespace:  " "
Name.Function:  "idl2"
Operator:  ","
Text.Whitespace:  " "
Name:  "hidden"
Text.Whitespace:  "<newline>    "
Keyword:  "return"
Punctuation:  ","
Text.Whitespace:  " "
Name:  "self"
Operator:  "."
Name:  "numerator"
Text.Whitespace:  "<newline><newline>"
Keyword:  "end"
Text.Whitespace:  "<newline><newline>"
Keyword:  "function"
Text.Whitespace:  " "
Name.Function:  "rat"
Operator:  "::"
Name.Function:  "denominator"
Text.Whitespace:  "<newline><newline>    "
Name.Function:  "compile_opt"
Text.Whitespace:  " "
Name.Function:  "idl2"
Operator:  ","
Text.Whitespace:  " "
Name:  "hidden"
Text.Whitespace:  "<newline>    "
Keyword:  "return"
Punctuation:  ","
Text.Whitespace:  " "
Name:  "self"
Operator:  "."
Name:  "denominator"
Text.Whitespace:  "<newline><newline>"
Keyword:  "end"
Text.Whitespace:  "<newline><newline>"
Keyword:  "pro"
Text.Whitespace:  " "
Name.Function:  "rat"
Operator:  "::"
Name.Function:  "add"
Operator:  ","
Text.Whitespace:  " "
Name:  "q"
Text.Whitespace:  "<newline><newline>    "
Name.Decorator:  "compile_opt"
Text.Whitespace:  " "
Name:  "idl2"
Punctuation:  ","
Text.Whitespace:  " "
Name:  "hidden"
Text.Whitespace:  "<newline><newline>    "
Name:  "n"
Text.Whitespace:  " "
Operator:  "="
Text.Whitespace:  " "
Name:  "lcm"
Punctuation:  "("
Name:  "self"
Operator:  "."
Name:  "denominator"
Punctuation:  ","
Text.Whitespace:  " "
Name:  "q"
Operator:  "->"
Name:  "denominator"
Punctuation:  "())"
Text.Whitespace:  "<newline>    "
Name:  "new_numerator"
Text.Whitespace:  " "
Operator:  "="
Text.Whitespace:  " "
Punctuation:  "("
Name:  "n"
Text.Whitespace:  " "
Operator:  "/"
Text.Whitespace:  " "
Name:  "self"
Operator:  "."
Name:  "denominator)"
Text.Whitespace:  " "
Operator:  "*"
Text.Whitespace:  " "
Name:  "self"
Operator:  "."
Name:  "numerator"
Text.Whitespace:  " "
Operator:  "+"
Text.Whitespace:  " "
Punctuation:  "$"
Text.Whitespace:  "<newline>        "
Punctuation:  "("
Name:  "n"
Text.Whitespace:  " "
Operator:  "/"
Text.Whitespace:  " "
Name:  "q"
Operator:  "->"
Name:  "denominator"
Punctuation:  "())"
Text.Whitespace:  " "
Operator:  "*"
Text.Whitespace:  " "
Name:  "q"
Operator:  "->"
Name:  "numerator"
Punctuation:  "()"
Text.Whitespace:  "<newline>    "
Name:  "new_denominator"
Text.Whitespace:  " "
Operator:  "="
Text.Whitespace:  " "
Name:  "n"
Text.Whitespace:  "<newline><newline>    "
Name:  "self"
Operator:  "."
Name:  "numerator"
Text.Whitespace:  " "
Operator:  "="
Text.Whitespace:  " "
Name.Builtin:  "temporary"
Punctuation:  "("
Name:  "new_numerator"
Punctuation:  ")"
Text.Whitespace:  "<newline>    "
Name:  "self"
Operator:  "."
Name:  "denominator"
Text.Whitespace:  " "
Operator:  "="
Text.Whitespace:  " "
Name.Builtin:  "temporary"
Punctuation:  "("
Name:  "new_denominator"
Punctuation:  ")"
Text.Whitespace:  "<newline><newline>    "
Name:  "self"
Operator:  "."
Name:  "normalize"
Text.Whitespace:  "<newline><newline>"
Keyword:  "end"
Text.Whitespace:  "<newline><newline>"
Keyword:  "pro"
Text.Whitespace:  " "
Name.Function:  "rat"
Operator:  "::"
Name.Function:  "sub"
Operator:  ","
Text.Whitespace:  " "
Name:  "q"
Text.Whitespace:  "<newline><newline>    "
Name.Decorator:  "compile_opt"
Text.Whitespace:  " "
Name:  "idl2"
Punctuation:  ","
Text.Whitespace:  " "
Name:  "hidden"
Text.Whitespace:  "<newline><newline>    "
Name:  "r"
Text.Whitespace:  " "
Operator:  "="
Text.Whitespace:  " "
Name.Builtin:  "obj_new"
Punctuation:  "("
Literal.String.Single:  "'rat'"
Punctuation:  ","
Text.Whitespace:  " "
Operator:  "-"
Name:  "q"
Operator:  "->"
Name:  "numerator"
Punctuation:  "(),"
Text.Whitespace:  " "
Name:  "q"
Operator:  "->"
Name:  "denominator"
Punctuation:  "())"
Text.Whitespace:  "<newline>    "
Name:  "self"
Operator:  "."
Name:  "add"
Punctuation:  ","
Text.Whitespace:  " "
Name:  "r"
Text.Whitespace:  "<newline>    "
Name.Builtin:  "obj_destroy"
Punctuation:  ","
Text.Whitespace:  " "
Name:  "r"
Text.Whitespace:  "<newline><newline>"
Keyword:  "end"
Text.Whitespace:  "<newline><newline>"
Keyword:  "pro"
Text.Whitespace:  " "
Name.Function:  "rat"
Operator:  "::"
Name.Function:  "mul"
Operator:  ","
Text.Whitespace:  " "
Name:  "r"
Punctuation:  ","
Text.Whitespace:  " "
Name:  "q"
Text.Whitespace:  "<newline><newline>    "
Name.Decorator:  "compile_opt"
Text.Whitespace:  " "
Name:  "idl2"
Punctuation:  ","
Text.Whitespace:  " "
Name:  "hidden"
Text.Whitespace:  "<newline><newline>    "
Name:  "self"
Operator:  "."
Name:  "numerator"
Text.Whitespace:  " "
Operator:  "="
Text.Whitespace:  " "
Name:  "self"
Operator:  "."
Name:  "numerator"
Text.Whitespace:  " "
Operator:  "*"
Text.Whitespace:  " "
Name:  "q"
Operator:  "->"
Name:  "numerator"
Punctuation:  "()"
Text.Whitespace:  "<newline>    "
Name:  "self"
Operator:  "."
Name:  "denominator"
Text.Whitespace:  " "
Operator:  "="
Text.Whitespace:  " "
Name:  "self"
Operator:  "."
Name:  "denominator"
Text.Whitespace:  " "
Operator:  "*"
Text.Whitespace:  " "
Name:  "q"
Operator:  "->"
Name:  "denominator"
Punctuation:  "()"
Text.Whitespace:  "<newline><newline>    "
Name:  "self"
Operator:  "."
Name:  "normalize"
Text.Whitespace:  "<newline><newline>"
Keyword:  "end"
Text.Whitespace:  "<newline><newline>"
Keyword:  "pro"
Text.Whitespace:  " "
Name.Function:  "rat"
Operator:  "::"
Name.Function:  "div"
Operator:  ","
Text.Whitespace:  " "
Name:  "q"
Text.Whitespace:  "<newline><newline>    "
Name.Decorator:  "compile_opt"
Text.Whitespace:  " "
Name:  "idl2"
Punctuation:  ","
Text.Whitespace:  " "
Name:  "hidden"
Text.Whitespace:  "<newline><newline>    "
Name:  "r"
Text.Whitespace:  " "
Operator:  "="
Text.Whitespace:  " "
Name.Builtin:  "obj_new"
Punctuation:  "("
Literal.String.Single:  "'rat'"
Punctuation:  ","
Text.Whitespace:  " "
Name:  "q"
Operator:  "->"
Name:  "denominator"
Punctuation:  "(),"
Text.Whitespace:  " "
Name:  "q"
Operator:  "->"
Name:  "numerator"
Punctuation:  "())"
Text.Whitespace:  "<newline>    "
Name:  "self"
Operator:  "."
Name:  "mul"
Punctuation:  ","
Text.Whitespace:  " "
Name:  "r"
Text.Whitespace:  "<newline>    "
Name.Builtin:  "obj_destroy"
Punctuation:  ","
Text.Whitespace:  " "
Name:  "r"
Text.Whitespace:  "<newline><newline>"
Keyword:  "end"
Text.Whitespace:  "<newline><newline>"
Keyword:  "function"
Text.Whitespace:  " "
Name.Function:  "rat"
Operator:  "::"
Name.Function:  "INIT"
Operator:  ","
Text.Whitespace:  " "
Name:  "numerator"
Punctuation:  ","
Text.Whitespace:  " "
Name:  "denominator"
Text.Whitespace:  "<newline><newline>    "
Name.Decorator:  "compile_opt"
Text.Whitespace:  " "
Name:  "idl2"
Punctuation:  ","
Text.Whitespace:  " "
Name:  "hidden"
Text.Whitespace:  "<newline><newline>    "
Keyword:  "if"
Text.Whitespace:  " "
Punctuation:  "("
Name.Builtin:  "n_params"
Punctuation:  "()"
Text.Whitespace:  " "
Keyword:  "eq"
Text.Whitespace:  " "
Literal.Number.Integer:  "2"
Punctuation:  ")"
Text.Whitespace:  " "
Keyword:  "then"
Text.Whitespace:  " "
Keyword:  "begin"
Text.Whitespace:  "<newline>        "
Name:  "self"
Operator:  "."
Name:  "numerator"
Text.Whitespace:  " "
Operator:  "="
Text.Whitespace:  " "
Name:  "numerator"
Text.Whitespace:  "<newline>        "
Name:  "self"
Operator:  "."
Name:  "denominator"
Text.Whitespace:  " "
Operator:  "="
Text.Whitespace:  " "
Name:  "denominator"
Text.Whitespace:  "<newline>    "
Keyword:  "endif"
Text.Whitespace:  " "
Punctuation:  "$"
Text.Whitespace:  "<newline>    "
Keyword:  "else"
Text.Whitespace:  " "
Keyword:  "if"
Text.Whitespace:  " "
Punctuation:  "("
Name.Builtin:  "obj_valid"
Punctuation:  "("
Name:  "numerator"
Punctuation:  "))"
Text.Whitespace:  " "
Keyword:  "then"
Text.Whitespace:  " "
Keyword:  "begin"
Text.Whitespace:  "<newline>        "
Comment.Single:  "; numerator is actually a \"rat\" object"
Text.Whitespace:  "<newline>        "
Name:  "self"
Operator:  "."
Name:  "numerator"
Text.Whitespace:  " "
Operator:  "="
Text.Whitespace:  " "
Name:  "numerator"
Operator:  "->"
Name:  "numerator"
Punctuation:  "()"
Text.Whitespace:  "<newline>        "
Name:  "self"
Operator:  "."
Name:  "denominator"
Text.Whitespace:  " "
Operator:  "="
Text.Whitespace:  " "
Name:  "numerator"
Operator:  "->"
Name:  "denominator"
Punctuation:  "()"
Text.Whitespace:  "<newline>    "
Keyword:  "endif"
Text.Whitespace:  "<newline><newline>    "
Keyword:  "return"
Punctuation:  ","
Text.Whitespace:  " "
Literal.Number.Integer:  "1"
Text.Whitespace:  "<newline><newline>"
Keyword:  "end"
Text.Whitespace:  "<newline><newline>"
Keyword:  "pro"
Text.Whitespace:  " "
Name.Function:  "rat__define"
Operator:  ","
Text.Whitespace:  " "
Name:  "class"
Text.Whitespace:  "<newline><newline>    "
Name.Decorator:  "compile_opt"
Text.Whitespace:  " "
Name:  "idl2"
Punctuation:  ","
Text.Whitespace:  " "
Name:  "hidden"
Text.Whitespace:  "<newline><newline>    "
Name:  "class"
Text.Whitespace:  " "
Operator:  "="
Text.Whitespace:  " "
Operator:  "{"
Text.Whitespace:  " "
Name:  "rat"
Punctuation:  ","
Text.Whitespace:  " "
Punctuation:  "$"
Text.Whitespace:  "<newline>        "
Name:  "numerator"
Punctuation:  ":"
Text.Whitespace:  " "
Literal.Number.Float:  "0."
Punctuation:  ","
Text.Whitespace:  " "
Punctuation:  "$"
Text.Whitespace:  "<newline>        "
Name:  "denominator"
Punctuation:  ":"
Text.Whitespace:  " "
Literal.Number.Float:  "0."
Text.Whitespace:  " "
Punctuation:  "$"
Text.Whitespace:  "<newline>    "
Operator:  "}"
Text.Whitespace:  "<newline><newline>"
Keyword:  "end"
Text.Whitespace:  "<newline><newline>"
Keyword:  "pro"
Text.Whitespace:  " "
Name.Function:  "print_bottle"
Operator:  ","
Text.Whitespace:  " "
Name:  "n"
Punctuation:  ","
Text.Whitespace:  " "
Name:  "verbose"
Operator:  "="
Name:  "verbose"
Text.Whitespace:  "<newline><newline>    "
Name.Decorator:  "compile_opt"
Text.Whitespace:  " "
Name:  "idl2"
Text.Whitespace:  "<newline>    "
Name.Builtin:  "on_error"
Punctuation:  ","
Text.Whitespace:  " "
Literal.Number.Integer:  "2"
Text.Whitespace:  "<newline><newline>    "
Name:  "verbose"
Text.Whitespace:  " "
Operator:  "="
Text.Whitespace:  " "
Name.Builtin:  "keyword_set"
Punctuation:  "("
Name:  "verbose"
Punctuation:  ")"
Text.Whitespace:  "<newline>    "
Name.Variable.Global:  "!quiet"
Text.Whitespace:  " "
Operator:  "="
Text.Whitespace:  " "
Operator:  "~"
Name:  "verbose"
Text.Whitespace:  "<newline><newline>    "
Keyword:  "if"
Text.Whitespace:  " "
Punctuation:  "("
Name:  "verbose"
Punctuation:  ")"
Text.Whitespace:  " "
Keyword:  "then"
Text.Whitespace:  " "
Keyword:  "begin"
Text.Whitespace:  "<newline><newline>        "
Keyword:  "case"
Text.Whitespace:  " "
Punctuation:  "("
Name:  "n"
Punctuation:  ")"
Text.Whitespace:  " "
Keyword:  "of"
Text.Whitespace:  "<newline>            "
Literal.Number.Integer:  "2"
Punctuation:  ":"
Text.Whitespace:  " "
Keyword:  "begin"
Text.Whitespace:  "<newline>                "
Name.Builtin:  "print"
Punctuation:  ","
Text.Whitespace:  " "
Name:  "n"
Punctuation:  ","
Text.Whitespace:  " "
Name:  "format"
Operator:  "="
Literal.String.Single:  "'(I0, 1X, \"bottles of beer on the wall,\")'"
Text.Whitespace:  "<newline>                "
Name.Builtin:  "print"
Punctuation:  ","
Text.Whitespace:  " "
Name:  "n"
Punctuation:  ","
Text.Whitespace:  " "
Name:  "format"
Operator:  "="
Literal.String.Single:  "'(I0, 1X, \"bottles of beer.\")'"
Text.Whitespace:  "<newline>                "
Name.Builtin:  "print"
Punctuation:  ","
Text.Whitespace:  " "
Name:  "format"
Operator:  "="
Literal.String.Single:  "'(\"Take one down, pass it around,\")'"
Text.Whitespace:  "<newline>                "
Name.Builtin:  "print"
Punctuation:  ","
Text.Whitespace:  " "
Name:  "format"
Operator:  "="
Literal.String.Single:  "'(\"one last bottle of beer on the wall.\", /)'"
Text.Whitespace:  "<newline>            "
Keyword:  "end"
Text.Whitespace:  "<newline><newline>            "
Literal.Number.Integer:  "1"
Punctuation:  ":"
Text.Whitespace:  " "
Keyword:  "begin"
Text.Whitespace:  "<newline>                "
Name.Builtin:  "print"
Punctuation:  ","
Text.Whitespace:  " "
Name:  "n"
Punctuation:  ","
Text.Whitespace:  " "
Name:  "format"
Operator:  "="
Literal.String.Single:  "'(\"One last bottle of beer on the wall,\")'"
Text.Whitespace:  "<newline>                "
Name.Builtin:  "print"
Punctuation:  ","
Text.Whitespace:  " "
Name:  "n"
Punctuation:  ","
Text.Whitespace:  " "
Name:  "format"
Operator:  "="
Literal.String.Single:  "'(\"one last bottle of beer.\")'"
Text.Whitespace:  "<newline>                "
Name.Builtin:  "print"
Punctuation:  ","
Text.Whitespace:  " "
Name:  "format"
Operator:  "="
Literal.String.Single:  "'(\"Take one down, pass it around,\")'"
Text.Whitespace:  "<newline>                "
Name.Builtin:  "print"
Punctuation:  ","
Text.Whitespace:  " "
Name:  "format"
Operator:  "="
Literal.String.Single:  "'(\"no more bottles of beer on the wall.\", /)'"
Text.Whitespace:  "<newline>            "
Keyword:  "end"
Text.Whitespace:  "<newline><newline>            "
Name:  "default"
Punctuation:  ":"
Text.Whitespace:  " "
Keyword:  "begin"
Text.Whitespace:  "<newline>                "
Name.Builtin:  "print"
Punctuation:  ","
Text.Whitespace:  " "
Name:  "n"
Punctuation:  ","
Text.Whitespace:  " "
Name:  "format"
Operator:  "="
Literal.String.Single:  "'(I0, 1X, \"bottles of beer on the wall,\")'"
Text.Whitespace:  "<newline>                "
Name.Builtin:  "print"
Punctuation:  ","
Text.Whitespace:  " "
Name:  "n"
Punctuation:  ","
Text.Whitespace:  " "
Name:  "format"
Operator:  "="
Literal.String.Single:  "'(I0, 1X, \"bottles of beer.\")'"
Text.Whitespace:  "<newline>                "
Name.Builtin:  "print"
Punctuation:  ","
Text.Whitespace:  " "
Name:  "format"
Operator:  "="
Literal.String.Single:  "'(\"Take one down, pass it around,\")'"
Text.Whitespace:  "<newline>                "
Name.Builtin:  "print"
Punctuation:  ","
Text.Whitespace:  " "
Name:  "n"
Text.Whitespace:  " "
Operator:  "-"
Text.Whitespace:  " "
Literal.Number.Integer:  "1"
Punctuation:  ","
Text.Whitespace:  " "
Name:  "format"
Operator:  "="
Literal.String.Single:  "'(I0, 1X, \"bottles of beer on the wall.\", /)'"
Text.Whitespace:  "<newline>            "
Keyword:  "end"
Text.Whitespace:  "<newline>        "
Keyword:  "endcase"
Text.Whitespace:  "<newline><newline>    "
Keyword:  "endif"
Text.Whitespace:  "<newline><newline>"
Keyword:  "end"
Text.Whitespace:  "<newline><newline>"
Keyword:  "pro"
Text.Whitespace:  " "
Name.Function:  "bottles"
Text.Whitespace:  "<newline><newline>    "
Name.Function:  "compile_opt"
Text.Whitespace:  " "
Name.Function:  "idl2"
Text.Whitespace:  "<newline>    "
Name.Function:  "on_error"
Operator:  ","
Text.Whitespace:  " "
Literal.Number.Integer:  "2"
Text.Whitespace:  "<newline><newline>    "
Name:  "towels"
Text.Whitespace:  " "
Operator:  "="
Text.Whitespace:  " "
Literal.String.Single:  "'Don"
Literal.String.Escape:  "''"
Literal.String.Single:  "t Panic!'"
Text.Whitespace:  "<newline>    "
Name:  "nbottles"
Text.Whitespace:  " "
Operator:  "="
Text.Whitespace:  " "
Literal.Number.Integer:  "99S"
Text.Whitespace:  "<newline>    "
Name:  "r"
Text.Whitespace:  " "
Operator:  "="
Text.Whitespace:  " "
Name.Builtin:  "obj_new"
Punctuation:  "("
Literal.String.Single:  "'rat'"
Punctuation:  ","
Text.Whitespace:  " "
Literal.Number.Integer:  "1"
Punctuation:  ","
Text.Whitespace:  " "
Literal.Number.Integer:  "2"
Punctuation:  ")"
Text.Whitespace:  "<newline>    "
Name:  "q"
Text.Whitespace:  " "
Operator:  "="
Text.Whitespace:  " "
Name.Builtin:  "obj_new"
Punctuation:  "("
Literal.String.Single:  "'rat'"
Punctuation:  ","
Text.Whitespace:  " "
Literal.Number.Integer:  "1"
Punctuation:  ","
Text.Whitespace:  " "
Literal.Number.Integer:  "6"
Punctuation:  ")"
Text.Whitespace:  "<newline><newline>    "
Keyword:  "while"
Text.Whitespace:  " "
Punctuation:  "("
Name:  "nbottles"
Text.Whitespace:  " "
Keyword:  "gt"
Text.Whitespace:  " "
Literal.Number.Hex:  "'0'XULL"
Punctuation:  ")"
Text.Whitespace:  " "
Keyword:  "do"
Text.Whitespace:  " "
Keyword:  "begin"
Text.Whitespace:  "<newline>        "
Name:  "print_bottle"
Punctuation:  ","
Text.Whitespace:  " "
Name:  "nbottles"
Text.Whitespace:  "<newline>        "
Name:  "nbottles"
Text.Whitespace:  " "
Operator:  "-="
Text.Whitespace:  " "
Literal.Number.Integer:  "1"
Text.Whitespace:  "<newline>    "
Keyword:  "endwhile"
Text.Whitespace:  "<newline><newline>    "
Name.Builtin:  "print"
Punctuation:  ","
Text.Whitespace:  " "
Punctuation:  "("
Name:  "towels"
Text.Whitespace:  " "
Keyword:  "ne"
Text.Whitespace:  " "
Literal.String.Single:  "''"
Punctuation:  ")"
Text.Whitespace:  " "
Operator:  "?"
Text.Whitespace:  " "
Name:  "towels"
Text.Whitespace:  " "
Punctuation:  ":"
Text.Whitespace:  " "
Literal.String.Single:  "'Panic!'"
Text.Whitespace:  "<newline><newline>    "
Name.Builtin:  "stop"
Text.Whitespace:  "<newline>    "
Name:  "r"
Operator:  "->"
Name:  "sub"
Punctuation:  ","
Text.Whitespace:  " "
Name:  "q"
Text.Whitespace:  "<newline>    "
Name.Builtin:  "print"
Punctuation:  ","
Text.Whitespace:  " "
Name:  "r"
Operator:  "->"
Name:  "numerator"
Punctuation:  "(),"
Text.Whitespace:  " "
Name:  "r"
Operator:  "->"
Name:  "denominator"
Punctuation:  "(),"
Text.Whitespace:  " "
Name:  "format"
Operator:  "="
Literal.String.Single:  "'(I0, \"/\", I0)'"
Text.Whitespace:  "<newline><newline>"
Keyword:  "end"
Text.Whitespace:  "<newline>"
