Comment:  "##### a gitconfig #####<newline>"
Name.Namespace:  "[core]"
Text:  "<newline>  "
Name.Property:  "editor"
Text:  " "
Punctuation:  "="
Text:  " "
Literal.String:  "gvim -v"
Text:  "<newline>  "
Name.Property:  "excludesfile"
Text:  " "
Punctuation:  "="
Text:  " "
Literal.String:  "~/.gitignore"
Text:  "<newline>  "
Comment:  "# autocrlf = input<newline>"
Name.Namespace:  "[user]"
Text:  "<newline>  "
Name.Property:  "name"
Text:  " "
Punctuation:  "="
Text:  " "
Literal.String:  "Jeanine Adkisson"
Text:  "<newline>  "
Name.Property:  "email"
Text:  " "
Punctuation:  "="
Text:  " "
Literal.String:  "somebody@somewhere.place"
Text:  "<newline>"
Name.Namespace:  "[github]"
Text:  "<newline>  "
Name.Property:  "user"
Text:  " "
Punctuation:  "="
Text:  " "
Literal.String:  "jneen"
Text:  "<newline>  "
Name.Property:  "token"
Text:  " "
Punctuation:  "="
Text:  " "
Literal.String:  "\"asdfasdfasdf\""
Text:  "<newline>"
Name.Namespace:  "[color]"
Text:  "<newline>  "
Name.Property:  "branch"
Text:  " "
Punctuation:  "="
Text:  " "
Literal.String:  "auto"
Text:  "<newline>  "
Name.Property:  "diff"
Text:  " "
Punctuation:  "="
Text:  " "
Literal.String:  "auto"
Text:  "<newline>  "
Name.Property:  "interactive"
Text:  " "
Punctuation:  "="
Text:  " "
Literal.String:  "auto"
Text:  "<newline>  "
Name.Property:  "status"
Text:  " "
Punctuation:  "="
Text:  " "
Literal.String:  "auto"
Text:  "<newline>"
Name.Namespace:  "[merge]"
Text:  "<newline>  "
Name.Property:  "defaultToUpstream"
Text:  " "
Punctuation:  "="
Text:  " "
Literal.String:  "true"
Text:  "<newline>  "
Name.Property:  "conflictStyle"
Text:  " "
Punctuation:  "="
Text:  " "
Literal.String:  "diff3"
Text:  "<newline>"
Name.Namespace:  "[push]"
Text:  "<newline>  "
Name.Property:  "default"
Text:  " "
Punctuation:  "="
Text:  " "
Literal.String:  "upstream"
Text:  "<newline>"
Name.Namespace:  "[alias]"
Text:  "<newline>  "
Name.Property:  "co"
Text:  " "
Punctuation:  "="
Text:  " "
Literal.String:  "checkout"
Text:  "<newline><newline>  "
Name.Property:  "rs"
Text:  " "
Punctuation:  "="
Text:  " "
Literal.String:  "reset"
Text:  "<newline><newline>  "
Name.Property:  "ci"
Text:  " "
Punctuation:  "="
Text:  " "
Literal.String:  "commit -v"
Text:  "<newline>  "
Name.Property:  "c"
Text:  "  "
Punctuation:  "="
Text:  " "
Literal.String:  "commit -v"
Text:  "<newline><newline>  "
Name.Property:  "st"
Text:  " "
Punctuation:  "="
Text:  " "
Literal.String:  "status"
Text:  "<newline>  "
Name.Property:  "s"
Text:  "  "
Punctuation:  "="
Text:  " "
Literal.String:  "status"
Text:  "<newline><newline>  "
Name.Property:  "b"
Text:  " "
Punctuation:  "="
Text:  " "
Literal.String:  "branch"
Text:  "<newline>  "
Name.Property:  "br"
Text:  " "
Punctuation:  "="
Text:  " "
Literal.String:  "branch"
Text:  "<newline>  "
Name.Property:  "d"
Text:  " "
Punctuation:  "="
Text:  " "
Literal.String:  "diff"
Text:  "<newline>  "
Name.Property:  "dc"
Text:  " "
Punctuation:  "="
Text:  " "
Literal.String:  "diff --cached"
Text:  "<newline><newline>  "
Name.Property:  "a"
Text:  "  "
Punctuation:  "="
Text:  " "
Literal.String:  "add"
Text:  "<newline>  "
Name.Property:  "ap"
Text:  " "
Punctuation:  "="
Text:  " "
Literal.String:  "add --patch"
Text:  "<newline>  "
Name.Property:  "ae"
Text:  " "
Punctuation:  "="
Text:  " "
Literal.String:  "add --edit"
Text:  "<newline><newline>  "
Name.Property:  "ps"
Text:  " "
Punctuation:  "="
Text:  " "
Literal.String:  "push"
Text:  "<newline>  "
Name.Property:  "fe"
Text:  " "
Punctuation:  "="
Text:  " "
Literal.String:  "fetch"
Text:  "<newline><newline>  "
Name.Property:  "sh"
Text:  " "
Punctuation:  "="
Text:  " "
Literal.String:  "stash"
Text:  "<newline><newline>  "
Comment:  "# fast-forward<newline>"
Text:  "  "
Name.Property:  "ff"
Text:  " "
Punctuation:  "="
Text:  " "
Literal.String:  "merge --ff-only"
Text:  "<newline>  "
Comment:  "# merge-commit<newline>"
Text:  "  "
Name.Property:  "mc"
Text:  " "
Punctuation:  "="
Text:  " "
Literal.String:  "merge --no-ff"
Text:  "<newline><newline>  "
Name.Property:  "rr"
Text:  " "
Punctuation:  "="
Text:  " "
Literal.String:  "rebase origin"
Text:  "<newline><newline>  "
Name.Property:  "lg"
Text:  " "
Punctuation:  "="
Text:  " "
Literal.String:  "log --decorate --graph --date=local"
Text:  "<newline><newline>  "
Name.Property:  "root"
Text:  " "
Punctuation:  "="
Text:  " "
Literal.String:  "rev-parse --show-toplevel"
Text:  "<newline>  "
Name.Property:  "head"
Text:  " "
Punctuation:  "="
Text:  " "
Literal.String:  "rev-parse HEAD"
Text:  "<newline><newline>"
Comment:  ";;;;;;  SYSTEM.INI ;;;;;;<newline>; for 16-bit app support<newline>"
Name.Namespace:  "[drivers]"
Text:  "<newline>"
Name.Property:  "wave"
Punctuation:  "="
Literal.String:  "mmdrv.dll"
Text:  "<newline>"
Name.Property:  "timer"
Punctuation:  "="
Literal.String:  "timer.drv"
Text:  "<newline>"
Name.Namespace:  "[mci]"
Text:  "<newline>"
Name.Namespace:  "[driver32]"
Text:  "<newline>"
Name.Namespace:  "[386enh]"
Text:  "<newline>"
Name.Property:  "woafont"
Punctuation:  "="
Literal.String:  "dosapp.FON"
Text:  "<newline>"
Name.Property:  "EGA80WOA.FON"
Punctuation:  "="
Literal.String:  "EGA80WOA.FON"
Text:  "<newline>"
Name.Property:  "EGA40WOA.FON"
Punctuation:  "="
Literal.String:  "EGA40WOA.FON"
Text:  "<newline>"
Name.Property:  "CGA80WOA.FON"
Punctuation:  "="
Literal.String:  "CGA80WOA.FON"
Text:  "<newline>"
Name.Property:  "CGA40WOA.FON"
Punctuation:  "="
Literal.String:  "CGA40WOA.FON"
Text:  "<newline><newline>"
Comment:  "## Other ##<newline>"
Name.Namespace:  "[section-name]"
Text:  "<newline>"
Name.Property:  "foo-bar_"
Text:  " "
Punctuation:  "="
Text:  " "
Literal.String:  "baz"
Text:  "<newline>"
