Generic.Prompt:  "irb(main):001:0>"
Text.Whitespace:  " "
Name.Builtin:  "puts"
Text:  " "
Operator:  "<<"
Name.Constant:  "XYZ"
Literal.String.Heredoc:  "<newline>"
Generic.Prompt:  "irb(main):002:0\""
Text.Whitespace:  " "
Literal.String.Heredoc:  "a<newline>"
Generic.Prompt:  "irb(main):003:0\""
Text.Whitespace:  " "
Literal.String.Heredoc:  "b<newline>"
Generic.Prompt:  "irb(main):004:0\""
Text.Whitespace:  " "
Name.Constant:  "XYZ"
Text:  "<newline>"
Generic.Output:  "a<newline>b<newline>"
Punctuation:  "=>"
Text:  " "
Keyword.Pseudo:  "nil"
Text:  "<newline>"
Generic.Prompt:  "irb(main):005:0>"
Text.Whitespace:  " <newline>"
Error:  "<newline><newline><newline>"
Generic.Prompt:  "[1] pry(main)>"
Text.Whitespace:  " "
Name:  "o"
Text:  " "
Operator:  "="
Text:  " "
Name.Constant:  "Object"
Punctuation:  "."
Name.Function:  "new"
Text:  "<newline>"
Punctuation:  "=>"
Text:  " "
Keyword.Type:  "#<"
Name.Constant:  "Object"
Punctuation:  ":"
Literal.Number.Hex:  "0x0056182cb182b8"
Keyword.Type:  ">"
Text:  "<newline>"
Generic.Prompt:  "[2] pry(main)>"
Text.Whitespace:  " "
Name:  "o"
Punctuation:  "."
Name.Function:  "instance_variable_set"
Punctuation:  "("
Literal.String.Symbol:  ":@foo"
Punctuation:  ","
Text:  " "
Name.Constant:  "Object"
Punctuation:  "."
Name.Function:  "new"
Punctuation:  ");"
Text:  " "
Name:  "o"
Text:  "<newline>"
Punctuation:  "=>"
Text:  " "
Keyword.Type:  "#<"
Name.Constant:  "Object"
Punctuation:  ":"
Literal.Number.Hex:  "0x0056182cb182b8"
Text:  " "
Name.Variable.Instance:  "@foo"
Operator:  "="
Keyword.Type:  "#<"
Name.Constant:  "Object"
Punctuation:  ":"
Literal.Number.Hex:  "0x0056182cb63100"
Keyword.Type:  ">>"
Text:  "<newline>"
Generic.Prompt:  "[3] pry(main)>"
Text.Whitespace:  " "
Name:  "o"
Punctuation:  "."
Name.Function:  "instance_variable_get"
Punctuation:  "("
Literal.String.Symbol:  ":@foo"
Punctuation:  ")."
Name.Function:  "instance_variable_set"
Punctuation:  "("
Literal.String.Symbol:  ":@bar"
Punctuation:  ","
Text:  " "
Literal.Number.Integer:  "3"
Punctuation:  ")"
Text:  "<newline>"
Punctuation:  "=>"
Text:  " "
Literal.Number.Integer:  "3"
Text:  "<newline>"
Generic.Prompt:  "[4] pry(main)>"
Text.Whitespace:  " "
Name:  "o"
Text:  "<newline>"
Punctuation:  "=>"
Text:  " "
Keyword.Type:  "#<"
Name.Constant:  "Object"
Punctuation:  ":"
Literal.Number.Hex:  "0x0056182cb182b8"
Text:  " "
Name.Variable.Instance:  "@foo"
Operator:  "="
Keyword.Type:  "#<"
Name.Constant:  "Object"
Punctuation:  ":"
Literal.Number.Hex:  "0x0056182cb63100"
Text:  " "
Name.Variable.Instance:  "@bar"
Operator:  "="
Literal.Number.Integer:  "3"
Keyword.Type:  ">>"
Text:  "<newline>"
Generic.Prompt:  "[5] pry(main)>"
Text.Whitespace:  " <newline>"
Error:  "<newline>"
Generic.Prompt:  "irb(main):001:0>"
Text.Whitespace:  " "
Name.Builtin:  "puts"
Text:  " "
Literal.String.Double:  "\"Hello, world!\""
Punctuation:  ";"
Text:  " "
Literal.Number.Integer:  "3"
Text:  "<newline>"
Generic.Output:  "Hello, world!<newline>"
Punctuation:  "=>"
Text:  " "
Literal.Number.Integer:  "3"
Text:  "<newline><newline>"
Generic.Prompt:  "[1] pry(main)>"
Text.Whitespace:  " "
Name.Constant:  "User"
Text:  "<newline>"
Punctuation:  "=>"
Text:  " "
Name.Constant:  "User"
Punctuation:  "("
Literal.String.Symbol:  "id: "
Name:  "integer"
Punctuation:  ","
Text:  " "
Literal.String.Symbol:  "email: "
Name:  "string"
Punctuation:  ","
Text:  " "
Literal.String.Symbol:  "encrypted_password: "
Name:  "string"
Punctuation:  ","
Text:  " "
Literal.String.Symbol:  "reset_password_token: "
Name:  "string"
Punctuation:  ","
Text:  " "
Literal.String.Symbol:  "reset_password_sent_at: "
Name:  "datetime"
Punctuation:  ","
Text:  " "
Literal.String.Symbol:  "remember_created_at: "
Name:  "datetime"
Punctuation:  ","
Text:  " "
Literal.String.Symbol:  "sign_in_count: "
Name:  "integer"
Punctuation:  ","
Text:  " "
Literal.String.Symbol:  "current_sign_in_at: "
Name:  "datetime"
Punctuation:  ","
Text:  " "
Literal.String.Symbol:  "last_sign_in_at: "
Name:  "datetime"
Punctuation:  ","
Text:  " "
Literal.String.Symbol:  "current_sign_in_ip: "
Name:  "string"
Punctuation:  ","
Text:  " "
Literal.String.Symbol:  "last_sign_in_ip: "
Name:  "string"
Punctuation:  ","
Text:  " "
Literal.String.Symbol:  "created_at: "
Name:  "datetime"
Punctuation:  ","
Text:  " "
Literal.String.Symbol:  "updated_at: "
Name:  "datetime"
Punctuation:  ","
Text:  " "
Literal.String.Symbol:  "name: "
Name:  "string"
Punctuation:  ","
Text:  " "
Literal.String.Symbol:  "admin: "
Name:  "boolean"
Punctuation:  ","
Text:  " "
Literal.String.Symbol:  "projects_limit: "
Name:  "integer"
Punctuation:  ","
Text:  " "
Literal.String.Symbol:  "skype: "
Name:  "string"
Punctuation:  ","
Text:  " "
Literal.String.Symbol:  "linkedin: "
Name:  "string"
Punctuation:  ","
Text:  " "
Literal.String.Symbol:  "twitter: "
Name:  "string"
Punctuation:  ","
Text:  " "
Literal.String.Symbol:  "authentication_token: "
Name:  "string"
Punctuation:  ","
Text:  " "
Literal.String.Symbol:  "bio: "
Name:  "string"
Punctuation:  ","
Text:  " "
Literal.String.Symbol:  "failed_attempts: "
Name:  "integer"
Punctuation:  ","
Text:  " "
Literal.String.Symbol:  "locked_at: "
Name:  "datetime"
Punctuation:  ","
Text:  " "
Literal.String.Symbol:  "username: "
Name:  "string"
Punctuation:  ","
Text:  " "
Literal.String.Symbol:  "can_create_group: "
Name:  "boolean"
Punctuation:  ","
Text:  " "
Literal.String.Symbol:  "can_create_team: "
Name:  "boolean"
Punctuation:  ","
Text:  " "
Literal.String.Symbol:  "state: "
Name:  "string"
Punctuation:  ","
Text:  " "
Literal.String.Symbol:  "color_scheme_id: "
Name:  "integer"
Punctuation:  ","
Text:  " "
Literal.String.Symbol:  "password_expires_at: "
Name:  "datetime"
Punctuation:  ","
Text:  " "
Literal.String.Symbol:  "created_by_id: "
Name:  "integer"
Punctuation:  ","
Text:  " "
Literal.String.Symbol:  "last_credential_check_at: "
Name:  "datetime"
Punctuation:  ","
Text:  " "
Literal.String.Symbol:  "avatar: "
Name:  "string"
Punctuation:  ","
Text:  " "
Literal.String.Symbol:  "confirmation_token: "
Name:  "string"
Punctuation:  ","
Text:  " "
Literal.String.Symbol:  "confirmed_at: "
Name:  "datetime"
Punctuation:  ","
Text:  " "
Literal.String.Symbol:  "confirmation_sent_at: "
Name:  "datetime"
Punctuation:  ","
Text:  " "
Literal.String.Symbol:  "unconfirmed_email: "
Name:  "string"
Punctuation:  ","
Text:  " "
Literal.String.Symbol:  "hide_no_ssh_key: "
Name:  "boolean"
Punctuation:  ","
Text:  " "
Literal.String.Symbol:  "website_url: "
Name:  "string"
Punctuation:  ","
Text:  " "
Literal.String.Symbol:  "notification_email: "
Name:  "string"
Punctuation:  ","
Text:  " "
Literal.String.Symbol:  "hide_no_password: "
Name:  "boolean"
Punctuation:  ","
Text:  " "
Literal.String.Symbol:  "password_automatically_set: "
Name:  "boolean"
Punctuation:  ","
Text:  " "
Literal.String.Symbol:  "location: "
Name:  "string"
Punctuation:  ","
Text:  " "
Literal.String.Symbol:  "encrypted_otp_secret: "
Name:  "string"
Punctuation:  ","
Text:  " "
Literal.String.Symbol:  "encrypted_otp_secret_iv: "
Name:  "string"
Punctuation:  ","
Text:  " "
Literal.String.Symbol:  "encrypted_otp_secret_salt: "
Name:  "string"
Punctuation:  ","
Text:  " "
Literal.String.Symbol:  "otp_required_for_login: "
Name:  "boolean"
Punctuation:  ","
Text:  " "
Literal.String.Symbol:  "otp_backup_codes: "
Name:  "text"
Punctuation:  ","
Text:  " "
Literal.String.Symbol:  "public_email: "
Name:  "string"
Punctuation:  ","
Text:  " "
Literal.String.Symbol:  "dashboard: "
Name:  "integer"
Punctuation:  ","
Text:  " "
Literal.String.Symbol:  "project_view: "
Name:  "integer"
Punctuation:  ","
Text:  " "
Literal.String.Symbol:  "consumed_timestep: "
Name:  "integer"
Punctuation:  ","
Text:  " "
Literal.String.Symbol:  "layout: "
Name:  "integer"
Punctuation:  ","
Text:  " "
Literal.String.Symbol:  "hide_project_limit: "
Name:  "boolean"
Punctuation:  ","
Text:  " "
Literal.String.Symbol:  "unlock_token: "
Name:  "string"
Punctuation:  ","
Text:  " "
Literal.String.Symbol:  "otp_grace_period_started_at: "
Name:  "datetime"
Punctuation:  ","
Text:  " "
Literal.String.Symbol:  "ldap_email: "
Name:  "boolean"
Punctuation:  ","
Text:  " "
Literal.String.Symbol:  "external: "
Name:  "boolean"
Punctuation:  ","
Text:  " "
Literal.String.Symbol:  "incoming_email_token: "
Name:  "string"
Punctuation:  ","
Text:  " "
Literal.String.Symbol:  "organization: "
Name:  "string"
Punctuation:  ","
Text:  " "
Literal.String.Symbol:  "authorized_projects_populated: "
Name:  "boolean"
Punctuation:  ","
Text:  " "
Literal.String.Symbol:  "ghost: "
Name:  "boolean"
Punctuation:  ","
Text:  " "
Literal.String.Symbol:  "last_activity_on: "
Name:  "date"
Punctuation:  ","
Text:  " "
Literal.String.Symbol:  "notified_of_own_activity: "
Name:  "boolean"
Punctuation:  ","
Text:  " "
Literal.String.Symbol:  "require_two_factor_authentication_from_group: "
Name:  "boolean"
Punctuation:  ","
Text:  " "
Literal.String.Symbol:  "two_factor_grace_period: "
Name:  "integer"
Punctuation:  ")"
Text:  "<newline><newline>"
Generic.Prompt:  "[2] pry(main)>"
Text.Whitespace:  " "
Name.Constant:  "User"
Punctuation:  "."
Name.Function:  "new"
Text:  "<newline>"
Generic.Output:  "  ActiveRecord::SchemaMigration Load (0.3ms)  SELECT \"schema_migrations\".* FROM \"schema_migrations\"<newline>  ActiveRecord::SchemaMigration Load (0.3ms)  SELECT \"schema_migrations\".* FROM \"schema_migrations\"<newline>"
Punctuation:  "=>"
Text:  " "
Keyword.Type:  "#<"
Name.Constant:  "User"
Text:  " "
Literal.String.Symbol:  "id: "
Keyword.Pseudo:  "nil"
Punctuation:  ","
Text:  " "
Literal.String.Symbol:  "email: "
Literal.String.Double:  "\"\""
Punctuation:  ","
Text:  " "
Literal.String.Symbol:  "created_at: "
Keyword.Pseudo:  "nil"
Punctuation:  ","
Text:  " "
Literal.String.Symbol:  "updated_at: "
Keyword.Pseudo:  "nil"
Punctuation:  ","
Text:  " "
Literal.String.Symbol:  "name: "
Keyword.Pseudo:  "nil"
Punctuation:  ","
Text:  " "
Literal.String.Symbol:  "admin: "
Keyword.Pseudo:  "false"
Punctuation:  ","
Text:  " "
Literal.String.Symbol:  "projects_limit: "
Literal.Number.Integer:  "100000"
Punctuation:  ","
Text:  " "
Literal.String.Symbol:  "skype: "
Literal.String.Double:  "\"\""
Punctuation:  ","
Text:  " "
Literal.String.Symbol:  "linkedin: "
Literal.String.Double:  "\"\""
Punctuation:  ","
Text:  " "
Literal.String.Symbol:  "twitter: "
Literal.String.Double:  "\"\""
Punctuation:  ","
Text:  " "
Literal.String.Symbol:  "authentication_token: "
Keyword.Pseudo:  "nil"
Punctuation:  ","
Text:  " "
Literal.String.Symbol:  "bio: "
Keyword.Pseudo:  "nil"
Punctuation:  ","
Text:  " "
Literal.String.Symbol:  "username: "
Keyword.Pseudo:  "nil"
Punctuation:  ","
Text:  " "
Literal.String.Symbol:  "can_create_group: "
Keyword.Pseudo:  "true"
Punctuation:  ","
Text:  " "
Literal.String.Symbol:  "can_create_team: "
Keyword.Pseudo:  "false"
Punctuation:  ","
Text:  " "
Literal.String.Symbol:  "state: "
Literal.String.Double:  "\"active\""
Punctuation:  ","
Text:  " "
Literal.String.Symbol:  "color_scheme_id: "
Literal.Number.Integer:  "1"
Punctuation:  ","
Text:  " "
Literal.String.Symbol:  "password_expires_at: "
Keyword.Pseudo:  "nil"
Punctuation:  ","
Text:  " "
Literal.String.Symbol:  "created_by_id: "
Keyword.Pseudo:  "nil"
Punctuation:  ","
Text:  " "
Literal.String.Symbol:  "last_credential_check_at: "
Keyword.Pseudo:  "nil"
Punctuation:  ","
Text:  " "
Literal.String.Symbol:  "avatar: "
Keyword.Pseudo:  "nil"
Punctuation:  ","
Text:  " "
Literal.String.Symbol:  "hide_no_ssh_key: "
Keyword.Pseudo:  "false"
Punctuation:  ","
Text:  " "
Literal.String.Symbol:  "website_url: "
Literal.String.Double:  "\"\""
Punctuation:  ","
Text:  " "
Literal.String.Symbol:  "notification_email: "
Keyword.Pseudo:  "nil"
Punctuation:  ","
Text:  " "
Literal.String.Symbol:  "hide_no_password: "
Keyword.Pseudo:  "false"
Punctuation:  ","
Text:  " "
Literal.String.Symbol:  "password_automatically_set: "
Keyword.Pseudo:  "false"
Punctuation:  ","
Text:  " "
Literal.String.Symbol:  "location: "
Keyword.Pseudo:  "nil"
Punctuation:  ","
Text:  " "
Literal.String.Symbol:  "encrypted_otp_secret: "
Keyword.Pseudo:  "nil"
Punctuation:  ","
Text:  " "
Literal.String.Symbol:  "encrypted_otp_secret_iv: "
Keyword.Pseudo:  "nil"
Punctuation:  ","
Text:  " "
Literal.String.Symbol:  "encrypted_otp_secret_salt: "
Keyword.Pseudo:  "nil"
Punctuation:  ","
Text:  " "
Literal.String.Symbol:  "otp_required_for_login: "
Keyword.Pseudo:  "false"
Punctuation:  ","
Text:  " "
Literal.String.Symbol:  "otp_backup_codes: "
Keyword.Pseudo:  "nil"
Punctuation:  ","
Text:  " "
Literal.String.Symbol:  "public_email: "
Literal.String.Double:  "\"\""
Punctuation:  ","
Text:  " "
Literal.String.Symbol:  "dashboard: "
Literal.Number.Integer:  "0"
Punctuation:  ","
Text:  " "
Literal.String.Symbol:  "project_view: "
Literal.Number.Integer:  "2"
Punctuation:  ","
Text:  " "
Literal.String.Symbol:  "consumed_timestep: "
Keyword.Pseudo:  "nil"
Punctuation:  ","
Text:  " "
Literal.String.Symbol:  "layout: "
Literal.Number.Integer:  "0"
Punctuation:  ","
Text:  " "
Literal.String.Symbol:  "hide_project_limit: "
Keyword.Pseudo:  "false"
Punctuation:  ","
Text:  " "
Literal.String.Symbol:  "otp_grace_period_started_at: "
Keyword.Pseudo:  "nil"
Punctuation:  ","
Text:  " "
Literal.String.Symbol:  "ldap_email: "
Keyword.Pseudo:  "false"
Punctuation:  ","
Text:  " "
Literal.String.Symbol:  "external: "
Keyword.Pseudo:  "false"
Punctuation:  ","
Text:  " "
Literal.String.Symbol:  "incoming_email_token: "
Keyword.Pseudo:  "nil"
Punctuation:  ","
Text:  " "
Literal.String.Symbol:  "organization: "
Keyword.Pseudo:  "nil"
Punctuation:  ","
Text:  " "
Literal.String.Symbol:  "authorized_projects_populated: "
Keyword.Pseudo:  "nil"
Punctuation:  ","
Text:  " "
Literal.String.Symbol:  "ghost: "
Keyword.Pseudo:  "nil"
Punctuation:  ","
Text:  " "
Literal.String.Symbol:  "last_activity_on: "
Keyword.Pseudo:  "nil"
Punctuation:  ","
Text:  " "
Literal.String.Symbol:  "notified_of_own_activity: "
Keyword.Pseudo:  "false"
Punctuation:  ","
Text:  " "
Literal.String.Symbol:  "require_two_factor_authentication_from_group: "
Keyword.Pseudo:  "false"
Punctuation:  ","
Text:  " "
Literal.String.Symbol:  "two_factor_grace_period: "
Literal.Number.Integer:  "48"
Keyword.Type:  ">"
Text:  "<newline><newline>"
Generic.Prompt:  "[5] pry(main)>"
Text.Whitespace:  " "
Keyword:  "raise"
Text:  " "
Literal.String.Single:  "'hello'"
Text:  "<newline>"
Generic.Error:  "RuntimeError: hello<newline>from (pry):5:in `__pry__'<newline>"
Generic.Prompt:  "[6] pry(main)>"
Text.Whitespace:  " "
Name.Builtin:  "puts"
Text:  " "
Literal.String.Single:  "'hello'"
Text:  "<newline>"
Generic.Output:  "hello<newline>"
