Comment.Single:  "% from MiniZinc Handbook:"
Text.Whitespace:  "<newline>"
Comment.Single:  "% https://www.minizinc.org/doc-latest/en/predicates.html"
Text.Whitespace:  "<newline><newline>"
Comment.Single:  "% Simple nurse rostering"
Text.Whitespace:  "<newline>"
Keyword:  "include"
Text.Whitespace:  " "
Literal.String:  "\"regular.mzn\""
Punctuation:  ";"
Text.Whitespace:  "<newline>"
Keyword.Type:  "enum"
Text.Whitespace:  " "
Name.Other:  "NURSE"
Punctuation:  ";"
Text.Whitespace:  "<newline>"
Keyword.Type:  "enum"
Text.Whitespace:  " "
Name.Other:  "DAY"
Punctuation:  ";"
Text.Whitespace:  "<newline>"
Keyword.Type:  "int"
Punctuation:  ":"
Text.Whitespace:  " "
Name.Other:  "req_day"
Punctuation:  ";"
Text.Whitespace:  "<newline>"
Keyword.Type:  "int"
Punctuation:  ":"
Text.Whitespace:  " "
Name.Other:  "req_night"
Punctuation:  ";"
Text.Whitespace:  "<newline>"
Keyword.Type:  "int"
Punctuation:  ":"
Text.Whitespace:  " "
Name.Other:  "min_night"
Punctuation:  ";"
Text.Whitespace:  "<newline><newline>"
Keyword.Type:  "enum"
Text.Whitespace:  " "
Name.Other:  "SHIFT"
Text.Whitespace:  " "
Operator:  "="
Text.Whitespace:  " "
Punctuation:  "{"
Text.Whitespace:  " "
Name.Other:  "d"
Punctuation:  ","
Text.Whitespace:  " "
Name.Other:  "n"
Punctuation:  ","
Text.Whitespace:  " "
Name.Other:  "o"
Text.Whitespace:  " "
Punctuation:  "};"
Text.Whitespace:  "<newline>"
Keyword.Type:  "int"
Punctuation:  ":"
Text.Whitespace:  " "
Name.Other:  "S"
Text.Whitespace:  " "
Operator:  "="
Text.Whitespace:  " "
Name.Builtin:  "card"
Punctuation:  "("
Name.Other:  "SHIFT"
Punctuation:  ");"
Text.Whitespace:  "<newline><newline>"
Keyword.Type:  "int"
Punctuation:  ":"
Text.Whitespace:  " "
Name.Other:  "Q"
Text.Whitespace:  " "
Operator:  "="
Text.Whitespace:  " "
Literal.Number:  "6"
Punctuation:  ";"
Text.Whitespace:  " "
Keyword.Type:  "int"
Punctuation:  ":"
Text.Whitespace:  " "
Name.Other:  "q0"
Text.Whitespace:  " "
Operator:  "="
Text.Whitespace:  " "
Literal.Number:  "1"
Punctuation:  ";"
Text.Whitespace:  " "
Keyword.Type:  "set"
Text.Whitespace:  " "
Keyword:  "of"
Text.Whitespace:  " "
Keyword.Type:  "int"
Punctuation:  ":"
Text.Whitespace:  " "
Name.Other:  "STATE"
Text.Whitespace:  " "
Operator:  "="
Text.Whitespace:  " "
Literal.Number:  "1"
Operator:  ".."
Name.Other:  "Q"
Punctuation:  ";"
Text.Whitespace:  "<newline>"
Keyword.Type:  "array"
Punctuation:  "["
Name.Other:  "STATE"
Punctuation:  ","
Name.Other:  "SHIFT"
Punctuation:  "]"
Text.Whitespace:  " "
Keyword:  "of"
Text.Whitespace:  " "
Keyword.Type:  "int"
Punctuation:  ":"
Text.Whitespace:  " "
Name.Other:  "t"
Text.Whitespace:  " "
Operator:  "="
Text.Whitespace:  "<newline>     "
Punctuation:  "[|"
Text.Whitespace:  " "
Literal.Number:  "2"
Punctuation:  ","
Text.Whitespace:  " "
Literal.Number:  "3"
Punctuation:  ","
Text.Whitespace:  " "
Literal.Number:  "1"
Text.Whitespace:  "    "
Comment.Single:  "% state 1"
Text.Whitespace:  "<newline>      "
Punctuation:  "|"
Text.Whitespace:  " "
Literal.Number:  "4"
Punctuation:  ","
Text.Whitespace:  " "
Literal.Number:  "4"
Punctuation:  ","
Text.Whitespace:  " "
Literal.Number:  "1"
Text.Whitespace:  "    "
Comment.Single:  "% state 2"
Text.Whitespace:  "<newline>      "
Punctuation:  "|"
Text.Whitespace:  " "
Literal.Number:  "4"
Punctuation:  ","
Text.Whitespace:  " "
Literal.Number:  "5"
Punctuation:  ","
Text.Whitespace:  " "
Literal.Number:  "1"
Text.Whitespace:  "    "
Comment.Single:  "% state 3"
Text.Whitespace:  "<newline>      "
Punctuation:  "|"
Text.Whitespace:  " "
Literal.Number:  "6"
Punctuation:  ","
Text.Whitespace:  " "
Literal.Number:  "6"
Punctuation:  ","
Text.Whitespace:  " "
Literal.Number:  "1"
Text.Whitespace:  "    "
Comment.Single:  "% state 4"
Text.Whitespace:  "<newline>      "
Punctuation:  "|"
Text.Whitespace:  " "
Literal.Number:  "6"
Punctuation:  ","
Text.Whitespace:  " "
Literal.Number:  "0"
Punctuation:  ","
Text.Whitespace:  " "
Literal.Number:  "1"
Text.Whitespace:  "    "
Comment.Single:  "% state 5"
Text.Whitespace:  "<newline>      "
Punctuation:  "|"
Text.Whitespace:  " "
Literal.Number:  "0"
Punctuation:  ","
Text.Whitespace:  " "
Literal.Number:  "0"
Punctuation:  ","
Text.Whitespace:  " "
Literal.Number:  "1"
Punctuation:  "|];"
Text.Whitespace:  " "
Comment.Single:  "% state 6"
Text.Whitespace:  "<newline><newline>"
Keyword.Type:  "array"
Punctuation:  "["
Name.Other:  "NURSE"
Punctuation:  ","
Name.Other:  "DAY"
Punctuation:  "]"
Text.Whitespace:  " "
Keyword:  "of"
Text.Whitespace:  " "
Keyword:  "var"
Text.Whitespace:  " "
Name.Other:  "SHIFT"
Punctuation:  ":"
Text.Whitespace:  " "
Name.Other:  "roster"
Punctuation:  ";"
Text.Whitespace:  "<newline><newline>"
Keyword:  "constraint"
Text.Whitespace:  " "
Keyword:  "forall"
Punctuation:  "("
Name.Other:  "j"
Text.Whitespace:  " "
Operator:  "in"
Text.Whitespace:  " "
Name.Other:  "DAY"
Punctuation:  ")("
Text.Whitespace:  "<newline>             "
Name.Builtin:  "sum"
Punctuation:  "("
Name.Other:  "i"
Text.Whitespace:  " "
Operator:  "in"
Text.Whitespace:  " "
Name.Other:  "NURSE"
Punctuation:  ")("
Name.Other:  "roster"
Punctuation:  "["
Name.Other:  "i"
Punctuation:  ","
Name.Other:  "j"
Punctuation:  "]"
Text.Whitespace:  " "
Operator:  "=="
Text.Whitespace:  " "
Name.Other:  "d"
Punctuation:  ")"
Text.Whitespace:  " "
Operator:  "=="
Text.Whitespace:  " "
Name.Other:  "req_day"
Text.Whitespace:  " "
Operator:  "/\\"
Text.Whitespace:  "<newline>             "
Name.Builtin:  "sum"
Punctuation:  "("
Name.Other:  "i"
Text.Whitespace:  " "
Operator:  "in"
Text.Whitespace:  " "
Name.Other:  "NURSE"
Punctuation:  ")("
Name.Other:  "roster"
Punctuation:  "["
Name.Other:  "i"
Punctuation:  ","
Name.Other:  "j"
Punctuation:  "]"
Text.Whitespace:  " "
Operator:  "=="
Text.Whitespace:  " "
Name.Other:  "n"
Punctuation:  ")"
Text.Whitespace:  " "
Operator:  "=="
Text.Whitespace:  " "
Name.Other:  "req_night"
Text.Whitespace:  "<newline>           "
Punctuation:  ");"
Text.Whitespace:  "<newline>"
Keyword:  "constraint"
Text.Whitespace:  " "
Keyword:  "forall"
Punctuation:  "("
Name.Other:  "i"
Text.Whitespace:  " "
Operator:  "in"
Text.Whitespace:  " "
Name.Other:  "NURSE"
Punctuation:  ")("
Text.Whitespace:  "<newline>             "
Name.Other:  "regular"
Punctuation:  "(["
Name.Other:  "roster"
Punctuation:  "["
Name.Other:  "i"
Punctuation:  ","
Name.Other:  "j"
Punctuation:  "]"
Text.Whitespace:  " "
Punctuation:  "|"
Text.Whitespace:  " "
Name.Other:  "j"
Text.Whitespace:  " "
Operator:  "in"
Text.Whitespace:  " "
Name.Other:  "DAY"
Punctuation:  "],"
Text.Whitespace:  " "
Name.Other:  "Q"
Punctuation:  ","
Text.Whitespace:  " "
Name.Other:  "S"
Punctuation:  ","
Text.Whitespace:  " "
Name.Other:  "t"
Punctuation:  ","
Text.Whitespace:  " "
Name.Other:  "q0"
Punctuation:  ","
Text.Whitespace:  " "
Name.Other:  "STATE"
Punctuation:  ")"
Text.Whitespace:  " "
Operator:  "/\\"
Text.Whitespace:  "<newline>             "
Name.Builtin:  "sum"
Punctuation:  "("
Name.Other:  "j"
Text.Whitespace:  " "
Operator:  "in"
Text.Whitespace:  " "
Name.Other:  "DAY"
Punctuation:  ")("
Name.Other:  "roster"
Punctuation:  "["
Name.Other:  "i"
Punctuation:  ","
Name.Other:  "j"
Punctuation:  "]"
Text.Whitespace:  " "
Operator:  "=="
Text.Whitespace:  " "
Name.Other:  "n"
Punctuation:  ")"
Text.Whitespace:  " "
Operator:  ">="
Text.Whitespace:  " "
Name.Other:  "min_night"
Text.Whitespace:  "<newline>           "
Punctuation:  ");"
Text.Whitespace:  "<newline><newline>"
Keyword:  "solve"
Text.Whitespace:  " "
Keyword:  "satisfy"
Punctuation:  ";"
Text.Whitespace:  "<newline><newline>"
Keyword:  "output"
Text.Whitespace:  " "
Punctuation:  "["
Text.Whitespace:  " "
Name.Builtin:  "show"
Punctuation:  "("
Name.Other:  "roster"
Punctuation:  "["
Name.Other:  "i"
Punctuation:  ","
Name.Other:  "j"
Punctuation:  "])"
Text.Whitespace:  " "
Operator:  "++"
Text.Whitespace:  " "
Keyword:  "if"
Text.Whitespace:  " "
Name.Other:  "j"
Operator:  "=="
Name.Builtin:  "card"
Punctuation:  "("
Name.Other:  "DAY"
Punctuation:  ")"
Text.Whitespace:  " "
Keyword:  "then"
Text.Whitespace:  " "
Literal.String:  "\"<newline>\""
Text.Whitespace:  " "
Keyword:  "else"
Text.Whitespace:  " "
Literal.String:  "\" \""
Text.Whitespace:  " "
Keyword:  "endif"
Text.Whitespace:  "<newline>       "
Punctuation:  "|"
Text.Whitespace:  " "
Name.Other:  "i"
Text.Whitespace:  " "
Operator:  "in"
Text.Whitespace:  " "
Name.Other:  "NURSE"
Punctuation:  ","
Text.Whitespace:  " "
Name.Other:  "j"
Text.Whitespace:  " "
Operator:  "in"
Text.Whitespace:  " "
Name.Other:  "DAY"
Text.Whitespace:  " "
Punctuation:  "];"
Text.Whitespace:  "<newline><newline>"
Comment.Multiline:  "/*<newline>   Multiline<newline>   comment<newline>   test<newline>*/"
Text.Whitespace:  "<newline><newline>"
Keyword:  "predicate"
Text.Whitespace:  " "
Name.Other:  "atmostone"
Punctuation:  "("
Keyword.Type:  "array"
Punctuation:  "["
Keyword.Type:  "int"
Punctuation:  "]"
Text.Whitespace:  " "
Keyword:  "of"
Text.Whitespace:  " "
Keyword:  "var"
Text.Whitespace:  " "
Keyword.Type:  "bool"
Punctuation:  ":"
Name.Other:  "x"
Punctuation:  ")"
Text.Whitespace:  " "
Operator:  "="
Text.Whitespace:  "<newline>          "
Keyword:  "forall"
Punctuation:  "("
Name.Other:  "i"
Punctuation:  ","
Name.Other:  "j"
Text.Whitespace:  " "
Operator:  "in"
Text.Whitespace:  " "
Name.Builtin:  "index_set"
Punctuation:  "("
Name.Other:  "x"
Punctuation:  ")"
Text.Whitespace:  " "
Keyword:  "where"
Text.Whitespace:  " "
Name.Other:  "i"
Text.Whitespace:  " "
Operator:  "<"
Text.Whitespace:  " "
Name.Other:  "j"
Punctuation:  ")("
Text.Whitespace:  "<newline>            "
Punctuation:  "("
Operator:  "not"
Text.Whitespace:  " "
Name.Other:  "x"
Punctuation:  "["
Name.Other:  "i"
Punctuation:  "]"
Text.Whitespace:  " "
Operator:  "\\/"
Text.Whitespace:  " "
Operator:  "not"
Text.Whitespace:  " "
Name.Other:  "x"
Punctuation:  "["
Name.Other:  "j"
Punctuation:  "]));"
Text.Whitespace:  "<newline>"
