Comment.Preproc:  "%!PS-Adobe-3.0"
Text:  "<newline>"
Comment.Special:  "%%BoundingBox: 38 24 574 768"
Text:  "<newline>"
Comment.Special:  "%%Title: Enscript Output"
Text:  "<newline>"
Comment.Single:  "%"
Text:  "<newline>"
Comment.Single:  "% Procedures."
Text:  "<newline>"
Comment.Single:  "%"
Text:  "<newline><newline>"
Name.Variable:  "/_S"
Text:  " "
Punctuation:  "{"
Text:  "\t"
Comment.Single:  "% save current state"
Text:  "<newline>  "
Name.Variable:  "/_s"
Text:  " "
Name.Builtin:  "save"
Text:  " "
Name.Builtin:  "def"
Text:  "<newline>"
Punctuation:  "}"
Text:  " "
Name.Builtin:  "def"
Text:  "<newline>"
Name.Variable:  "/_R"
Text:  " "
Punctuation:  "{"
Text:  "\t"
Comment.Single:  "% restore from saved state"
Text:  "<newline>  "
Name.Function:  "_s"
Text:  " "
Name.Builtin:  "restore"
Text:  "<newline>"
Punctuation:  "}"
Text:  " "
Name.Builtin:  "def"
Text:  "<newline><newline>"
Name.Variable:  "/S"
Text:  " "
Punctuation:  "{"
Text:  "\t"
Comment.Single:  "% showpage protecting gstate"
Text:  "<newline>  "
Name.Builtin:  "gsave"
Text:  "<newline>  "
Name.Builtin:  "showpage"
Text:  "<newline>  "
Name.Builtin:  "grestore"
Text:  "<newline>"
Punctuation:  "}"
Text:  " "
Name.Builtin:  "bind"
Text:  " "
Name.Builtin:  "def"
Text:  "<newline><newline>"
Name.Variable:  "/MF"
Text:  " "
Punctuation:  "{"
Text:  "\t"
Comment.Single:  "% fontname newfontname -> -\tmake a new encoded font"
Text:  "<newline>  "
Name.Variable:  "/newfontname"
Text:  " "
Name.Builtin:  "exch"
Text:  " "
Name.Builtin:  "def"
Text:  "<newline>  "
Name.Variable:  "/fontname"
Text:  " "
Name.Builtin:  "exch"
Text:  " "
Name.Builtin:  "def"
Text:  "<newline><newline>  "
Name.Variable:  "/fontdict"
Text:  " "
Name.Function:  "fontname"
Text:  " "
Name.Builtin:  "findfont"
Text:  " "
Name.Builtin:  "def"
Text:  "<newline>  "
Name.Variable:  "/newfont"
Text:  " "
Name.Function:  "fontdict"
Text:  " "
Name.Function:  "maxlength"
Text:  " "
Name.Builtin:  "dict"
Text:  " "
Name.Builtin:  "def"
Text:  "<newline><newline>  "
Name.Function:  "fontdict"
Text:  " "
Punctuation:  "{"
Text:  "<newline>    "
Name.Builtin:  "exch"
Text:  "<newline>    "
Name.Builtin:  "dup"
Text:  " "
Name.Variable:  "/FID"
Text:  " "
Keyword.Reserved:  "eq"
Text:  " "
Punctuation:  "{"
Text:  "<newline>      "
Comment.Single:  "% skip FID pair"
Text:  "<newline>      "
Name.Builtin:  "pop"
Text:  " "
Name.Builtin:  "pop"
Text:  "<newline>    "
Punctuation:  "}"
Text:  " "
Punctuation:  "{"
Text:  "<newline>      "
Comment.Single:  "% copy to the new font dictionary"
Text:  "<newline>      "
Name.Builtin:  "exch"
Text:  " "
Name.Function:  "newfont"
Text:  " "
Literal.Number.Float:  "3"
Text:  " "
Literal.Number.Float:  "1"
Text:  " "
Name.Builtin:  "roll"
Text:  " "
Name.Builtin:  "put"
Text:  "<newline>    "
Punctuation:  "}"
Text:  " "
Keyword.Reserved:  "ifelse"
Text:  "<newline>  "
Punctuation:  "}"
Text:  " "
Keyword.Reserved:  "forall"
Text:  "<newline><newline>  "
Name.Function:  "newfont"
Text:  " "
Name.Variable:  "/FontName"
Text:  " "
Name.Function:  "newfontname"
Text:  " "
Name.Builtin:  "put"
Text:  "<newline><newline>  "
Comment.Single:  "% insert only valid encoding vectors"
Text:  "<newline>  "
Name.Function:  "encoding_vector"
Text:  " "
Name.Builtin:  "length"
Text:  " "
Literal.Number.Float:  "256"
Text:  " "
Keyword.Reserved:  "eq"
Text:  " "
Punctuation:  "{"
Text:  "<newline>    "
Name.Function:  "newfont"
Text:  " "
Name.Variable:  "/Encoding"
Text:  " "
Name.Function:  "encoding_vector"
Text:  " "
Name.Builtin:  "put"
Text:  "<newline>  "
Punctuation:  "}"
Text:  " "
Keyword.Reserved:  "if"
Text:  "<newline><newline>  "
Name.Function:  "newfontname"
Text:  " "
Name.Function:  "newfont"
Text:  " "
Name.Function:  "definefont"
Text:  " "
Name.Builtin:  "pop"
Text:  "<newline>"
Punctuation:  "}"
Text:  " "
Name.Builtin:  "def"
Text:  "<newline><newline>"
Comment.Single:  "% Column separator lines."
Text:  "<newline>"
Name.Variable:  "/column_lines"
Text:  " "
Punctuation:  "{"
Text:  "<newline>  "
Name.Builtin:  "gsave"
Text:  "<newline>    "
Literal.Number.Float:  ".1"
Text:  " "
Name.Builtin:  "setlinewidth"
Text:  "<newline>    "
Literal.Number.Float:  "0"
Text:  " "
Name.Function:  "d_footer_h"
Text:  " "
Name.Builtin:  "translate"
Text:  "<newline>    "
Name.Variable:  "/cw"
Text:  " "
Name.Function:  "d_output_w"
Text:  " "
Name.Function:  "cols"
Text:  " "
Name.Builtin:  "div"
Text:  " "
Name.Builtin:  "def"
Text:  "<newline>    "
Literal.Number.Float:  "1"
Text:  " "
Literal.Number.Float:  "1"
Text:  " "
Name.Function:  "cols"
Text:  " "
Literal.Number.Float:  "1"
Text:  " "
Name.Builtin:  "sub"
Text:  " "
Punctuation:  "{"
Text:  "<newline>      "
Name.Function:  "cw"
Text:  " "
Name.Builtin:  "mul"
Text:  " "
Literal.Number.Float:  "0"
Text:  " "
Name.Builtin:  "moveto"
Text:  "<newline>      "
Literal.Number.Float:  "0"
Text:  " "
Name.Function:  "d_output_h"
Text:  " "
Name.Builtin:  "rlineto"
Text:  " "
Name.Builtin:  "stroke"
Text:  "<newline>    "
Punctuation:  "}"
Text:  " "
Keyword.Reserved:  "for"
Text:  "<newline>  "
Name.Builtin:  "grestore"
Text:  "<newline>"
Punctuation:  "}"
Text:  " "
Name.Builtin:  "def"
Text:  "<newline><newline>"
Comment.Single:  "% Page prefeed"
Text:  "<newline>"
Name.Variable:  "/page_prefeed"
Text:  " "
Punctuation:  "{"
Text:  "\t\t"
Comment.Single:  "% bool -> -"
Text:  "<newline>  "
Name.Function:  "statusdict"
Text:  " "
Name.Variable:  "/prefeed"
Text:  " "
Name.Function:  "known"
Text:  " "
Punctuation:  "{"
Text:  "<newline>    "
Name.Function:  "statusdict"
Text:  " "
Name.Builtin:  "exch"
Text:  " "
Name.Variable:  "/prefeed"
Text:  " "
Name.Builtin:  "exch"
Text:  " "
Name.Builtin:  "put"
Text:  "<newline>  "
Punctuation:  "}"
Text:  " "
Punctuation:  "{"
Text:  "<newline>    "
Name.Builtin:  "pop"
Text:  "<newline>  "
Punctuation:  "}"
Text:  " "
Keyword.Reserved:  "ifelse"
Text:  "<newline>"
Punctuation:  "}"
Text:  " "
Name.Builtin:  "def"
Text:  "<newline><newline>"
Comment.Special:  "%%BeginResource: procset Enscript-Encoding-88591 1.6 6"
Text:  "<newline>"
Name.Variable:  "/encoding_vector"
Text:  " "
Punctuation:  "["
Text:  "<newline>"
Name.Variable:  "/udieresis"
Text:  "    \t"
Name.Variable:  "/yacute"
Text:  "       \t"
Name.Variable:  "/thorn"
Text:  "        \t"
Name.Variable:  "/ydieresis"
Text:  "    \t<newline>"
Punctuation:  "]"
Text:  " "
Name.Builtin:  "def"
Text:  "<newline>"
Comment.Special:  "%%EndResource"
Text:  "<newline>"
Comment.Special:  "%%EndProlog"
Text:  "<newline>"
Comment.Special:  "%%BeginSetup"
Text:  "<newline>"
Comment.Single:  "% Pagedevice definitions:"
Text:  "<newline>"
Name.Function:  "gs_languagelevel"
Text:  " "
Literal.Number.Float:  "1"
Text:  " "
Keyword.Reserved:  "gt"
Text:  " "
Punctuation:  "{"
Text:  "<newline>  "
Punctuation:  "<<"
Text:  "<newline>    "
Name.Variable:  "/PageSize"
Text:  " "
Punctuation:  "["
Literal.Number.Float:  "612"
Text:  " "
Literal.Number.Float:  "792"
Punctuation:  "]"
Text:  " <newline>  "
Punctuation:  ">>"
Text:  " "
Name.Function:  "setpagedevice"
Text:  "<newline>"
Punctuation:  "}"
Text:  " "
Keyword.Reserved:  "if"
Text:  "<newline><newline>"
Comment.Special:  "%%EndSetup"
Text:  "<newline>"
Comment.Special:  "%%Page: (1) 1"
Text:  "<newline>"
Comment.Special:  "%%BeginPageSetup"
Text:  "<newline>"
Name.Function:  "_S"
Text:  "<newline>"
Literal.Number.Float:  "38"
Text:  " "
Literal.Number.Float:  "24"
Text:  " "
Name.Builtin:  "translate"
Text:  "<newline>"
Name.Variable:  "/pagenum"
Text:  " "
Literal.Number.Float:  "1"
Text:  " "
Name.Builtin:  "def"
Text:  "<newline>"
Name.Variable:  "/fname"
Text:  " "
Literal.String:  "(t.txt)"
Text:  " "
Name.Builtin:  "def"
Text:  "<newline>"
Name.Variable:  "/fdir"
Text:  " "
Literal.String:  "(.)"
Text:  " "
Name.Builtin:  "def"
Text:  "<newline>"
Name.Variable:  "/ftail"
Text:  " "
Literal.String:  "(t.txt)"
Text:  " "
Name.Builtin:  "def"
Text:  "<newline>"
Name.Variable:  "/fmodstr"
Text:  " "
Literal.String:  "(ti. feb. 19 15:28:20 2019)"
Text:  " "
Name.Builtin:  "def"
Text:  "<newline>"
Name.Variable:  "/pagenumstr"
Text:  " "
Literal.String:  "(1)"
Text:  " "
Name.Builtin:  "def"
Text:  "<newline>"
Name.Variable:  "/user_header_p"
Text:  " "
Keyword.Constant:  "false"
Text:  " "
Name.Builtin:  "def"
Text:  "<newline>"
Name.Variable:  "/user_footer_p"
Text:  " "
Keyword.Constant:  "false"
Text:  " "
Name.Builtin:  "def"
Text:  "<newline>"
Comment.Special:  "%%EndPageSetup"
Text:  "<newline>"
Name.Function:  "do_header"
Text:  "<newline>"
Literal.Number.Float:  "5"
Text:  " "
Literal.Number.Float:  "687"
Text:  " "
Name.Function:  "M"
Text:  "<newline>"
Literal.String:  "(text]"
Literal.String.Escape:  "\\("
Literal.String:  "https://example.com"
Literal.String.Escape:  "\\)\\)"
Literal.String:  ")"
Text:  " "
Name.Function:  "s"
Text:  "<newline>"
Literal.Number.Float:  "5"
Text:  " "
Literal.Number.Float:  "588"
Text:  " "
Name.Function:  "M"
Text:  "<newline>"
Name.Function:  "_R"
Text:  "<newline>"
Name.Function:  "S"
Text:  "<newline>"
Comment.Special:  "%%Trailer"
Text:  "<newline>"
Comment.Special:  "%%Pages: 1"
Text:  "<newline>"
Comment.Special:  "%%EOF"
Text:  "<newline>"
