Comment.Single:  "// See README.txt for information and build instructions."
Text:  "<newline><newline>"
Keyword.Namespace:  "package"
Text:  " "
Name.Namespace:  "tutorial"
Punctuation:  ";"
Text:  "<newline><newline>"
Keyword:  "option"
Text:  " "
Name.Attribute:  "java_package"
Text:  " "
Operator:  "="
Text:  " "
Literal.String:  "\"com.example.tutorial\""
Punctuation:  ";"
Text:  "<newline>"
Keyword:  "option"
Text:  " "
Name.Attribute:  "java_outer_classname"
Text:  " "
Operator:  "="
Text:  " "
Literal.String:  "\"AddressBookProtos\""
Punctuation:  ";"
Text:  "<newline><newline>"
Keyword.Declaration:  "message"
Text:  " "
Name.Class:  "Person"
Text:  " "
Punctuation:  "{"
Text:  "<newline>  "
Keyword:  "required"
Text:  " "
Keyword.Type:  "string"
Text:  " "
Name.Attribute:  "name"
Text:  " "
Operator:  "="
Text:  " "
Literal.Number.Integer:  "1"
Punctuation:  ";"
Text:  "<newline>  "
Keyword:  "required"
Text:  " "
Keyword.Type:  "int32"
Text:  " "
Name.Attribute:  "id"
Text:  " "
Operator:  "="
Text:  " "
Literal.Number.Integer:  "2"
Punctuation:  ";"
Text:  "        "
Comment.Single:  "// Unique ID number for this person."
Text:  "<newline>  "
Keyword:  "optional"
Text:  " "
Keyword.Type:  "string"
Text:  " "
Name.Attribute:  "email"
Text:  " "
Operator:  "="
Text:  " "
Literal.Number.Integer:  "3"
Punctuation:  ";"
Text:  "<newline><newline>  "
Keyword.Declaration:  "enum"
Text:  " "
Name:  "PhoneType"
Text:  " "
Punctuation:  "{"
Text:  "<newline>    "
Name.Attribute:  "MOBILE"
Text:  " "
Operator:  "="
Text:  " "
Literal.Number.Integer:  "0"
Punctuation:  ";"
Text:  "<newline>    "
Name.Attribute:  "HOME"
Text:  " "
Operator:  "="
Text:  " "
Literal.Number.Integer:  "1"
Punctuation:  ";"
Text:  "<newline>    "
Name.Attribute:  "WORK"
Text:  " "
Operator:  "="
Text:  " "
Literal.Number.Integer:  "2"
Punctuation:  ";"
Text:  "<newline>  "
Punctuation:  "}"
Text:  "<newline><newline>  "
Keyword.Declaration:  "message"
Text:  " "
Name.Class:  "PhoneNumber"
Text:  " "
Punctuation:  "{"
Text:  "<newline>    "
Keyword:  "required"
Text:  " "
Keyword.Type:  "string"
Text:  " "
Name.Attribute:  "number"
Text:  " "
Operator:  "="
Text:  " "
Literal.Number.Integer:  "1"
Punctuation:  ";"
Text:  "<newline>    "
Keyword:  "optional"
Text:  " "
Name:  "PhoneType"
Text:  " "
Name.Attribute:  "type"
Text:  " "
Operator:  "="
Text:  " "
Literal.Number.Integer:  "2"
Text:  " "
Punctuation:  "["
Keyword:  "default"
Text:  " "
Operator:  "="
Text:  " "
Name:  "HOME"
Punctuation:  "];"
Text:  "<newline>  "
Punctuation:  "}"
Text:  "<newline><newline>  "
Keyword:  "repeated"
Text:  " "
Name:  "PhoneNumber"
Text:  " "
Name.Attribute:  "phone"
Text:  " "
Operator:  "="
Text:  " "
Literal.Number.Integer:  "4"
Punctuation:  ";"
Text:  "<newline>"
Punctuation:  "}"
Text:  "<newline><newline>"
Comment.Single:  "// Our address book file is just one of these."
Text:  "<newline>"
Keyword.Declaration:  "message"
Text:  " "
Name.Class:  "AddressBook"
Text:  " "
Punctuation:  "{"
Text:  "<newline>  "
Keyword:  "repeated"
Text:  " "
Name:  "Person"
Text:  " "
Name.Attribute:  "person"
Text:  " "
Operator:  "="
Text:  " "
Literal.Number.Integer:  "1"
Punctuation:  ";"
Text:  "<newline>"
Punctuation:  "}"
Text:  "<newline><newline>"
Comment.Single:  "// "
Text:  "<newline>"
