Comment.Single:  "* Example SAS script showing syntax highlighting;"
Text:  "\r<newline>"
Keyword:  "data"
Text:  " "
Name.Variable:  "population"
Punctuation:  ";"
Text:  "\r<newline>"
Comment.Multiline:  "/* \r<newline>The first 10 lines of 2017 population data. Source: World Bank\r<newline>https://data.worldbank.org/indicator/sp.pop.totl\r<newline>Used under licence: CC BY-4.0 https://creativecommons.org/licenses/by/4.0\r<newline>\r<newline>To demonstrate reading data in-line using datalines.\r<newline>*/"
Text:  "\r<newline>"
Keyword:  "infile"
Text:  " "
Keyword:  "datalines"
Text:  " "
Name:  "dlm"
Text:  " "
Operator:  "="
Text:  " "
Literal.String.Single:  "'09'"
Keyword:  "x"
Punctuation:  ";"
Text:  "\r<newline>"
Keyword:  "input"
Text:  "\r<newline>    "
Name:  "country_name"
Punctuation:  ":"
Text:  " "
Keyword.Type:  "$"
Literal.Number:  "20."
Text:  "\r<newline>    "
Name:  "country_code"
Punctuation:  ":"
Text:  " "
Keyword.Type:  "$"
Literal.Number:  "3."
Text:  "\r<newline>    "
Name:  "pop2017"
Punctuation:  ";"
Text:  "\r<newline>"
Keyword:  "datalines"
Punctuation:  ";"
Literal.String.Heredoc:  "\r<newline>Aruba\tABW\t105264\r<newline>Afghanistan\tAFG\t35530081\r<newline>Angola\tAGO\t29784193\r<newline>Albania\tALB\t2873457\r<newline>Andorra\tAND\t76965\r<newline>Arab World\tARB\t414491886\r<newline>United Arab Emirates\tARE\t9400145\r<newline>Argentina\tARG\t44271041\r<newline>Armenia\tARM\t2930450\r<newline>American Samoa\tASM\t55641\r<newline>"
Punctuation:  ";"
Text:  "\r<newline>"
Keyword:  "run"
Punctuation:  ";"
Text:  "\r<newline>\r<newline>"
Comment.Single:  "* Print first 5 records with over 100k population;"
Text:  "\r<newline>"
Keyword:  "proc"
Text:  " "
Keyword:  "print"
Text:  " "
Keyword:  "data"
Operator:  "="
Name:  "population"
Text:  " "
Punctuation:  "("
Keyword:  "obs"
Operator:  "="
Literal.Number:  "10"
Punctuation:  ");"
Text:  "\r<newline>    "
Keyword:  "where"
Text:  " "
Name:  "pop2017"
Text:  " "
Operator:  ">"
Text:  " "
Literal.Number:  "100000"
Punctuation:  ";"
Text:  "\r<newline>"
Keyword:  "run"
Punctuation:  ";"
Text:  "\r<newline>\r<newline>"
Comment.Single:  "* Simulation via a SAS data step;"
Text:  "\r<newline>"
Keyword:  "data"
Text:  " "
Name.Variable:  "sim"
Punctuation:  ";"
Text:  "\r<newline>    "
Keyword:  "do"
Text:  " "
Name:  "i"
Text:  " "
Operator:  "="
Text:  " "
Literal.Number.Integer:  "1"
Text:  " "
Keyword:  "to"
Text:  " "
Literal.Number:  "100"
Punctuation:  ";"
Text:  "\r<newline>        "
Name:  "x1"
Text:  " "
Operator:  "="
Text:  " "
Keyword:  "rand"
Punctuation:  "("
Literal.String.Double:  "\"Normal\""
Punctuation:  ");"
Text:  "\r<newline>        "
Name:  "x2"
Text:  " "
Operator:  "="
Text:  " "
Keyword:  "rand"
Punctuation:  "("
Literal.String.Double:  "\"Binomial\""
Punctuation:  ","
Text:  " "
Literal.Number:  "0.5"
Punctuation:  ","
Text:  " "
Literal.Number:  "100"
Punctuation:  ");"
Text:  "\r<newline>        "
Keyword:  "output"
Punctuation:  ";"
Text:  "\r<newline>    "
Keyword:  "end"
Punctuation:  ";"
Text:  "\r<newline>"
Keyword:  "run"
Punctuation:  ";"
Text:  "\r<newline>\r<newline>"
Comment.Single:  "* Some analysis of sample data included with SAS;"
Text:  "\r<newline>"
Keyword:  "proc"
Text:  " "
Keyword:  "means"
Text:  " "
Keyword:  "data"
Operator:  "="
Name:  "sashelp"
Punctuation:  "."
Keyword:  "class"
Punctuation:  ";"
Text:  "\r<newline>    "
Keyword:  "class"
Text:  " "
Name:  "sex"
Punctuation:  ";"
Text:  "\r<newline>    "
Keyword:  "var"
Text:  " "
Name:  "height"
Text:  " "
Keyword:  "weight"
Punctuation:  ";"
Text:  "\r<newline>    "
Keyword:  "output"
Text:  " "
Keyword:  "out"
Text:  " "
Operator:  "="
Text:  " "
Name:  "mean_by_sex"
Punctuation:  ";"
Text:  "\r<newline>"
Keyword:  "run"
Punctuation:  ";"
Text:  "\r<newline>\r<newline>"
Keyword:  "proc"
Text:  " "
Keyword:  "freq"
Text:  " "
Keyword:  "data"
Operator:  "="
Name:  "sashelp"
Punctuation:  "."
Name:  "cars"
Punctuation:  ";"
Text:  "\r<newline>    "
Keyword:  "tables"
Text:  " "
Name:  "origin"
Punctuation:  ";"
Text:  "\r<newline>"
Keyword:  "run"
Punctuation:  ";"
Text:  "\r<newline>\r<newline>"
Comment.Single:  "* Fit a regression model;"
Text:  "\r<newline>"
Keyword:  "proc"
Text:  " "
Keyword:  "reg"
Text:  " "
Keyword:  "data"
Operator:  "="
Name:  "sashelp"
Punctuation:  "."
Name:  "cars"
Punctuation:  ";"
Text:  "\r<newline>    "
Keyword:  "model"
Text:  " "
Name:  "msrp"
Text:  " "
Operator:  "="
Text:  " "
Name:  "enginesize"
Text:  " "
Name:  "horsepower"
Text:  " "
Name:  "mpg_city"
Punctuation:  ";"
Text:  "\r<newline>"
Keyword:  "run"
Punctuation:  ";"
Text:  "\r<newline>\r<newline>"
Comment.Single:  "* Plot Fisher's Iris data;"
Text:  "\r<newline>"
Keyword:  "proc"
Text:  " "
Keyword:  "sgplot"
Text:  " "
Keyword:  "data"
Operator:  "="
Name:  "sashelp"
Punctuation:  "."
Name:  "iris"
Punctuation:  ";"
Text:  "\r<newline>    "
Keyword:  "scatter"
Text:  " "
Keyword:  "x"
Text:  " "
Operator:  "="
Text:  " "
Name:  "SepalLength"
Text:  " "
Keyword:  "y"
Text:  " "
Operator:  "="
Text:  " "
Name:  "SepalWidth"
Text:  " "
Operator:  "/"
Text:  " "
Name:  "group"
Text:  " "
Operator:  "="
Text:  " "
Name:  "Species"
Punctuation:  ";"
Text:  "\r<newline>"
Keyword:  "run"
Punctuation:  ";"
Text:  "\r<newline>\r<newline>"
Comment.Multiline:  "/* Example macro */"
Text:  "\r<newline>"
Keyword:  "%macro"
Text:  " "
Name.Function:  "my_macro"
Punctuation:  "("
Name:  "n_iter"
Punctuation:  ");"
Text:  "\r<newline>    "
Keyword:  "%do"
Text:  " "
Name:  "i"
Text:  " "
Operator:  "="
Text:  " "
Literal.Number.Integer:  "1"
Text:  " "
Keyword:  "%to"
Text:  " "
Name.Variable:  "&n_iter"
Punctuation:  ";"
Text:  "\r<newline>        "
Keyword:  "%put"
Text:  " "
Name:  "Iteration"
Text:  " "
Name.Variable:  "&i."
Punctuation:  ";"
Text:  "\r<newline>    "
Keyword:  "%end"
Punctuation:  ";"
Text:  "\r<newline>"
Keyword:  "%mend"
Punctuation:  ";"
Text:  "\r<newline>\r<newline>"
Name:  "%my_macro"
Punctuation:  "("
Literal.Number:  "20"
Punctuation:  ");"
Text:  "\r<newline>\r<newline>"
Comment.Single:  "* Hexadecimal and scientific format;"
Text:  "\r<newline>"
Keyword:  "data"
Text:  " "
Name.Variable:  "my_hex"
Punctuation:  ";"
Text:  "\r<newline>    "
Name:  "hex1"
Text:  " "
Operator:  "="
Text:  " "
Literal.Number.Hex:  "1ax"
Punctuation:  ";"
Text:  "\r<newline>    "
Name:  "hex2"
Text:  " "
Operator:  "="
Text:  " "
Literal.Number.Hex:  "0bx"
Punctuation:  ";"
Text:  " "
Comment.Single:  "*SAS requires that hex numbers start with a digit;"
Text:  "\r<newline>    "
Name:  "sci1"
Text:  " "
Operator:  "="
Text:  " "
Literal.Number:  "3.2e5"
Punctuation:  ";"
Text:  "\r<newline>    "
Name:  "sci2"
Text:  " "
Operator:  "="
Text:  " "
Literal.Number:  "7E-4"
Punctuation:  ";"
Text:  "\r<newline>"
Keyword:  "run"
Punctuation:  ";"
Text:  "\r<newline>"
