Keyword:  "@import"
Text:  " "
Literal.String.Double:  "\"compass\""
Punctuation:  ";"
Text:  "<newline>"
Keyword:  "@import"
Text:  " "
Literal.String.Double:  "\"blueprint\""
Punctuation:  ";"
Text:  "<newline>"
Keyword:  "@import"
Text:  " "
Literal.String.Double:  "\"blueprint/fancy_type\""
Punctuation:  ";"
Text:  "<newline><newline>"
Name.Variable:  "$blueprint-grid-columns"
Punctuation:  ":"
Text:  "     "
Literal.Number:  "5"
Punctuation:  ";"
Text:  "<newline>"
Name.Variable:  "$blueprint-grid-width"
Punctuation:  ":"
Text:  "       "
Literal.Number:  "150px"
Punctuation:  ";"
Text:  "<newline>"
Name.Variable:  "$blueprint-grid-margin"
Punctuation:  ":"
Text:  "      "
Literal.Number:  "20px"
Punctuation:  ";"
Text:  "<newline><newline>"
Name.Variable:  "$blueprint-font-family"
Punctuation:  ":"
Text:  "      "
Name:  "Helvetica"
Text:  " "
Name:  "Neue"
Operator:  ","
Text:  " "
Name:  "Arial"
Operator:  ","
Text:  " "
Name:  "Helvetica"
Operator:  ","
Text:  " "
Name.Builtin:  "sans-serif"
Punctuation:  ";"
Text:  "<newline>"
Name.Variable:  "$blueprint-fixed-font-family"
Punctuation:  ":"
Literal.String.Single:  "'andale mono'"
Operator:  ","
Text:  " "
Literal.String.Single:  "'lucida console'"
Operator:  ","
Text:  " "
Name.Builtin:  "monospace"
Punctuation:  ";"
Text:  "<newline>"
Name.Variable:  "$blueprint-font-size"
Punctuation:  ":"
Text:  "        "
Literal.Number:  "12px"
Punctuation:  ";"
Text:  "<newline><newline>"
Name.Variable:  "$text-color"
Punctuation:  ":"
Text:  "                 "
Literal.Number.Hex:  "#555555"
Punctuation:  ";"
Text:  "<newline>"
Name.Variable:  "$light-text-color"
Punctuation:  ":"
Text:  "           "
Literal.Number.Hex:  "#a0a0a0"
Punctuation:  ";"
Text:  "<newline>"
Name.Variable:  "$quote-text-color"
Punctuation:  ":"
Text:  "           "
Literal.Number.Hex:  "#f27a00"
Punctuation:  ";"
Text:  "<newline>"
Name.Variable:  "$disclosure-text-color"
Punctuation:  ":"
Text:  "      "
Literal.Number.Hex:  "#ed7c06"
Punctuation:  ";"
Text:  "<newline><newline>"
Name.Variable:  "$thick-border"
Punctuation:  ":"
Text:  "               "
Literal.Number:  "8px"
Text:  " "
Name.Builtin:  "solid"
Text:  " "
Name.Constant:  "black"
Punctuation:  ";"
Text:  "<newline>"
Name.Variable:  "$dotted-border"
Punctuation:  ":"
Text:  "              "
Literal.Number:  "1px"
Text:  " "
Name.Builtin:  "dotted"
Text:  " "
Literal.Number.Hex:  "#999999"
Punctuation:  ";"
Text:  "<newline><newline>"
Name.Variable:  "$header-background-color"
Punctuation:  ":"
Text:  "    "
Literal.Number.Hex:  "#f07c05"
Punctuation:  ";"
Text:  "<newline>"
Name.Variable:  "$paging-background-color"
Punctuation:  ":"
Text:  "    "
Name.Constant:  "black"
Punctuation:  ";"
Text:  "<newline>"
Name.Variable:  "$unfocused-background-color"
Punctuation:  ":"
Text:  " "
Literal.Number.Hex:  "#f1f0ec"
Punctuation:  ";"
Text:  "<newline>"
Name.Variable:  "$quote-background-color"
Punctuation:  ":"
Text:  "     "
Literal.Number.Hex:  "#f1f0ec"
Punctuation:  ";"
Text:  "<newline><newline>"
Name.Variable:  "$story-title-color"
Punctuation:  ":"
Text:  "          "
Literal.Number.Hex:  "#f07c05"
Punctuation:  ";"
Text:  "<newline><newline>"
Keyword:  "@include"
Text:  " "
Name.Decorator:  "global-reset"
Punctuation:  ";"
Text:  "<newline>"
Keyword:  "@include"
Text:  " "
Name.Decorator:  "blueprint-typography"
Punctuation:  ";"
Text:  "<newline><newline>"
Name.Tag:  "body"
Text:  " "
Punctuation:  "{"
Text:  "<newline>  "
Name.Label:  "background"
Punctuation:  ":"
Text:  " "
Name.Variable:  "$unfocused-background-color"
Text:  " "
Name.Function:  "image_url"
Punctuation:  "("
Literal.String.Double:  "\"white-bg.jpg\""
Punctuation:  ")"
Text:  " "
Name.Builtin:  "repeat-y"
Text:  " "
Literal.Number:  "50%"
Text:  " "
Literal.Number:  "0"
Punctuation:  ";"
Text:  "<newline>  "
Name.Label:  "color"
Punctuation:  ":"
Text:  " "
Name.Variable:  "$text-color"
Punctuation:  ";"
Text:  "<newline>"
Punctuation:  "}"
Text:  "<newline><newline>"
Name.Class:  ".content_wrapper"
Text:  " "
Punctuation:  "{"
Text:  "<newline>  "
Keyword:  "@include"
Text:  " "
Name.Decorator:  "container"
Punctuation:  ";"
Text:  "<newline>  "
Name.Label:  "width"
Punctuation:  ":"
Text:  " "
Literal.Number:  "910px"
Punctuation:  ";"
Text:  "<newline>"
Punctuation:  "}"
Text:  "<newline><newline>"
Name.Namespace:  "#header"
Text:  " "
Punctuation:  "{"
Text:  "<newline>  "
Name.Label:  "height"
Punctuation:  ":"
Text:  " "
Literal.Number:  "72px"
Punctuation:  ";"
Text:  "<newline>  "
Name.Label:  "background"
Punctuation:  ":"
Text:  " "
Name.Variable:  "$header-background-color"
Punctuation:  ";"
Text:  "<newline>  "
Keyword:  "@include"
Text:  " "
Name.Decorator:  "clearfix"
Punctuation:  ";"
Text:  "<newline><newline>  "
Name.Tag:  "h1"
Text:  " "
Punctuation:  "{"
Text:  "<newline>    "
Name.Label:  "color"
Punctuation:  ":"
Text:  " "
Name.Constant:  "white"
Punctuation:  ";"
Text:  "<newline>    "
Keyword:  "@include"
Text:  " "
Name.Decorator:  "float-left"
Punctuation:  ";"
Text:  "<newline>    "
Name.Tag:  "a"
Text:  " "
Punctuation:  "{"
Text:  "<newline>      "
Keyword:  "@include"
Text:  " "
Name.Decorator:  "replace-text"
Punctuation:  "("
Literal.String.Double:  "\"logo.jpg\""
Punctuation:  ");"
Text:  "<newline>      "
Name.Label:  "width"
Punctuation:  ":"
Text:  " "
Literal.Number:  "116px"
Punctuation:  ";"
Text:  "<newline>      "
Name.Label:  "height"
Punctuation:  ":"
Text:  " "
Literal.Number:  "72px"
Punctuation:  ";"
Text:  "<newline>      "
Name.Label:  "display"
Punctuation:  ":"
Text:  " "
Name.Builtin:  "block"
Punctuation:  ";"
Text:  "<newline>      "
Name.Label:  "text-decoration"
Punctuation:  ":"
Text:  " "
Name.Builtin:  "none"
Punctuation:  ";"
Text:  "<newline><newline>      "
Keyword:  "&"
Operator:  "["
Name.Tag:  "href"
Operator:  "^="
Literal.String.Double:  "\"mailto:\""
Operator:  "]"
Text:  " "
Punctuation:  "{"
Text:  "<newline>        "
Name.Label:  "white-space"
Punctuation:  ":"
Text:  " "
Name.Builtin:  "nowrap"
Punctuation:  ";"
Text:  "<newline>      "
Punctuation:  "}"
Text:  "<newline>    "
Punctuation:  "}"
Text:  "<newline><newline>    "
Name.Tag:  "div"
Text:  " "
Punctuation:  "{"
Text:  "<newline>      "
Name.Tag:  "a"
Operator:  "["
Name.Tag:  "href"
Operator:  "^="
Literal.String.Double:  "\"mailto:\""
Operator:  "]"
Text:  " "
Punctuation:  "{"
Text:  "<newline>        "
Name.Label:  "white-space"
Punctuation:  ":"
Text:  " "
Name.Builtin:  "nowrap"
Punctuation:  ";"
Text:  "<newline>      "
Punctuation:  "}"
Text:  "<newline>    "
Punctuation:  "}"
Text:  "<newline>  "
Punctuation:  "}"
Text:  "<newline><newline>  "
Name.Tag:  "ul"
Text:  " "
Punctuation:  "{"
Text:  "<newline>    "
Keyword:  "@include"
Text:  " "
Name.Decorator:  "horizontal-list"
Punctuation:  ";"
Text:  "<newline>    "
Name.Label:  "padding"
Punctuation:  ":"
Text:  " "
Literal.Number:  "0"
Text:  " "
Literal.Number:  "0"
Text:  " "
Literal.Number:  "0"
Text:  " "
Literal.Number:  "25px"
Punctuation:  ";"
Text:  "<newline>    "
Name.Tag:  "li"
Text:  " "
Punctuation:  "{"
Text:  "<newline>      "
Keyword:  "@include"
Text:  " "
Name.Decorator:  "incr"
Punctuation:  "("
Literal.Number:  "18px"
Punctuation:  ");"
Text:  "<newline>      "
Name.Label:  "padding"
Punctuation:  ":"
Text:  " "
Literal.Number:  "0"
Text:  " "
Literal.Number:  "20px"
Text:  " "
Literal.Number:  "0"
Text:  " "
Literal.Number:  "0"
Punctuation:  ";"
Text:  "<newline>      "
Name.Label:  "text-transform"
Punctuation:  ":"
Text:  " "
Name.Builtin:  "uppercase"
Punctuation:  ";"
Text:  "<newline>      "
Name.Tag:  "a"
Text:  " "
Punctuation:  "{"
Text:  "<newline>        "
Name.Label:  "color"
Punctuation:  ":"
Text:  " "
Literal.Number.Hex:  "#febf0f"
Punctuation:  ";"
Text:  "<newline>        "
Name.Label:  "text-decoration"
Punctuation:  ":"
Text:  " "
Name.Builtin:  "none"
Punctuation:  ";"
Text:  "<newline>        "
Name.Label:  "width"
Punctuation:  ":"
Text:  " "
Literal.Number:  "100px"
Punctuation:  ";"
Text:  "<newline>        "
Name.Label:  "height"
Punctuation:  ":"
Text:  " "
Literal.Number:  "72px"
Punctuation:  ";"
Text:  "<newline>        "
Name.Label:  "display"
Punctuation:  ":"
Text:  " "
Name.Builtin:  "block"
Punctuation:  ";"
Text:  "<newline>      "
Punctuation:  "}"
Text:  "<newline>      "
Keyword:  "&"
Name.Namespace:  "#header-threads"
Text:  " "
Name.Tag:  "a"
Text:  " "
Punctuation:  "{"
Text:  "<newline>        "
Keyword:  "@include"
Text:  " "
Name.Decorator:  "replace-text"
Punctuation:  "("
Literal.String.Double:  "\"header-threads-text.jpg\""
Punctuation:  ");"
Text:  "<newline>      "
Punctuation:  "}"
Text:  "<newline>      "
Keyword:  "&"
Name.Namespace:  "#header-timeline"
Text:  " "
Name.Tag:  "a"
Text:  " "
Punctuation:  "{"
Text:  "<newline>        "
Keyword:  "@include"
Text:  " "
Name.Decorator:  "replace-text"
Punctuation:  "("
Literal.String.Double:  "\"header-timeline-text.jpg\""
Punctuation:  ");"
Text:  "<newline>      "
Punctuation:  "}"
Text:  "<newline>    "
Punctuation:  "}"
Text:  "<newline>  "
Punctuation:  "}"
Text:  "<newline>"
Punctuation:  "}"
Text:  "<newline><newline>"
Name.Namespace:  "#paging"
Text:  " "
Punctuation:  "{"
Text:  "<newline>  "
Name.Label:  "background"
Punctuation:  ":"
Text:  " "
Name.Variable:  "$paging-background-color"
Punctuation:  ";"
Text:  "<newline>  "
Name.Label:  "height"
Punctuation:  ":"
Text:  " "
Literal.Number:  "33px"
Punctuation:  ";"
Text:  "<newline>  "
Name.Label:  "padding"
Punctuation:  ":"
Text:  " "
Literal.Number:  "15px"
Text:  " "
Literal.Number:  "0"
Text:  " "
Literal.Number:  "0"
Text:  " "
Literal.Number:  "0"
Punctuation:  ";"
Text:  "<newline><newline>  "
Name.Tag:  "h6"
Text:  " "
Punctuation:  "{"
Text:  "<newline>    "
Keyword:  "@include"
Text:  " "
Name.Decorator:  "float-left"
Punctuation:  ";"
Text:  "<newline>    "
Name.Label:  "color"
Punctuation:  ":"
Text:  " "
Literal.Number.Hex:  "#908f8b"
Punctuation:  ";"
Text:  "<newline>    "
Name.Label:  "padding-right"
Punctuation:  ":"
Text:  " "
Literal.Number:  "20px"
Punctuation:  ";"
Text:  "<newline>    "
Name.Label:  "text-transform"
Punctuation:  ":"
Text:  " "
Name.Builtin:  "uppercase"
Punctuation:  ";"
Text:  "<newline>    "
Name.Tag:  "a"
Text:  " "
Punctuation:  "{"
Text:  "<newline>      "
Name.Label:  "color"
Punctuation:  ":"
Text:  " "
Literal.Number.Hex:  "#f07b07"
Punctuation:  ";"
Text:  "<newline>      "
Name.Label:  "text-decoration"
Punctuation:  ":"
Text:  " "
Name.Builtin:  "none"
Punctuation:  ";"
Text:  "<newline>    "
Punctuation:  "}"
Text:  "<newline>  "
Punctuation:  "}"
Text:  "<newline><newline>  "
Name.Tag:  "ul"
Text:  " "
Punctuation:  "{"
Text:  "<newline>    "
Keyword:  "@include"
Text:  " "
Name.Decorator:  "horizontal-list"
Punctuation:  ";"
Text:  "<newline>    "
Name.Tag:  "li"
Text:  " "
Punctuation:  "{"
Text:  "<newline>      "
Name.Label:  "padding"
Punctuation:  ":"
Text:  " "
Literal.Number:  "3px"
Text:  " "
Literal.Number:  "4px"
Punctuation:  ";"
Text:  "<newline>      "
Name.Tag:  "a"
Text:  " "
Punctuation:  "{"
Text:  "<newline>        "
Name.Label:  "color"
Punctuation:  ":"
Text:  " "
Literal.Number.Hex:  "#4c4c4c"
Punctuation:  ";"
Text:  "<newline>        "
Keyword:  "@include"
Text:  " "
Name.Decorator:  "replace-text"
Punctuation:  "("
Literal.String.Double:  "\"thread-paging-inactive-bullet.jpg\""
Punctuation:  ");"
Text:  "<newline>        "
Name.Label:  "width"
Punctuation:  ":"
Text:  " "
Literal.Number:  "10px"
Punctuation:  ";"
Text:  "<newline>        "
Name.Label:  "height"
Punctuation:  ":"
Text:  " "
Literal.Number:  "10px"
Punctuation:  ";"
Text:  "<newline>        "
Name.Label:  "display"
Punctuation:  ":"
Text:  " "
Name.Builtin:  "block"
Punctuation:  ";"
Text:  "<newline>      "
Punctuation:  "}"
Text:  "<newline>      "
Keyword:  "&"
Name.Class:  ".active"
Text:  " "
Name.Tag:  "a"
Text:  " "
Punctuation:  "{"
Text:  "<newline>        "
Name.Label:  "color"
Punctuation:  ":"
Text:  " "
Literal.Number.Hex:  "#f17d06"
Punctuation:  ";"
Text:  "<newline>        "
Name.Label:  "background-image"
Punctuation:  ":"
Text:  " "
Name:  "image_"
Operator:  "@"
Name:  "import"
Text:  " "
Literal.String.Double:  "\"compass\""
Punctuation:  ";"
Text:  "<newline>      "
Punctuation:  "}"
Text:  "<newline>    "
Punctuation:  "}"
Text:  "<newline>  "
Punctuation:  "}"
Text:  "<newline>"
Punctuation:  "}"
Text:  "<newline><newline>"
Name.Namespace:  "#content"
Text:  " "
Punctuation:  "{"
Text:  "<newline>    "
Name.Label:  "position"
Punctuation:  ":"
Text:  " "
Name.Builtin:  "relative"
Punctuation:  ";"
Text:  "<newline>    "
Name.Namespace:  "#previous"
Text:  " "
Punctuation:  "{"
Text:  "<newline>      "
Name.Label:  "position"
Punctuation:  ":"
Text:  " "
Name.Builtin:  "absolute"
Punctuation:  ";"
Text:  "<newline>      "
Name.Label:  "top"
Punctuation:  ":"
Text:  " "
Literal.Number:  "0"
Punctuation:  ";"
Text:  "<newline>      "
Name.Label:  "left"
Punctuation:  ":"
Text:  " "
Literal.Number:  "0"
Punctuation:  ";"
Text:  "<newline>      "
Name.Label:  "text-align"
Punctuation:  ":"
Text:  " "
Name.Builtin:  "right"
Punctuation:  ";"
Text:  "<newline>    "
Punctuation:  "}"
Text:  "<newline>    "
Name.Namespace:  "#next"
Text:  " "
Punctuation:  "{"
Text:  "<newline>      "
Name.Label:  "position"
Punctuation:  ":"
Text:  " "
Name.Builtin:  "absolute"
Punctuation:  ";"
Text:  "<newline>      "
Name.Label:  "top"
Punctuation:  ":"
Text:  " "
Literal.Number:  "0"
Punctuation:  ";"
Text:  "<newline>      "
Name.Label:  "right"
Punctuation:  ":"
Text:  " "
Literal.Number:  "0"
Punctuation:  ";"
Text:  "<newline>      "
Name.Label:  "text-align"
Punctuation:  ":"
Text:  " "
Name.Builtin:  "left"
Punctuation:  ";"
Text:  "<newline>    "
Punctuation:  "}"
Text:  "<newline>"
Punctuation:  "}"
Text:  "<newline><newline>"
Name.Namespace:  "#thread"
Text:  " "
Punctuation:  "{"
Text:  "<newline>    "
Keyword:  "@include"
Text:  " "
Name.Decorator:  "container"
Punctuation:  ";"
Text:  "<newline>  "
Name.Label:  "width"
Punctuation:  ":"
Text:  " "
Literal.Number:  "910px"
Punctuation:  ";"
Text:  "<newline>    "
Name.Label:  "top"
Punctuation:  ":"
Text:  " "
Literal.Number:  "0px"
Punctuation:  ";"
Text:  "<newline>    "
Name.Label:  "left"
Punctuation:  ":"
Text:  " "
Literal.Number:  "0px"
Punctuation:  ";"
Text:  "<newline><newline>    "
Keyword:  "@include"
Text:  " "
Name.Decorator:  "transition-property"
Punctuation:  "("
Name.Builtin:  "left"
Punctuation:  ");"
Text:  "<newline>    "
Keyword:  "@include"
Text:  " "
Name.Decorator:  "transition-duration"
Punctuation:  "("
Literal.Number:  "0"
Literal.Number.Integer:  ".5s"
Punctuation:  ");"
Text:  "<newline>    "
Keyword:  "@include"
Text:  " "
Name.Decorator:  "transition-timing-function"
Punctuation:  "("
Name:  "ease-in-out"
Punctuation:  ");"
Text:  "<newline><newline>    "
Keyword:  "@for"
Text:  " "
Name.Variable:  "$i"
Text:  " "
Operator.Word:  "from"
Text:  " "
Literal.Number:  "0"
Text:  " "
Operator.Word:  "through"
Text:  " "
Literal.Number:  "30"
Text:  " "
Punctuation:  "{"
Text:  "<newline>    "
Keyword:  "&"
Name.Class:  ".position"
Literal.String.Interpol:  "\#{"
Name.Variable:  "$i"
Literal.String.Interpol:  "}"
Text:  " "
Punctuation:  "{"
Text:  "<newline>      "
Name.Label:  "left"
Punctuation:  ":"
Text:  " "
Punctuation:  "("
Name.Variable:  "$i"
Text:  " "
Operator:  "*"
Text:  " "
Literal.Number:  "-910px"
Punctuation:  ");"
Text:  "<newline>    "
Punctuation:  "}"
Text:  "<newline>  "
Punctuation:  "}"
Text:  "<newline>"
Punctuation:  "}"
Text:  "<newline><newline>"
Name.Class:  ".js"
Text:  " "
Punctuation:  "{"
Text:  "<newline>  "
Name.Namespace:  "#content"
Text:  " "
Punctuation:  "{"
Text:  "<newline>    "
Name.Label:  "overflow"
Punctuation:  ":"
Text:  " "
Name.Builtin:  "hidden"
Punctuation:  ";"
Text:  "<newline>    "
Name.Label:  "width"
Punctuation:  ":"
Text:  " "
Literal.Number:  "100%"
Punctuation:  ";"
Text:  "<newline>  "
Punctuation:  "}"
Text:  "<newline><newline>  "
Name.Namespace:  "#thread"
Text:  " "
Punctuation:  "{"
Text:  "<newline>    "
Name.Label:  "padding"
Punctuation:  ":"
Text:  " "
Literal.Number:  "0"
Punctuation:  ";"
Text:  "<newline>    "
Name.Label:  "width"
Punctuation:  ":"
Text:  " "
Literal.Number:  "5000px"
Punctuation:  ";"
Text:  "<newline>    "
Name.Label:  "position"
Punctuation:  ":"
Text:  " "
Name.Builtin:  "absolute"
Punctuation:  ";"
Text:  "<newline>  "
Punctuation:  "}"
Text:  "<newline>"
Punctuation:  "}"
Text:  "<newline><newline>"
Name.Class:  ".story"
Text:  " "
Punctuation:  "{"
Text:  "<newline>  "
Keyword:  "@include"
Text:  " "
Name.Decorator:  "float-left"
Punctuation:  ";"
Text:  "<newline>  "
Name.Label:  "width"
Punctuation:  ":"
Text:  " "
Literal.Number:  "810px"
Punctuation:  ";"
Text:  "<newline>  "
Name.Label:  "padding"
Punctuation:  ":"
Text:  " "
Literal.Number:  "0"
Text:  " "
Literal.Number:  "50px"
Punctuation:  ";"
Text:  "<newline><newline>  "
Name.Tag:  "h4"
Name.Class:  ".date"
Text:  " "
Punctuation:  "{"
Text:  "<newline>    "
Keyword:  "@include"
Text:  " "
Name.Decorator:  "float-right"
Punctuation:  ";"
Text:  "<newline>    "
Keyword:  "@include"
Text:  " "
Name.Decorator:  "span"
Punctuation:  "("
Literal.Number:  "1"
Punctuation:  ");"
Text:  "<newline>    "
Name.Label:  "background"
Punctuation:  ":"
Text:  " "
Name.Variable:  "$unfocused-background-color"
Punctuation:  ";"
Text:  "<newline>    "
Name.Label:  "padding"
Punctuation:  ":"
Text:  " "
Literal.Number:  "10px"
Text:  " "
Literal.Number:  "20px"
Punctuation:  ";"
Text:  "<newline>    "
Keyword:  "@include"
Text:  " "
Name.Decorator:  "border-radius"
Punctuation:  "("
Literal.Number:  "3px"
Punctuation:  ");"
Text:  "<newline>  "
Punctuation:  "}"
Text:  "<newline><newline>  "
Name.Tag:  "h1"
Text:  " "
Punctuation:  "{"
Text:  "<newline>    "
Name.Label:  "padding"
Punctuation:  ":"
Text:  " "
Literal.Number:  "40px"
Text:  " "
Literal.Number:  "0"
Text:  " "
Literal.Number:  "20px"
Text:  " "
Literal.Number:  "0"
Punctuation:  ";"
Text:  "<newline>    "
Name.Label:  "border-bottom"
Punctuation:  ":"
Text:  " "
Name.Variable:  "$thick-border"
Punctuation:  ";"
Text:  "<newline>    "
Name.Label:  "color"
Punctuation:  ":"
Text:  " "
Name.Variable:  "$story-title-color"
Punctuation:  ";"
Text:  "<newline>    "
Keyword:  "@include"
Text:  " "
Name.Decorator:  "incr"
Punctuation:  "("
Literal.Number:  "30px"
Punctuation:  ");"
Text:  "<newline>  "
Punctuation:  "}"
Text:  "<newline><newline>  "
Name.Class:  ".artifacts"
Text:  " "
Punctuation:  "{"
Text:  "<newline>    "
Keyword:  "@include"
Text:  " "
Name.Decorator:  "column"
Punctuation:  "("
Literal.Number:  "3"
Punctuation:  ");"
Text:  "<newline><newline>    "
Name.Class:  ".row"
Text:  " "
Punctuation:  "{"
Text:  "<newline>      "
Keyword:  "@include"
Text:  " "
Name.Decorator:  "clearfix"
Punctuation:  ";"
Text:  "<newline>      "
Name.Label:  "border-bottom"
Punctuation:  ":"
Text:  " "
Name.Variable:  "$dotted-border"
Punctuation:  ";"
Text:  "<newline>      "
Name.Label:  "margin-bottom"
Punctuation:  ":"
Text:  " "
Name.Variable:  "$blueprint-grid-margin"
Punctuation:  ";"
Text:  "<newline>    "
Punctuation:  "}"
Text:  "<newline><newline>    "
Name.Class:  ".artifact"
Text:  " "
Punctuation:  "{"
Text:  "<newline>      "
Name.Label:  "color"
Punctuation:  ":"
Text:  " "
Name.Variable:  "$light-text-color"
Punctuation:  ";"
Text:  "<newline>      "
Name.Tag:  "img"
Text:  " "
Punctuation:  "{"
Text:  "<newline>        "
Name.Label:  "margin-bottom"
Punctuation:  ":"
Text:  " "
Literal.Number:  "0"
Literal.Number.Integer:  ".5em"
Punctuation:  ";"
Text:  "<newline>      "
Punctuation:  "}"
Text:  "<newline>      "
Name.Tag:  "a"
Text:  " "
Punctuation:  "{"
Text:  "<newline>        "
Name.Label:  "font-weight"
Punctuation:  ":"
Text:  " "
Name.Builtin:  "bold"
Punctuation:  ";"
Text:  "<newline>        "
Name.Label:  "text-decoration"
Punctuation:  ":"
Text:  " "
Name.Builtin:  "none"
Punctuation:  ";"
Text:  "<newline>        "
Name.Label:  "color"
Punctuation:  ":"
Text:  " "
Literal.Number.Hex:  "#0a83e0"
Punctuation:  ";"
Text:  "<newline>      "
Punctuation:  "}"
Text:  "<newline>    "
Punctuation:  "}"
Text:  "<newline><newline>    "
Name.Class:  ".threecol"
Text:  " "
Punctuation:  "{"
Text:  " "
Keyword:  "@include"
Text:  " "
Name.Decorator:  "column"
Punctuation:  "("
Literal.Number:  "3"
Punctuation:  ");"
Text:  " "
Punctuation:  "}"
Text:  "<newline>    "
Name.Class:  ".twocol"
Text:  "   "
Punctuation:  "{"
Text:  " "
Keyword:  "@include"
Text:  " "
Name.Decorator:  "column"
Punctuation:  "("
Literal.Number:  "2"
Punctuation:  ");"
Text:  " "
Punctuation:  "}"
Text:  "<newline>    "
Name.Class:  ".onecol"
Text:  "   "
Punctuation:  "{"
Text:  " "
Keyword:  "@include"
Text:  " "
Name.Decorator:  "column"
Punctuation:  "("
Literal.Number:  "1"
Punctuation:  ");"
Text:  " "
Punctuation:  "}"
Text:  "<newline>    "
Name.Class:  ".last"
Text:  "     "
Punctuation:  "{"
Text:  " "
Keyword:  "@include"
Text:  " "
Name.Decorator:  "last"
Punctuation:  ";"
Text:  "      "
Punctuation:  "}"
Text:  "<newline>  "
Punctuation:  "}"
Text:  "<newline><newline>  "
Name.Class:  ".information"
Text:  " "
Punctuation:  "{"
Text:  "<newline>    "
Keyword:  "@include"
Text:  " "
Name.Decorator:  "column"
Punctuation:  "("
Literal.Number:  "1"
Literal.Number.Integer:  ".6"
Operator:  ","
Text:  " "
Name.Builtin.Pseudo:  "true"
Punctuation:  ");"
Text:  "<newline>    "
Name.Label:  "border-bottom"
Punctuation:  ":"
Text:  " "
Name.Variable:  "$dotted-border"
Punctuation:  ";"
Text:  "<newline>    "
Name.Label:  "margin-left"
Punctuation:  ":"
Text:  " "
Literal.Number:  "40px"
Punctuation:  ";"
Text:  "<newline><newline>    "
Name.Tag:  "h2"
Text:  " "
Punctuation:  "{"
Text:  "<newline>      "
Keyword:  "@include"
Text:  " "
Name.Decorator:  "incr"
Punctuation:  "("
Literal.Number:  "20px"
Operator:  ","
Text:  " "
Name.Variable:  "$blueprint-font-size"
Operator:  ","
Text:  " "
Literal.Number:  "35px"
Punctuation:  ");"
Text:  "<newline>    "
Punctuation:  "}"
Text:  "<newline><newline>    "
Name.Class:  ".textblock"
Text:  " "
Name.Tag:  "p"
Text:  " "
Punctuation:  "{"
Text:  "<newline>      "
Keyword:  "@include"
Text:  " "
Name.Decorator:  "incr"
Punctuation:  "("
Literal.Number:  "13px"
Operator:  ","
Text:  " "
Name.Variable:  "$blueprint-font-size"
Operator:  ","
Text:  " "
Literal.Number:  "26px"
Punctuation:  ");"
Text:  "<newline>    "
Punctuation:  "}"
Text:  "<newline><newline>    "
Name.Class:  ".quote"
Text:  " "
Punctuation:  "{"
Text:  "<newline>      "
Name.Label:  "color"
Punctuation:  ":"
Text:  " "
Name.Variable:  "$quote-text-color"
Punctuation:  ";"
Text:  "<newline>      "
Name.Tag:  "blockquote"
Text:  " "
Punctuation:  "{"
Text:  "<newline>        "
Keyword:  "@include"
Text:  " "
Name.Decorator:  "incr"
Punctuation:  "("
Literal.Number:  "18px"
Operator:  ","
Text:  " "
Name.Variable:  "$blueprint-font-size"
Operator:  ","
Text:  " "
Literal.Number:  "30px"
Punctuation:  ");"
Text:  "<newline>        "
Name.Label:  "color"
Punctuation:  ":"
Text:  " "
Name.Variable:  "$quote-text-color"
Punctuation:  ";"
Text:  "<newline>        "
Name.Label:  "margin"
Punctuation:  ":"
Text:  " "
Literal.Number:  "0"
Punctuation:  ";"
Text:  "<newline>        "
Name.Label:  "padding"
Punctuation:  ":"
Text:  " "
Literal.Number:  "12px"
Text:  " "
Literal.Number:  "18px"
Punctuation:  ";"
Text:  "<newline>        "
Name.Label:  "background"
Punctuation:  ":"
Text:  " "
Name.Variable:  "$quote-background-color"
Punctuation:  ";"
Text:  "<newline>        "
Keyword:  "@include"
Text:  " "
Name.Decorator:  "border-radius"
Punctuation:  "("
Literal.Number:  "5px"
Punctuation:  ");"
Text:  "<newline>      "
Punctuation:  "}"
Text:  "<newline>      "
Name.Tag:  "cite"
Text:  " "
Punctuation:  "{"
Text:  "<newline>        "
Name.Label:  "display"
Punctuation:  ":"
Text:  " "
Name.Builtin:  "block"
Punctuation:  ";"
Text:  "<newline>        "
Name.Label:  "padding"
Punctuation:  ":"
Text:  " "
Literal.Number:  "0"
Literal.Number.Integer:  ".5em"
Text:  " "
Literal.Number:  "18px"
Text:  " "
Literal.Number:  "1"
Literal.Number.Integer:  ".5em"
Text:  " "
Literal.Number:  "18px"
Punctuation:  ";"
Text:  "<newline>      "
Punctuation:  "}"
Text:  "<newline>    "
Punctuation:  "}"
Text:  "<newline><newline>    "
Name.Class:  ".disclosure"
Text:  " "
Punctuation:  "{"
Text:  "<newline>      "
Name.Label:  "border-top"
Punctuation:  ":"
Text:  " "
Name.Variable:  "$dotted-border"
Punctuation:  ";"
Text:  "<newline>      "
Name.Tag:  "h5"
Text:  " "
Punctuation:  "{"
Text:  "<newline>        "
Name.Label:  "padding"
Punctuation:  ":"
Text:  " "
Literal.Number:  "10px"
Text:  " "
Literal.Number:  "0"
Punctuation:  ";"
Text:  "<newline>        "
Name.Label:  "margin"
Punctuation:  ":"
Text:  " "
Literal.Number:  "0"
Punctuation:  ";"
Text:  "<newline>        "
Name.Label:  "color"
Punctuation:  ":"
Text:  " "
Name.Variable:  "$disclosure-text-color"
Punctuation:  ";"
Text:  "<newline>      "
Punctuation:  "}"
Text:  "<newline>      "
Name.Tag:  "p"
Text:  " "
Punctuation:  "{"
Text:  "<newline>        "
Name.Label:  "color"
Punctuation:  ":"
Text:  " "
Literal.Number.Hex:  "#a8a8a8"
Punctuation:  ";"
Text:  "<newline>      "
Punctuation:  "}"
Text:  "<newline>    "
Punctuation:  "}"
Text:  "<newline>  "
Punctuation:  "}"
Text:  "<newline>"
Punctuation:  "}"
Text:  "<newline><newline>"
Name.Namespace:  "#footer"
Text:  " "
Punctuation:  "{"
Text:  "<newline>  "
Keyword:  "@include"
Text:  " "
Name.Decorator:  "container"
Punctuation:  ";"
Text:  "<newline>  "
Name.Label:  "background"
Punctuation:  ":"
Text:  " "
Name.Constant:  "white"
Punctuation:  ";"
Text:  "<newline>  "
Name.Label:  "width"
Punctuation:  ":"
Text:  " "
Literal.Number:  "810px"
Punctuation:  ";"
Text:  "<newline>  "
Name.Label:  "padding"
Punctuation:  ":"
Text:  " "
Name.Variable:  "$blueprint-grid-margin"
Text:  " "
Literal.Number:  "0"
Punctuation:  ";"
Text:  "<newline><newline>  "
Name.Class:  ".inner"
Text:  " "
Punctuation:  "{"
Text:  "<newline>    "
Name.Label:  "border-top"
Punctuation:  ":"
Text:  " "
Name.Variable:  "$thick-border"
Punctuation:  ";"
Text:  "<newline>    "
Name.Label:  "padding"
Punctuation:  ":"
Text:  " "
Literal.Number:  "30px"
Text:  " "
Literal.Number:  "0"
Punctuation:  ";"
Text:  "<newline>  "
Punctuation:  "}"
Text:  "<newline><newline>  "
Name.Tag:  "p"
Text:  " "
Punctuation:  "{"
Text:  "<newline>    "
Keyword:  "@include"
Text:  " "
Name.Decorator:  "float-right"
Punctuation:  ";"
Text:  "<newline>    "
Keyword:  "@include"
Text:  " "
Name.Decorator:  "incr"
Punctuation:  "("
Literal.Number:  "10px"
Punctuation:  ");"
Text:  "<newline>    "
Name.Label:  "color"
Punctuation:  ":"
Text:  " "
Literal.Number.Hex:  "#b3b3b3"
Punctuation:  ";"
Text:  "<newline>  "
Punctuation:  "}"
Text:  "<newline><newline>  "
Name.Tag:  "ul"
Text:  " "
Punctuation:  "{"
Text:  "<newline>    "
Keyword:  "@include"
Text:  " "
Name.Decorator:  "horizontal-list"
Punctuation:  ";"
Text:  "<newline><newline>    "
Name.Tag:  "li"
Text:  " "
Punctuation:  "{"
Text:  "<newline>      "
Name.Label:  "padding"
Punctuation:  ":"
Text:  " "
Literal.Number:  "0"
Text:  " "
Literal.Number:  "30px"
Text:  " "
Literal.Number:  "0"
Text:  " "
Literal.Number:  "0"
Punctuation:  ";"
Text:  "<newline>      "
Name.Tag:  "a"
Text:  " "
Punctuation:  "{"
Text:  "<newline>        "
Name.Label:  "text-decoration"
Punctuation:  ":"
Text:  " "
Name.Builtin:  "none"
Punctuation:  ";"
Text:  "<newline>        "
Name.Label:  "color"
Punctuation:  ":"
Text:  " "
Literal.Number.Hex:  "#ef7a06"
Punctuation:  ";"
Text:  "<newline>      "
Punctuation:  "}"
Text:  "<newline>    "
Punctuation:  "}"
Text:  "<newline>  "
Punctuation:  "}"
Text:  "<newline>"
Punctuation:  "}"
Text:  "<newline><newline>"
Name.Tag:  "body"
Text:  " "
Punctuation:  "{"
Text:  "<newline>  "
Keyword:  "&"
Name.Class:  ".open"
Text:  " "
Operator:  ">"
Text:  " "
Name.Tag:  "button"
Name.Decorator:  "::after"
Text:  " "
Punctuation:  "{"
Text:  "<newline>    "
Name.Label:  "color"
Punctuation:  ":"
Text:  " "
Name.Constant:  "red"
Punctuation:  ";"
Text:  "<newline>  "
Punctuation:  "}"
Text:  "<newline>"
Punctuation:  "}"
Text:  "<newline><newline>"
Name.Tag:  "body"
Text:  " "
Punctuation:  "{"
Text:  "<newline>  "
Keyword:  "&"
Name.Decorator:  "::after"
Text:  " "
Punctuation:  "{"
Text:  "<newline>    "
Name.Label:  "color"
Punctuation:  ":"
Text:  " "
Name.Constant:  "red"
Punctuation:  ";"
Text:  "<newline>  "
Punctuation:  "}"
Text:  "<newline>"
Punctuation:  "}"
Text:  "<newline><newline>"
Comment.Single:  "// Comment at EOF (#797)"
Text:  "<newline>"
