Comment.Single:  "# Comment"
Text:  "<newline><newline>"
Comment.Single:  "# Object with no key/value pairs"
Text:  "<newline>"
Keyword:  "data"
Text:  " "
Literal.String.Double:  "\"aws_availability_zones\""
Text:  " "
Literal.String.Double:  "\"available\""
Text:  " "
Punctuation:  "{}"
Text:  "<newline><newline>"
Comment.Single:  "# Object with single key/value"
Text:  "<newline>"
Keyword:  "provider"
Text:  " "
Literal.String.Double:  "\"aws\""
Text:  " "
Punctuation:  "{"
Text:  "<newline>  "
Name.Other:  "most_recent"
Text:  " "
Punctuation:  "="
Text:  " "
Keyword.Constant:  "false"
Text:  "<newline>"
Punctuation:  "}"
Text:  "<newline><newline>"
Comment.Single:  "# Object with various comma-separated values"
Text:  "<newline>"
Keyword:  "provider"
Text:  " "
Literal.String.Double:  "\"aws\""
Text:  " "
Punctuation:  "{"
Text:  "<newline>  "
Name.Other:  "most_recent"
Text:  " "
Punctuation:  "="
Text:  " "
Keyword.Constant:  "false"
Punctuation:  ","
Text:  " "
Name.Other:  "other_value"
Text:  " "
Punctuation:  "="
Text:  " "
Keyword.Constant:  "null"
Text:  "<newline>"
Punctuation:  "}"
Text:  "<newline><newline>"
Comment.Single:  "# Object with various newline-separated values"
Text:  "<newline>"
Keyword:  "resource"
Text:  " "
Literal.String.Double:  "\"aws_vpc\""
Text:  " "
Literal.String.Double:  "\"main\""
Text:  " "
Punctuation:  "{"
Text:  "<newline>  "
Name.Other:  "most_recent"
Text:  " "
Punctuation:  "="
Text:  " "
Keyword.Constant:  "true"
Text:  "<newline>  "
Name.Other:  "cidr_block"
Text:  " "
Punctuation:  "="
Text:  " "
Literal.String.Double:  "\"10.10.0.0/16\""
Text:  "<newline>  "
Name.Other:  "region"
Text:  " "
Punctuation:  "="
Text:  " "
Literal.String.Double:  "\""
Keyword:  "${"
Keyword.Declaration:  "var"
Punctuation:  "."
Name.Other:  "aws_region"
Keyword:  "}"
Literal.String.Double:  "\""
Text:  "<newline>  "
Name.Other:  "count"
Text:  " "
Punctuation:  "="
Text:  " "
Literal.Number.Integer:  "0"
Text:  "<newline>  "
Name.Other:  "another_num"
Text:  " "
Punctuation:  "="
Text:  " "
Literal.Number.Float:  "3.14"
Text:  "<newline>"
Punctuation:  "}"
Text:  "<newline><newline>"
Comment.Single:  "# Object with interpolated values"
Text:  "<newline>"
Keyword:  "resource"
Text:  " "
Literal.String.Double:  "\"aws_subnet\""
Text:  " "
Literal.String.Double:  "\"main\""
Text:  " "
Punctuation:  "{"
Text:  "<newline>  "
Name.Other:  "count"
Text:  "             "
Punctuation:  "="
Text:  " "
Literal.String.Double:  "\""
Keyword:  "${"
Keyword.Declaration:  "var"
Punctuation:  "."
Name.Other:  "az_count"
Keyword:  "}"
Literal.String.Double:  "\""
Text:  "<newline>  "
Name.Other:  "cidr_block"
Text:  "        "
Punctuation:  "="
Text:  " "
Literal.String.Double:  "\""
Keyword:  "${"
Name.Other:  "cidrsubnet"
Punctuation:  "("
Name.Other:  "aws_vpc"
Punctuation:  "."
Name.Other:  "main"
Punctuation:  "."
Name.Other:  "cidr_block"
Punctuation:  ","
Text:  " "
Literal.Number.Integer:  "8"
Punctuation:  ","
Text:  " "
Name.Other:  "count"
Punctuation:  "."
Name.Other:  "index"
Punctuation:  ")"
Keyword:  "}"
Literal.String.Double:  "\""
Text:  "<newline>  "
Name.Other:  "availability_zone"
Text:  " "
Punctuation:  "="
Text:  " "
Literal.String.Double:  "\""
Keyword:  "${data"
Punctuation:  "."
Name.Other:  "aws_availability_zones"
Punctuation:  "."
Name.Other:  "available"
Punctuation:  "."
Name.Other:  "names"
Punctuation:  "["
Name.Other:  "count"
Punctuation:  "."
Name.Other:  "index"
Punctuation:  "]"
Keyword:  "}"
Literal.String.Double:  "\""
Text:  "<newline>  "
Name.Other:  "vpc_id"
Text:  "            "
Punctuation:  "="
Text:  " "
Literal.String.Double:  "\""
Keyword:  "${"
Name.Other:  "aws_vpc"
Punctuation:  "."
Name.Other:  "main"
Punctuation:  "."
Name.Other:  "id"
Keyword:  "}"
Literal.String.Double:  "\""
Text:  "<newline>"
Punctuation:  "}"
Text:  "<newline><newline>"
Comment.Single:  "# Object with nested object"
Text:  "<newline>"
Keyword:  "resource"
Text:  " "
Literal.String.Double:  "\"aws_route_table\""
Text:  " "
Literal.String.Double:  "\"r\""
Text:  " "
Punctuation:  "{"
Text:  "<newline>  "
Name.Other:  "vpc_id"
Text:  " "
Punctuation:  "="
Text:  " "
Literal.String.Double:  "\""
Keyword:  "${"
Name.Other:  "aws_vpc"
Punctuation:  "."
Name.Other:  "main"
Punctuation:  "."
Name.Other:  "id"
Keyword:  "}"
Literal.String.Double:  "\""
Text:  "<newline><newline>  "
Name.Other:  "route"
Text:  " "
Punctuation:  "{"
Text:  "<newline>    "
Name.Other:  "cidr_block"
Text:  " "
Punctuation:  "="
Text:  " "
Literal.String.Double:  "\"0.0.0.0/0\""
Text:  "<newline>    "
Name.Other:  "gateway_id"
Text:  " "
Punctuation:  "="
Text:  " "
Literal.String.Double:  "\""
Keyword:  "${"
Name.Other:  "aws_internet_gateway"
Punctuation:  "."
Name.Other:  "gw"
Punctuation:  "."
Name.Other:  "id"
Keyword:  "}"
Literal.String.Double:  "\""
Text:  "<newline>  "
Punctuation:  "}"
Text:  "<newline>"
Punctuation:  "}"
Text:  "<newline><newline>"
Comment.Single:  "# Object with list value"
Text:  "<newline>"
Keyword:  "resource"
Text:  " "
Literal.String.Double:  "\"aws_autoscaling_group\""
Text:  " "
Literal.String.Double:  "\"app\""
Text:  " "
Punctuation:  "{"
Text:  "<newline>  "
Name.Other:  "vpc_zone_identifier"
Text:  "  "
Punctuation:  "="
Text:  " "
Punctuation:  "["
Literal.String.Double:  "\""
Keyword:  "${"
Name.Other:  "aws_subnet"
Punctuation:  "."
Name.Other:  "main"
Punctuation:  "."
Operator:  "*"
Punctuation:  "."
Name.Other:  "id"
Keyword:  "}"
Literal.String.Double:  "\""
Punctuation:  "]"
Text:  "<newline>"
Punctuation:  "}"
Text:  "<newline><newline>"
Comment.Single:  "# Object with nested interpolation"
Text:  "<newline>"
Keyword:  "data"
Text:  " "
Literal.String.Double:  "\"template_file\""
Text:  " "
Literal.String.Double:  "\"cloud_config\""
Text:  " "
Punctuation:  "{"
Text:  "<newline>  "
Name.Other:  "template"
Text:  " "
Punctuation:  "="
Text:  " "
Literal.String.Double:  "\""
Keyword:  "${"
Name.Other:  "file"
Punctuation:  "("
Literal.String.Double:  "\""
Keyword:  "${"
Name.Other:  "path"
Punctuation:  "."
Keyword:  "module}"
Literal.String.Double:  "/cloud-config.yml\""
Punctuation:  ")"
Keyword:  "}"
Literal.String.Double:  "\""
Text:  "<newline>"
Punctuation:  "}"
Text:  "<newline><newline>"
Comment.Single:  "# Object with HEREDOC string"
Text:  "<newline>"
Keyword:  "resource"
Text:  " "
Literal.String.Double:  "\"aws_iam_role\""
Text:  " "
Literal.String.Double:  "\"ecs_service\""
Text:  " "
Punctuation:  "{"
Text:  "<newline>  "
Name.Other:  "name"
Text:  " "
Punctuation:  "="
Text:  " "
Literal.String.Double:  "\"tf_example_ecs_role\""
Text:  "<newline><newline>  "
Name.Other:  "assume_role_policy"
Text:  " "
Punctuation:  "="
Text:  " "
Operator:  "<<"
Name.Constant:  "EOF"
Literal.String.Heredoc:  "<newline>{<newline>  \"Version\": \"2008-10-17\",<newline>  \"Statement\": [<newline>    {<newline>      \"Sid\": \"\",<newline>      \"Effect\": \"Allow\",<newline>      \"Principal\": {<newline>        \"Service\": \"ecs.amazonaws.com\"<newline>      },<newline>      \"Action\": \"sts:AssumeRole\"<newline>    }<newline>  ]<newline>}<newline>"
Name.Constant:  "EOF<newline>"
Punctuation:  "}"
Text:  "<newline><newline>"
Comment.Single:  "## Object with first-class expressions"
Text:  "<newline>"
Keyword:  "resource"
Text:  " "
Literal.String.Double:  "\"aws_subnet\""
Text:  " "
Literal.String.Double:  "\"main\""
Text:  " "
Punctuation:  "{"
Text:  "<newline>  "
Name.Other:  "count"
Text:  "             "
Punctuation:  "="
Text:  " "
Keyword.Declaration:  "var"
Punctuation:  "."
Name.Other:  "az_count"
Text:  "<newline>  "
Name.Other:  "cidr_block"
Text:  "        "
Punctuation:  "="
Text:  " "
Name.Other:  "cidrsubnet"
Punctuation:  "("
Name.Other:  "aws_vpc"
Punctuation:  "."
Name.Other:  "main"
Punctuation:  "."
Name.Other:  "cidr_block"
Punctuation:  ","
Text:  " "
Literal.Number.Integer:  "8"
Punctuation:  ","
Text:  " "
Name.Other:  "count"
Punctuation:  "."
Name.Other:  "index"
Punctuation:  ")"
Text:  "<newline>  "
Name.Other:  "availability_zone"
Text:  " "
Punctuation:  "="
Text:  " "
Keyword:  "data"
Punctuation:  "."
Name.Other:  "aws_availability_zones"
Punctuation:  "."
Name.Other:  "available"
Punctuation:  "."
Name.Other:  "names"
Punctuation:  "["
Name.Other:  "count"
Punctuation:  "."
Name.Other:  "index"
Punctuation:  "]"
Text:  "<newline>  "
Name.Other:  "vpc_id"
Text:  "            "
Punctuation:  "="
Text:  " "
Name.Other:  "aws_vpc"
Punctuation:  "."
Name.Other:  "main"
Punctuation:  "."
Name.Other:  "id"
Text:  "<newline>  "
Name.Other:  "fqns"
Text:  "              "
Punctuation:  "="
Text:  " "
Name.Other:  "aws_route53_record"
Punctuation:  "."
Name.Other:  "cert_validation"
Punctuation:  "[*]."
Name.Other:  "fqdn"
Text:  "<newline>"
Punctuation:  "}"
Text:  "<newline><newline>"
Comment.Single:  "## Object with regular expression"
Text:  "<newline>"
Keyword:  "resource"
Text:  " "
Literal.String.Double:  "\"aws_cloudfront_distribution\""
Text:  " "
Literal.String.Double:  "\"s3_distribution\""
Text:  " "
Punctuation:  "{"
Text:  "<newline>  "
Name.Other:  "aliases"
Text:  " "
Punctuation:  "="
Text:  " "
Punctuation:  "["
Literal.String.Double:  "\"www."
Keyword:  "${"
Name.Other:  "replace"
Punctuation:  "("
Keyword.Declaration:  "var"
Punctuation:  "."
Name.Other:  "domain_name"
Punctuation:  ","
Text:  " "
Literal.String.Delimiter:  "\"/"
Literal.String.Regex:  "\\\\.$"
Literal.String.Delimiter:  "/\""
Literal.String.Double:  ", \"\")}\""
Punctuation:  "]"
Text:  "<newline>"
Punctuation:  "}"
Text:  "<newline>"
