Comment.Multiline:  "/* ----------------------------------------------------------------------------<newline> * (c) Copyright Wiley & Sons 2005<newline> *<newline> * @author: Colin Willcock, Thomas Dei\u00DF, Stephan Tobies, Stefan Keil, Federico <newline> *          Engler, Stephan Schulz<newline> * @desc:   This is a strongly simplified Domain Name Server (DNS) test suite  <newline> *          for testing some basic domain name resolution behaviour.<newline> * @remark: This TTCN-3 code is based on the DNS example code presented in <newline> *          \"C. Willock et al., An Introduction to TTCN-3, Wiley & Sons, 2005. <newline> *          ISBN: 0-470-01224-2\"<newline> *          This copyright notice shall not be removed in copies of this file.<newline> * ----------------------------------------------------------------------------<newline>*/"
Text:  "<newline>"
Keyword.Declaration:  "module"
Text:  " "
Name.Class:  "DNSTester"
Text:  " "
Punctuation:  "{"
Text:  "<newline><newline>  "
Comment.Single:  "// Simple type definitions to match the protocol structure"
Text:  "<newline>  "
Keyword:  "type"
Text:  " "
Keyword.Type:  "integer"
Text:  " "
Name:  "Identification"
Punctuation:  "("
Text:  " "
Literal.Number.Integer:  "0"
Punctuation:  ".."
Literal.Number.Integer:  "65535"
Text:  " "
Punctuation:  ");"
Text:  " "
Comment.Single:  "// 16-bit integer"
Text:  "<newline>  "
Keyword:  "type"
Text:  " "
Keyword.Type:  "enumerated"
Text:  " "
Name:  "MessageKind"
Text:  " "
Punctuation:  "{"
Name:  "e_Question"
Punctuation:  ","
Text:  " "
Name:  "e_Answer"
Punctuation:  "};"
Text:  "<newline>  "
Keyword:  "type"
Text:  " "
Keyword.Type:  "charstring"
Text:  " "
Name:  "Question"
Punctuation:  ";"
Text:  "<newline>  "
Keyword:  "type"
Text:  " "
Keyword.Type:  "charstring"
Text:  " "
Name:  "Answer"
Punctuation:  ";"
Text:  "<newline><newline>  "
Comment.Single:  "// The definition of our DNS message type."
Text:  "<newline>  "
Keyword:  "type"
Text:  " "
Keyword.Type:  "record"
Text:  " "
Name:  "DNSMessage"
Text:  " "
Punctuation:  "{"
Text:  "<newline>    "
Name:  "Identification"
Text:  " "
Name:  "identification"
Punctuation:  ","
Text:  "<newline>    "
Name:  "MessageKind"
Text:  " "
Name:  "messageKind"
Punctuation:  ","
Text:  "<newline>    "
Name:  "Question"
Text:  " "
Name:  "question"
Punctuation:  ","
Text:  "<newline>    "
Name:  "Answer"
Text:  " "
Name:  "answer"
Text:  " "
Name:  "optional"
Text:  "<newline>  "
Punctuation:  "}"
Text:  "<newline><newline>  "
Comment.Single:  "// A possible template for the DNS message type."
Text:  "<newline>  "
Keyword:  "template"
Text:  " "
Name:  "DNSMessage"
Text:  " "
Name:  "a_NokiaQuestion"
Text:  " "
Operator:  ":="
Text:  " "
Punctuation:  "{"
Text:  "<newline>    "
Name:  "identification"
Text:  " "
Operator:  ":="
Text:  " "
Literal.Number.Integer:  "12345"
Punctuation:  ","
Text:  "<newline>    "
Name:  "messageKind"
Text:  " "
Operator:  ":="
Text:  " "
Name:  "e_Question"
Punctuation:  ","
Text:  "<newline>    "
Name:  "question"
Text:  " "
Operator:  ":="
Text:  " "
Literal.String:  "\"www.nokia.com\""
Punctuation:  ","
Text:  "<newline>    "
Name:  "answer"
Text:  " "
Operator:  ":="
Text:  " "
Keyword.Reserved:  "omit"
Text:  "<newline>  "
Punctuation:  "}"
Text:  "<newline><newline>  "
Comment.Single:  "// A parameterized template for DNS questions based on DNSMessage."
Text:  "<newline>  "
Keyword:  "template"
Text:  " "
Name:  "DNSMessage"
Text:  " "
Name:  "a_DNSQuestion"
Punctuation:  "("
Text:  " "
Name:  "Identification"
Text:  " "
Name:  "p_id"
Punctuation:  ","
Text:  " "
Name:  "Question"
Text:  " "
Name:  "p_question"
Text:  " "
Punctuation:  ")"
Text:  " "
Operator:  ":="
Text:  " "
Punctuation:  "{"
Text:  "<newline>    "
Name:  "identification"
Text:  " "
Operator:  ":="
Text:  " "
Name:  "p_id"
Punctuation:  ","
Text:  "<newline>    "
Name:  "messageKind"
Text:  " "
Operator:  ":="
Text:  " "
Name:  "e_Question"
Punctuation:  ","
Text:  "<newline>    "
Name:  "question"
Text:  " "
Operator:  ":="
Text:  " "
Name:  "p_question"
Punctuation:  ","
Text:  "<newline>    "
Name:  "answer"
Text:  " "
Operator:  ":="
Text:  " "
Keyword.Reserved:  "omit"
Text:  "<newline>  "
Punctuation:  "}"
Text:  "<newline><newline>  "
Comment.Single:  "// A parameterized template for DNS answers based on DNSMessage."
Text:  "<newline>  "
Keyword:  "template"
Text:  " "
Name:  "DNSMessage"
Text:  " "
Name:  "a_DNSAnswer"
Punctuation:  "("
Text:  " "
Name:  "Identification"
Text:  " "
Name:  "p_id"
Punctuation:  ","
Text:  " "
Name:  "Answer"
Text:  " "
Name:  "p_answer"
Text:  " "
Punctuation:  ")"
Text:  " "
Operator:  ":="
Text:  " "
Punctuation:  "{"
Text:  "<newline>    "
Name:  "identification"
Text:  " "
Operator:  ":="
Text:  " "
Name:  "p_id"
Punctuation:  ","
Text:  "<newline>    "
Name:  "messageKind"
Text:  " "
Operator:  ":="
Text:  " "
Name:  "e_Answer"
Punctuation:  ","
Text:  "<newline>    "
Name:  "question"
Text:  " "
Operator:  ":="
Text:  " "
Operator:  "?"
Punctuation:  ","
Text:  "<newline>    "
Name:  "answer"
Text:  " "
Operator:  ":="
Text:  " "
Name:  "p_answer"
Text:  "<newline>  "
Punctuation:  "}"
Text:  "<newline><newline>  "
Comment.Single:  "// DNS messages are allowed to move in and out through ports of this type."
Text:  "<newline>  "
Keyword:  "type"
Text:  " "
Keyword:  "port"
Text:  " "
Name:  "DNSPort"
Text:  " "
Name:  "message"
Text:  " "
Punctuation:  "{"
Text:  "<newline>    "
Name:  "inout"
Text:  " "
Name:  "DNSMessage"
Text:  "<newline>  "
Punctuation:  "}"
Text:  "<newline><newline>  "
Comment.Single:  "// Our single component uses one single port to communicate with the SUT."
Text:  "<newline>  "
Keyword:  "type"
Text:  " "
Keyword:  "component"
Text:  " "
Name:  "DNSClient"
Text:  " "
Punctuation:  "{"
Text:  "<newline>    "
Keyword:  "port"
Text:  " "
Name:  "DNSPort"
Text:  " "
Name:  "serverPort"
Text:  "<newline>  "
Punctuation:  "}"
Text:  "<newline><newline>  "
Comment.Single:  "// Our first test case! This small test case will behave very poorly in case"
Text:  "<newline>  "
Comment.Single:  "// of an erroneous SUT. More about this later!"
Text:  "<newline>  "
Keyword:  "testcase"
Text:  " "
Name:  "ExampleResolveNokia1"
Punctuation:  "()"
Text:  " "
Name:  "runs"
Text:  " "
Name:  "on"
Text:  " "
Name:  "DNSClient"
Text:  " "
Punctuation:  "{"
Text:  "<newline>    "
Name:  "serverPort"
Punctuation:  "."
Keyword:  "send"
Punctuation:  "("
Text:  " "
Name:  "a_DNSQuestion"
Punctuation:  "("
Text:  " "
Literal.Number.Integer:  "12345"
Punctuation:  ","
Text:  " "
Literal.String:  "\"www.research.nokia.com\""
Text:  " "
Punctuation:  ")"
Text:  " "
Punctuation:  ");"
Text:  "<newline>    "
Name:  "serverPort"
Punctuation:  "."
Keyword:  "receive"
Punctuation:  "("
Text:  " "
Name:  "a_DNSAnswer"
Punctuation:  "("
Text:  " "
Literal.Number.Integer:  "12345"
Punctuation:  ","
Text:  " "
Literal.String:  "\"172.21.56.98\""
Text:  " "
Punctuation:  ")"
Text:  " "
Punctuation:  ");"
Text:  "<newline>    "
Keyword:  "setverdict"
Punctuation:  "("
Text:  " "
Keyword.Reserved:  "pass"
Text:  " "
Punctuation:  ");"
Text:  "<newline>    "
Keyword:  "stop"
Punctuation:  ";"
Text:  "<newline>  "
Punctuation:  "}"
Text:  "<newline><newline>  "
Keyword:  "testcase"
Text:  " "
Name:  "ExampleResolveNokia2"
Punctuation:  "()"
Text:  " "
Name:  "runs"
Text:  " "
Name:  "on"
Text:  " "
Name:  "DNSClient"
Text:  " "
Punctuation:  "{"
Text:  "<newline>    "
Name:  "serverPort"
Punctuation:  "."
Keyword:  "send"
Punctuation:  "("
Text:  " "
Name:  "a_DNSQuestion"
Punctuation:  "("
Text:  " "
Literal.Number.Integer:  "12345"
Punctuation:  ","
Text:  " "
Literal.String:  "\"www.research.nokia.com\""
Text:  " "
Punctuation:  ")"
Text:  " "
Punctuation:  ");"
Text:  "<newline>    "
Keyword.Reserved:  "alt"
Text:  " "
Punctuation:  "{"
Text:  "<newline>      "
Comment.Single:  "// Handle the case when the expected answer comes in."
Text:  "<newline>      "
Punctuation:  "[]"
Text:  " "
Name:  "serverPort"
Punctuation:  "."
Keyword:  "receive"
Punctuation:  "("
Text:  " "
Name:  "a_DNSAnswer"
Punctuation:  "("
Text:  " "
Literal.Number.Integer:  "12345"
Punctuation:  ","
Text:  " "
Literal.String:  "\"172.21.56.98\""
Text:  " "
Punctuation:  ")"
Text:  " "
Punctuation:  ")"
Text:  " "
Punctuation:  "{"
Text:  "<newline>         "
Keyword:  "setverdict"
Punctuation:  "("
Text:  " "
Keyword.Reserved:  "pass"
Text:  " "
Punctuation:  ");"
Text:  "<newline>      "
Punctuation:  "}"
Text:  "<newline>      "
Comment.Single:  "// Handle the case when unexpected answers come in."
Text:  "<newline>      "
Punctuation:  "[]"
Text:  " "
Name:  "serverPort"
Punctuation:  "."
Keyword:  "receive"
Text:  " "
Punctuation:  "{"
Text:  "<newline>         "
Keyword:  "setverdict"
Punctuation:  "("
Text:  " "
Keyword.Reserved:  "fail"
Text:  " "
Punctuation:  ");"
Text:  "<newline>      "
Punctuation:  "}"
Text:  "<newline>    "
Punctuation:  "}"
Text:  "<newline>    "
Keyword:  "stop"
Punctuation:  ";"
Text:  "<newline>  "
Punctuation:  "}"
Text:  "<newline><newline>  "
Comment.Single:  "// Our test case is now able to handle incorrect replies as well as"
Text:  "<newline>  "
Comment.Single:  "// missing replies."
Text:  "<newline>  "
Keyword:  "testcase"
Text:  " "
Name:  "ExampleResolveNokia3"
Punctuation:  "()"
Text:  " "
Name:  "runs"
Text:  " "
Name:  "on"
Text:  " "
Name:  "DNSClient"
Text:  " "
Punctuation:  "{"
Text:  "<newline>    "
Keyword:  "timer"
Text:  " "
Name:  "replyTimer"
Punctuation:  ";"
Text:  "<newline>    "
Name:  "serverPort"
Punctuation:  "."
Keyword:  "send"
Punctuation:  "("
Text:  " "
Name:  "a_DNSQuestion"
Punctuation:  "("
Text:  " "
Literal.Number.Integer:  "12345"
Punctuation:  ","
Text:  " "
Literal.String:  "\"www.research.nokia.com\""
Text:  " "
Punctuation:  ")"
Text:  " "
Punctuation:  ");"
Text:  "<newline>    "
Name:  "replyTimer"
Punctuation:  "."
Keyword:  "start"
Punctuation:  "("
Text:  " "
Literal.Number.Float:  "20.0"
Text:  " "
Punctuation:  ");"
Text:  "<newline>    "
Keyword.Reserved:  "alt"
Text:  " "
Punctuation:  "{"
Text:  "<newline>      "
Comment.Single:  "// Handle the case when the expected answer comes in."
Text:  "<newline>      "
Punctuation:  "[]"
Text:  " "
Name:  "serverPort"
Punctuation:  "."
Keyword:  "receive"
Punctuation:  "("
Text:  " "
Name:  "a_DNSAnswer"
Punctuation:  "("
Text:  " "
Literal.Number.Integer:  "12345"
Punctuation:  ","
Text:  " "
Literal.String:  "\"172.21.56.98\""
Text:  " "
Punctuation:  ")"
Text:  " "
Punctuation:  ")"
Text:  " "
Punctuation:  "{"
Text:  "<newline>         "
Keyword:  "setverdict"
Punctuation:  "("
Text:  " "
Keyword.Reserved:  "pass"
Text:  " "
Punctuation:  ");"
Text:  "<newline>         "
Name:  "replyTimer"
Punctuation:  "."
Keyword:  "stop"
Punctuation:  ";"
Text:  "<newline>      "
Punctuation:  "}"
Text:  "<newline>      "
Comment.Single:  "// Handle the case when unexpected answers come in."
Text:  "<newline>      "
Punctuation:  "[]"
Text:  " "
Name:  "serverPort"
Punctuation:  "."
Keyword:  "receive"
Text:  " "
Punctuation:  "{"
Text:  "<newline>         "
Keyword:  "setverdict"
Punctuation:  "("
Text:  " "
Keyword.Reserved:  "fail"
Text:  " "
Punctuation:  ");"
Text:  "<newline>         "
Name:  "replyTimer"
Punctuation:  "."
Keyword:  "stop"
Punctuation:  ";"
Text:  "<newline>      "
Punctuation:  "}"
Text:  "<newline>      "
Comment.Single:  "// Handle the case when no answer comes in."
Text:  "<newline>      "
Punctuation:  "[]"
Text:  " "
Name:  "replyTimer"
Punctuation:  "."
Name:  "timeout"
Text:  " "
Punctuation:  "{"
Text:  "<newline>         "
Keyword:  "setverdict"
Punctuation:  "("
Text:  " "
Keyword.Reserved:  "fail"
Text:  " "
Punctuation:  ");"
Text:  "<newline>      "
Punctuation:  "}"
Text:  "<newline>    "
Punctuation:  "}"
Text:  "<newline>    "
Keyword:  "stop"
Punctuation:  ";"
Text:  "<newline>  "
Punctuation:  "}"
Text:  "<newline><newline>  "
Comment.Single:  "// Our small control part."
Text:  "<newline>  "
Keyword.Reserved:  "control"
Text:  " "
Punctuation:  "{"
Text:  "<newline>    "
Keyword:  "execute"
Punctuation:  "("
Text:  " "
Name:  "ExampleResolveNokia1"
Punctuation:  "()"
Text:  " "
Punctuation:  ");"
Text:  "<newline>    "
Keyword:  "execute"
Punctuation:  "("
Text:  " "
Name:  "ExampleResolveNokia2"
Punctuation:  "()"
Text:  " "
Punctuation:  ");"
Text:  "<newline>    "
Keyword:  "execute"
Punctuation:  "("
Text:  " "
Name:  "ExampleResolveNokia3"
Punctuation:  "()"
Text:  " "
Punctuation:  ");"
Text:  "<newline>  "
Punctuation:  "}"
Text:  "<newline><newline>"
Punctuation:  "}"
Text:  "<newline>"
