Comment.Single:  "-- VHDL Lexer\r"
Text:  "<newline>\r<newline>"
Keyword:  "entity"
Text:  " "
Name:  "test_module"
Text:  " "
Keyword:  "is"
Text:  "\r<newline>\t"
Keyword:  "port"
Text:  " "
Punctuation:  "("
Text:  "\r<newline>\t\t"
Name:  "clk_in"
Text:  " "
Punctuation:  ":"
Text:  " "
Keyword:  "in"
Text:  "  "
Keyword.Type:  "std_logic"
Punctuation:  ";"
Text:  "\r<newline>\t\t"
Name:  "a_in"
Text:  "   "
Punctuation:  ":"
Text:  " "
Keyword:  "in"
Text:  "  "
Keyword.Type:  "std_logic_vector"
Punctuation:  "("
Literal.Number.Integer:  "2"
Text:  " "
Keyword:  "downto"
Text:  " "
Literal.Number.Integer:  "0"
Punctuation:  ");"
Text:  "\r<newline>\t\t"
Name:  "b_in"
Text:  "   "
Punctuation:  ":"
Text:  " "
Keyword:  "in"
Text:  "  "
Keyword.Type:  "std_logic_vector"
Punctuation:  "("
Literal.Number.Integer:  "2"
Text:  " "
Keyword:  "downto"
Text:  " "
Literal.Number.Integer:  "0"
Punctuation:  ");"
Text:  "\r<newline>\t\t"
Name:  "data_q"
Text:  " "
Punctuation:  ":"
Text:  " "
Keyword:  "out"
Text:  " "
Keyword.Type:  "std_logic"
Text:  "\r<newline>\t"
Punctuation:  ");"
Text:  "\r<newline>"
Keyword:  "end"
Text:  " "
Keyword:  "entity"
Text:  " "
Name:  "test_module"
Punctuation:  ";"
Text:  "\r<newline>\r<newline>"
Keyword:  "architecture"
Text:  " "
Name:  "RTL"
Text:  " "
Keyword:  "of"
Text:  " "
Name:  "test_module"
Text:  " "
Keyword:  "is"
Text:  "\r<newline>\r<newline>\t"
Keyword:  "signal"
Text:  " "
Name:  "data"
Text:  " "
Punctuation:  ":"
Text:  " "
Keyword.Type:  "std_logic"
Text:  " "
Punctuation:  ":"
Operator:  "="
Text:  " "
Literal.String.Char:  "'0'"
Punctuation:  ";"
Text:  "\r<newline>\t\r<newline>\t"
Keyword:  "function"
Text:  " "
Name:  "test"
Punctuation:  "("
Name:  "a"
Punctuation:  ","
Text:  " "
Name:  "b"
Text:  " "
Punctuation:  ":"
Text:  " "
Keyword.Type:  "integer"
Punctuation:  ")"
Text:  " "
Keyword:  "return"
Text:  " "
Keyword.Type:  "std_logic_vector"
Text:  " "
Keyword:  "is"
Text:  "\r<newline>\t"
Keyword:  "begin"
Text:  "\r<newline>\t\r<newline>\t\t"
Keyword:  "if"
Text:  " "
Punctuation:  "("
Name:  "a"
Text:  " "
Operator:  "<"
Text:  " "
Name:  "b"
Punctuation:  ")"
Text:  " "
Keyword:  "then"
Text:  "\r<newline>\t\t\t"
Keyword:  "return"
Text:  " "
Literal.String.Single:  "x\"A\""
Punctuation:  ";"
Text:  "\r<newline>\t\t"
Keyword:  "else"
Text:  "\r<newline>\t\t\t"
Keyword:  "return"
Text:  " "
Literal.String.Single:  "\"0101\""
Punctuation:  ";"
Text:  "\r<newline>\t\t"
Keyword:  "end"
Text:  " "
Keyword:  "if"
Punctuation:  ";"
Text:  "\r<newline>\t"
Keyword:  "end"
Text:  " "
Keyword:  "function"
Punctuation:  ";"
Text:  "\r<newline>\t\r<newline>"
Keyword:  "begin"
Text:  "\r<newline>\r<newline>\t"
Name:  "data_q"
Text:  " "
Operator:  "<="
Text:  " "
Name:  "data"
Punctuation:  ";"
Text:  "\r<newline>\r<newline>\t"
Name:  "data_proc"
Text:  " "
Punctuation:  ":"
Text:  " "
Keyword:  "process"
Text:  " "
Punctuation:  "("
Name:  "clk_in"
Punctuation:  ")"
Text:  "\r<newline>\t\t"
Keyword:  "variable"
Text:  " "
Name:  "a"
Text:  " "
Punctuation:  ":"
Text:  " "
Keyword.Type:  "integer"
Text:  " "
Keyword:  "range"
Text:  " "
Literal.Number.Integer:  "0"
Text:  " "
Keyword:  "to"
Text:  " "
Literal.Number.Integer:  "100"
Text:  " "
Punctuation:  ":"
Operator:  "="
Text:  " "
Literal.Number.Integer:  "0"
Punctuation:  ";"
Text:  "\r<newline>\t\t"
Keyword:  "variable"
Text:  " "
Name:  "b"
Text:  " "
Punctuation:  ":"
Text:  " "
Keyword.Type:  "integer"
Punctuation:  ";"
Text:  "\r<newline>\t"
Keyword:  "begin"
Text:  "\r<newline>\t\r<newline>\t\t"
Keyword:  "if"
Text:  " "
Punctuation:  "("
Name:  "rising_edge"
Punctuation:  "("
Name:  "clk_in"
Punctuation:  "))"
Text:  " "
Keyword:  "then"
Text:  "\r<newline>\t\t\r<newline>\t\t\t"
Name:  "a"
Text:  " "
Punctuation:  ":"
Operator:  "="
Text:  " "
Name:  "to_integer"
Punctuation:  "("
Keyword.Type:  "unsigned"
Punctuation:  "("
Name:  "a_in"
Punctuation:  "));"
Text:  "\r<newline>\t\t\t"
Name:  "b"
Text:  " "
Punctuation:  ":"
Operator:  "="
Text:  " "
Name:  "to_integer"
Punctuation:  "("
Keyword.Type:  "unsigned"
Punctuation:  "("
Name:  "b_in"
Punctuation:  "));"
Text:  "\r<newline>\t\t\r<newline>\t\t\t"
Name:  "data"
Text:  " "
Operator:  "<="
Text:  " "
Operator.Word:  "not"
Text:  " "
Name:  "test"
Punctuation:  "("
Name:  "a"
Punctuation:  ","
Text:  " "
Name:  "b"
Punctuation:  ");"
Text:  "\r<newline>\t\t\t\r<newline>\t\t"
Keyword:  "end"
Text:  " "
Keyword:  "if"
Punctuation:  ";"
Text:  "\r<newline>\t\r<newline>\t"
Keyword:  "end"
Text:  " "
Keyword:  "process"
Punctuation:  ";"
Text:  " \r<newline>\r<newline>"
Keyword:  "end"
Text:  " "
Keyword:  "architecture"
Text:  " "
Name:  "RTL"
Punctuation:  ";"
Text:  "\r<newline>"
