Comment.Preproc:  "#tag IOSView"
Text.Whitespace:  "<newline>"
Keyword:  "Begin"
Text.Whitespace:  " "
Text:  "iosView"
Text.Whitespace:  " "
Text:  "DrawView"
Text.Whitespace:  "<newline>   "
Text:  "BackButtonTitle"
Text.Whitespace:  " "
Operator:  "="
Text.Whitespace:  "   "
Literal.String.Double:  "\"Draw\""
Text.Whitespace:  "<newline>   "
Text:  "Compatibility"
Text.Whitespace:  "   "
Operator:  "="
Text.Whitespace:  "   "
Literal.String.Double:  "\"\""
Text.Whitespace:  "<newline>   "
Text:  "Left"
Text.Whitespace:  "            "
Operator:  "="
Text.Whitespace:  "   "
Literal.Number.Integer:  "0"
Text.Whitespace:  "<newline>   "
Text:  "NavigationBarVisible"
Operator:  "="
Text.Whitespace:  "   "
Keyword:  "True"
Text.Whitespace:  "<newline>   "
Text:  "TabIcon"
Text.Whitespace:  "         "
Operator:  "="
Text.Whitespace:  "   "
Literal.String.Double:  "\"\""
Text.Whitespace:  "<newline>   "
Text:  "TabTitle"
Text.Whitespace:  "        "
Operator:  "="
Text.Whitespace:  "   "
Literal.String.Double:  "\"\""
Text.Whitespace:  "<newline>   "
Text:  "Title"
Text.Whitespace:  "           "
Operator:  "="
Text.Whitespace:  "   "
Literal.String.Double:  "\"Xojo Draw\""
Text.Whitespace:  "<newline>   "
Text:  "Top"
Text.Whitespace:  "             "
Operator:  "="
Text.Whitespace:  "   "
Literal.Number.Integer:  "0"
Text.Whitespace:  "<newline>   "
Keyword:  "Begin"
Text.Whitespace:  " "
Text:  "iOSCanvas"
Text.Whitespace:  " "
Text:  "DrawingCanvas"
Text.Whitespace:  "<newline>      "
Text:  "AccessibilityHint"
Operator:  "="
Text.Whitespace:  "   "
Literal.String.Double:  "\"\""
Text.Whitespace:  "<newline>      "
Text:  "AccessibilityLabel"
Operator:  "="
Text.Whitespace:  "   "
Literal.String.Double:  "\"\""
Text.Whitespace:  "<newline>      "
Text:  "AutoLayout"
Text.Whitespace:  "      "
Operator:  "="
Text.Whitespace:  "   "
Text:  "DrawingCanvas"
Punctuation:  ","
Text.Whitespace:  " "
Literal.Number.Integer:  "4"
Punctuation:  ","
Text.Whitespace:  " "
Text:  "BottomLayoutGuide"
Punctuation:  ","
Text.Whitespace:  " "
Literal.Number.Integer:  "3"
Punctuation:  ","
Text.Whitespace:  " "
Keyword:  "False"
Punctuation:  ","
Text.Whitespace:  " "
Literal.Number.Float:  "+1.00"
Punctuation:  ","
Text.Whitespace:  " "
Literal.Number.Integer:  "2"
Punctuation:  ","
Text.Whitespace:  " "
Literal.Number.Integer:  "1"
Punctuation:  ","
Text.Whitespace:  " "
Literal.Number.Integer:  "0"
Punctuation:  ","
Text.Whitespace:  " <newline>      "
Text:  "AutoLayout"
Text.Whitespace:  "      "
Operator:  "="
Text.Whitespace:  "   "
Text:  "DrawingCanvas"
Punctuation:  ","
Text.Whitespace:  " "
Literal.Number.Integer:  "1"
Punctuation:  ","
Text.Whitespace:  " "
Operator:  "<"
Text:  "Parent"
Operator:  ">"
Punctuation:  ","
Text.Whitespace:  " "
Literal.Number.Integer:  "1"
Punctuation:  ","
Text.Whitespace:  " "
Keyword:  "False"
Punctuation:  ","
Text.Whitespace:  " "
Literal.Number.Float:  "+1.00"
Punctuation:  ","
Text.Whitespace:  " "
Literal.Number.Integer:  "1"
Punctuation:  ","
Text.Whitespace:  " "
Literal.Number.Integer:  "1"
Punctuation:  ","
Text.Whitespace:  " "
Literal.Number.Integer:  "0"
Punctuation:  ","
Text.Whitespace:  " <newline>      "
Text:  "AutoLayout"
Text.Whitespace:  "      "
Operator:  "="
Text.Whitespace:  "   "
Text:  "DrawingCanvas"
Punctuation:  ","
Text.Whitespace:  " "
Literal.Number.Integer:  "2"
Punctuation:  ","
Text.Whitespace:  " "
Operator:  "<"
Text:  "Parent"
Operator:  ">"
Punctuation:  ","
Text.Whitespace:  " "
Literal.Number.Integer:  "2"
Punctuation:  ","
Text.Whitespace:  " "
Keyword:  "False"
Punctuation:  ","
Text.Whitespace:  " "
Literal.Number.Float:  "+1.00"
Punctuation:  ","
Text.Whitespace:  " "
Literal.Number.Integer:  "2"
Punctuation:  ","
Text.Whitespace:  " "
Literal.Number.Integer:  "1"
Punctuation:  ","
Text.Whitespace:  " "
Literal.Number.Integer:  "0"
Punctuation:  ","
Text.Whitespace:  " <newline>      "
Text:  "AutoLayout"
Text.Whitespace:  "      "
Operator:  "="
Text.Whitespace:  "   "
Text:  "DrawingCanvas"
Punctuation:  ","
Text.Whitespace:  " "
Literal.Number.Integer:  "3"
Punctuation:  ","
Text.Whitespace:  " "
Text:  "TopLayoutGuide"
Punctuation:  ","
Text.Whitespace:  " "
Literal.Number.Integer:  "4"
Punctuation:  ","
Text.Whitespace:  " "
Keyword:  "False"
Punctuation:  ","
Text.Whitespace:  " "
Literal.Number.Float:  "+1.00"
Punctuation:  ","
Text.Whitespace:  " "
Literal.Number.Integer:  "1"
Punctuation:  ","
Text.Whitespace:  " "
Literal.Number.Integer:  "1"
Punctuation:  ","
Text.Whitespace:  " "
Literal.Number.Integer:  "0"
Punctuation:  ","
Text.Whitespace:  " <newline>      "
Text:  "Height"
Text.Whitespace:  "          "
Operator:  "="
Text.Whitespace:  "   "
Literal.Number.Float:  "503."
Text.Whitespace:  "<newline>      "
Text:  "Left"
Text.Whitespace:  "            "
Operator:  "="
Text.Whitespace:  "   "
Literal.Number.Integer:  "0"
Text.Whitespace:  "<newline>      "
Text:  "LockedInPosition"
Operator:  "="
Text.Whitespace:  "   "
Keyword:  "False"
Text.Whitespace:  "<newline>      "
Text:  "Scope"
Text.Whitespace:  "           "
Operator:  "="
Text.Whitespace:  "   "
Literal.Number.Integer:  "0"
Text.Whitespace:  "<newline>      "
Text:  "Top"
Text.Whitespace:  "             "
Operator:  "="
Text.Whitespace:  "   "
Literal.Number.Integer:  "65"
Text.Whitespace:  "<newline>      "
Text:  "Visible"
Text.Whitespace:  "         "
Operator:  "="
Text.Whitespace:  "   "
Keyword:  "True"
Text.Whitespace:  "<newline>      "
Text:  "Width"
Text.Whitespace:  "           "
Operator:  "="
Text.Whitespace:  "   "
Literal.Number.Float:  "320.0"
Text.Whitespace:  "<newline>   "
Keyword:  "End"
Text.Whitespace:  "<newline>"
Keyword:  "End"
Text.Whitespace:  "<newline>"
Comment.Preproc:  "#tag EndIOSView"
Text.Whitespace:  "<newline><newline>"
Comment.Preproc:  "#tag WindowCode"
Text.Whitespace:  "<newline>\t"
Comment.Preproc:  "#tag Event"
Text.Whitespace:  "<newline>\t\t"
Keyword:  "Sub"
Text.Whitespace:  " "
Text:  "Activate"
Punctuation:  "()"
Text.Whitespace:  "<newline>\t\t  "
Text:  "DrawingCanvas.Invalidate"
Text.Whitespace:  "<newline>\t\t  "
Keyword:  "dim"
Text.Whitespace:  " "
Text:  "x"
Text.Whitespace:  " "
Operator:  "as"
Text.Whitespace:  " "
Keyword.Declaration:  "double"
Operator:  "="
Literal.Number.Float:  "1."
Text.Whitespace:  " "
Comment.Single:  "//this is allowed"
Text.Whitespace:  "<newline>\t\t  "
Keyword:  "dim"
Text.Whitespace:  " "
Text:  "y"
Text.Whitespace:  " "
Operator:  "as"
Text.Whitespace:  " "
Keyword.Declaration:  "double"
Operator:  "="
Literal.Number.Float:  ".1"
Text.Whitespace:  " "
Comment.Single:  "//also allowed"
Text.Whitespace:  "<newline>\t\t  "
Comment.Single:  "rem This is an old style comment (throw back to Basic)"
Text.Whitespace:  "<newline>\t\t  "
Keyword:  "dim"
Text.Whitespace:  " "
Text:  "escaped_quotes"
Text.Whitespace:  " "
Operator:  "as"
Text.Whitespace:  " "
Keyword.Declaration:  "string"
Operator:  "="
Literal.String.Double:  "\"this is an \"\"escaped\"\" string\""
Text.Whitespace:  " "
Comment.Single:  "//would compile as 'this is an \"escaped\" string'"
Text.Whitespace:  "<newline>\t\t  "
Comment.Single:  "'this is a single quote comment"
Text.Whitespace:  "<newline>\t\t  "
Text:  "msgbox"
Text.Whitespace:  " "
Literal.String.Double:  "\"ok\""
Text.Whitespace:  " "
Comment.Single:  "'this should be a comment too!"
Text.Whitespace:  "<newline>\t\t"
Keyword:  "End"
Text.Whitespace:  " "
Keyword:  "Sub"
Text.Whitespace:  "<newline>\t"
Comment.Preproc:  "#tag EndEvent"
Text.Whitespace:  "<newline><newline>\t"
Comment.Preproc:  "#tag Event"
Text.Whitespace:  "<newline>\t\t"
Keyword:  "Sub"
Text.Whitespace:  " "
Text:  "Open"
Punctuation:  "()"
Text.Whitespace:  "<newline>\t\t  "
Comment.Single:  "// Load image if saved"
Text.Whitespace:  "<newline>\t\t  "
Keyword:  "Dim"
Text.Whitespace:  " "
Text:  "loadFile"
Text.Whitespace:  " "
Operator:  "As"
Text.Whitespace:  " "
Text:  "FolderItem"
Text.Whitespace:  " "
Operator:  "="
Text.Whitespace:  " "
Text:  "SpecialFolder.Documents.Child"
Punctuation:  "("
Literal.String.Double:  "\"XojoDoodle.png\""
Punctuation:  ")"
Text.Whitespace:  "<newline>\t\t  "
Keyword:  "If"
Text.Whitespace:  " "
Text:  "loadFile.Exists"
Text.Whitespace:  " "
Keyword:  "Then"
Text.Whitespace:  "<newline>\t\t    "
Keyword:  "Dim"
Text.Whitespace:  " "
Text:  "pic"
Text.Whitespace:  " "
Operator:  "As"
Text.Whitespace:  " "
Text:  "iOSImage"
Text.Whitespace:  " "
Operator:  "="
Text.Whitespace:  " "
Text:  "iOSImage.FromFile"
Punctuation:  "("
Text:  "loadFile"
Punctuation:  ")"
Text.Whitespace:  "<newline>\t\t    "
Text:  "DrawingImage"
Text.Whitespace:  " "
Operator:  "="
Text.Whitespace:  " "
Keyword:  "New"
Text.Whitespace:  " "
Text:  "iOSBitmap"
Punctuation:  "("
Text:  "pic.Width"
Punctuation:  ","
Text.Whitespace:  " "
Text:  "pic.Height"
Punctuation:  ","
Text.Whitespace:  " "
Literal.Number.Float:  "1.0"
Punctuation:  ","
Text.Whitespace:  " "
Keyword:  "True"
Punctuation:  ")"
Text.Whitespace:  "<newline>\t\t    "
Text:  "DrawingImage.Graphics.DrawImage"
Punctuation:  "("
Text:  "pic"
Punctuation:  ","
Text.Whitespace:  " "
Literal.Number.Integer:  "0"
Punctuation:  ","
Text.Whitespace:  " "
Literal.Number.Integer:  "0"
Punctuation:  ")"
Text.Whitespace:  "<newline>\t\t  "
Keyword:  "End"
Text.Whitespace:  " "
Keyword:  "If"
Text.Whitespace:  "<newline>\t\t  <newline>\t\t  "
Comment.Single:  "// Add a button for the about view"
Text.Whitespace:  "<newline>\t\t  "
Keyword:  "Dim"
Text.Whitespace:  " "
Text:  "aboutButton"
Text.Whitespace:  " "
Operator:  "As"
Text.Whitespace:  " "
Text:  "iOSToolButton"
Text.Whitespace:  " "
Operator:  "="
Text.Whitespace:  " "
Text:  "iOSToolButton.NewPlain"
Punctuation:  "("
Text:  "QuestionMarkImage"
Punctuation:  ")"
Text.Whitespace:  "<newline>\t\t  "
Text:  "aboutButton.Tag"
Text.Whitespace:  " "
Operator:  "="
Text.Whitespace:  " "
Literal.String.Double:  "\"AboutButton\""
Text.Whitespace:  "<newline>\t\t  "
Text:  "RightNavigationToolbar.Add"
Punctuation:  "("
Text:  "aboutButton"
Punctuation:  ")"
Text.Whitespace:  "<newline>\t\t"
Keyword:  "End"
Text.Whitespace:  " "
Keyword:  "Sub"
Text.Whitespace:  "<newline>\t"
Comment.Preproc:  "#tag EndEvent"
Text.Whitespace:  "<newline><newline>\t"
Comment.Preproc:  "#tag Event"
Text.Whitespace:  "<newline>\t\t"
Keyword:  "Sub"
Text.Whitespace:  " "
Text:  "Resized"
Punctuation:  "()"
Text.Whitespace:  "<newline>\t\t  "
Comment.Single:  "// Need to adjust drawing area of size of canvas is changed"
Text.Whitespace:  "<newline>\t\t  "
Comment.Single:  "// due to device orientation change."
Text.Whitespace:  "<newline>\t\t  <newline>\t\t  "
Text:  "LayoutChanged"
Text.Whitespace:  " "
Operator:  "="
Text.Whitespace:  " "
Keyword:  "True"
Text.Whitespace:  "<newline>\t\t  <newline>\t\t  "
Text:  "DrawingCanvas.Invalidate"
Text.Whitespace:  "<newline>\t\t"
Keyword:  "End"
Text.Whitespace:  " "
Keyword:  "Sub"
Text.Whitespace:  "<newline>\t"
Comment.Preproc:  "#tag EndEvent"
Text.Whitespace:  "<newline><newline>\t"
Comment.Preproc:  "#tag Event"
Text.Whitespace:  "<newline>\t\t"
Keyword:  "Sub"
Text.Whitespace:  " "
Text:  "ToolbarPressed"
Punctuation:  "("
Text:  "button"
Text.Whitespace:  " "
Operator:  "As"
Text.Whitespace:  " "
Text:  "iOSToolButton"
Punctuation:  ")"
Text.Whitespace:  "<newline>\t\t  "
Comment.Single:  "// Process the button taps"
Text.Whitespace:  "<newline>\t\t  "
Keyword:  "select"
Text.Whitespace:  " "
Keyword:  "case"
Text.Whitespace:  " "
Text:  "button"
Text.Whitespace:  "<newline>\t\t  "
Keyword:  "Case"
Text.Whitespace:  " "
Text:  "ClearButton"
Text.Whitespace:  "<newline>\t\t    "
Comment.Single:  "// Clear button was pressed, so erase image"
Text.Whitespace:  "<newline>\t\t    "
Text:  "DrawingImage"
Text.Whitespace:  " "
Operator:  "="
Text.Whitespace:  " "
Keyword:  "Nil"
Text.Whitespace:  "<newline>\t\t    "
Text:  "DrawingCanvas.Invalidate"
Text.Whitespace:  "<newline>\t\t  "
Keyword:  "Case"
Text.Whitespace:  " "
Text:  "ShareButton"
Text.Whitespace:  "<newline>\t\t    "
Keyword:  "Dim"
Text.Whitespace:  " "
Text:  "panel"
Text.Whitespace:  " "
Operator:  "As"
Text.Whitespace:  " "
Keyword:  "New"
Text.Whitespace:  " "
Text:  "iOSSharingPanel"
Text.Whitespace:  "<newline>\t\t    "
Text:  "panel.SharePicture"
Punctuation:  "("
Text:  "DrawingImage.Image"
Punctuation:  ","
Text.Whitespace:  " "
Text:  "Self"
Punctuation:  ","
Text.Whitespace:  " "
Text:  "RemoveMeButton"
Punctuation:  ")"
Text.Whitespace:  "<newline>\t\t  "
Keyword:  "Case"
Text.Whitespace:  " "
Text:  "SaveButton"
Text.Whitespace:  "<newline>\t\t    "
Text:  "SaveToCameraRoll"
Text.Whitespace:  "<newline>\t\t  "
Keyword:  "Case"
Text.Whitespace:  " "
Text:  "PenSizeButton"
Text.Whitespace:  "<newline>\t\t    "
Keyword:  "Dim"
Text.Whitespace:  " "
Text:  "v"
Text.Whitespace:  " "
Operator:  "As"
Text.Whitespace:  " "
Keyword:  "New"
Text.Whitespace:  " "
Text:  "PenSizeView"
Text.Whitespace:  "<newline>\t\t    "
Text:  "PushTo"
Punctuation:  "("
Text:  "v"
Punctuation:  ")"
Text.Whitespace:  "<newline>\t\t  "
Keyword:  "Else"
Text.Whitespace:  "<newline>\t\t    "
Keyword:  "Select"
Text.Whitespace:  " "
Keyword:  "Case"
Text.Whitespace:  " "
Text:  "button.Tag"
Text.Whitespace:  "<newline>\t\t    "
Keyword:  "Case"
Text.Whitespace:  " "
Literal.String.Double:  "\"AboutButton\""
Text.Whitespace:  "<newline>\t\t      "
Keyword:  "Dim"
Text.Whitespace:  " "
Text:  "v"
Text.Whitespace:  " "
Operator:  "As"
Text.Whitespace:  " "
Keyword:  "New"
Text.Whitespace:  " "
Text:  "AboutView"
Text.Whitespace:  "<newline>\t\t      "
Text:  "PushTo"
Punctuation:  "("
Text:  "v"
Punctuation:  ")"
Text.Whitespace:  "<newline>\t\t    "
Keyword:  "End"
Text.Whitespace:  " "
Keyword:  "Select"
Text.Whitespace:  "<newline>\t\t  "
Keyword:  "End"
Text.Whitespace:  " "
Keyword:  "Select"
Text.Whitespace:  "<newline>\t\t"
Keyword:  "End"
Text.Whitespace:  " "
Keyword:  "Sub"
Text.Whitespace:  "<newline>\t"
Comment.Preproc:  "#tag EndEvent"
Text.Whitespace:  "<newline><newline><newline>\t"
Comment.Preproc:  "#tag Method, Flags = &h21"
Text.Whitespace:  "<newline>\t\t"
Keyword:  "Private"
Text.Whitespace:  " "
Keyword:  "Function"
Text.Whitespace:  " "
Text:  "MainScreenScale"
Punctuation:  "()"
Text.Whitespace:  " "
Operator:  "As"
Text.Whitespace:  " "
Keyword.Declaration:  "Double"
Text.Whitespace:  "<newline>\t\t  "
Keyword:  "Declare"
Text.Whitespace:  " "
Keyword:  "function"
Text.Whitespace:  " "
Text:  "NSClassFromString"
Text.Whitespace:  " "
Keyword:  "Lib"
Text.Whitespace:  " "
Literal.String.Double:  "\"Foundation\""
Text.Whitespace:  " "
Punctuation:  "("
Text:  "aClassName"
Text.Whitespace:  " "
Operator:  "As"
Text.Whitespace:  " "
Keyword.Declaration:  "CFStringRef"
Punctuation:  ")"
Text.Whitespace:  " "
Operator:  "As"
Text.Whitespace:  " "
Keyword.Declaration:  "Ptr"
Text.Whitespace:  "<newline>\t\t  "
Keyword:  "Declare"
Text.Whitespace:  " "
Keyword:  "Function"
Text.Whitespace:  " "
Text:  "scale"
Text.Whitespace:  " "
Keyword:  "Lib"
Text.Whitespace:  " "
Literal.String.Double:  "\"Foundation\""
Text.Whitespace:  " "
Text:  "Selector"
Text.Whitespace:  " "
Literal.String.Double:  "\"scale\""
Text.Whitespace:  " "
Punctuation:  "("
Text:  "classRef"
Text.Whitespace:  " "
Operator:  "As"
Text.Whitespace:  " "
Keyword.Declaration:  "Ptr"
Punctuation:  ")"
Text.Whitespace:  " "
Operator:  "As"
Text.Whitespace:  " "
Keyword.Declaration:  "CGFloat"
Text.Whitespace:  "<newline>\t\t  "
Keyword:  "Declare"
Text.Whitespace:  " "
Keyword:  "Function"
Text.Whitespace:  " "
Text:  "mainScreen"
Text.Whitespace:  " "
Keyword:  "Lib"
Text.Whitespace:  " "
Literal.String.Double:  "\"Foundation\""
Text.Whitespace:  " "
Text:  "Selector"
Text.Whitespace:  " "
Literal.String.Double:  "\"mainScreen\""
Text.Whitespace:  " "
Punctuation:  "("
Text:  "classRef"
Text.Whitespace:  " "
Operator:  "As"
Text.Whitespace:  " "
Keyword.Declaration:  "Ptr"
Punctuation:  ")"
Text.Whitespace:  " "
Operator:  "As"
Text.Whitespace:  " "
Keyword.Declaration:  "Ptr"
Text.Whitespace:  "<newline>\t\t  <newline>\t\t  "
Keyword:  "Return"
Text.Whitespace:  " "
Text:  "scale"
Punctuation:  "("
Text:  "mainScreen"
Punctuation:  "("
Text:  "NSClassFromString"
Punctuation:  "("
Literal.String.Double:  "\"UIScreen\""
Punctuation:  ")))"
Text.Whitespace:  "<newline>\t\t"
Keyword:  "End"
Text.Whitespace:  " "
Keyword:  "Function"
Text.Whitespace:  "<newline>\t"
Comment.Preproc:  "#tag EndMethod"
Text.Whitespace:  "<newline><newline>\t"
Comment.Preproc:  "#tag Method, Flags = &h21"
Text.Whitespace:  "<newline>\t\t"
Keyword:  "Private"
Text.Whitespace:  " "
Keyword:  "Sub"
Text.Whitespace:  " "
Text:  "SaveImage"
Punctuation:  "()"
Text.Whitespace:  "<newline>\t\t  "
Comment.Single:  "// Save the image so it can be reloaded when"
Text.Whitespace:  "<newline>\t\t  "
Comment.Single:  "// the user comes back to the app."
Text.Whitespace:  "<newline>\t\t  "
Keyword:  "Dim"
Text.Whitespace:  " "
Text:  "saveFile"
Text.Whitespace:  " "
Operator:  "As"
Text.Whitespace:  " "
Text:  "FolderItem"
Text.Whitespace:  " "
Operator:  "="
Text.Whitespace:  " "
Text:  "SpecialFolder.Documents.Child"
Punctuation:  "("
Literal.String.Double:  "\"XojoDraw.png\""
Punctuation:  ")"
Text.Whitespace:  "<newline>\t\t  <newline>\t\t  "
Keyword:  "if"
Text.Whitespace:  " "
Text:  "DrawingImage"
Text.Whitespace:  " "
Operator:  "<>"
Text.Whitespace:  " "
Keyword:  "nil"
Text.Whitespace:  " "
Keyword:  "then"
Text.Whitespace:  "<newline>\t\t    "
Text:  "DrawingImage.Image.WriteToFile"
Punctuation:  "("
Text:  "saveFile"
Punctuation:  ","
Text.Whitespace:  " "
Literal.String.Double:  "\"public.png\""
Punctuation:  ")"
Text.Whitespace:  "<newline>\t\t  "
Keyword:  "end"
Text.Whitespace:  " "
Keyword:  "if"
Text.Whitespace:  "<newline>\t\t"
Keyword:  "End"
Text.Whitespace:  " "
Keyword:  "Sub"
Text.Whitespace:  "<newline>\t"
Comment.Preproc:  "#tag EndMethod"
Text.Whitespace:  "<newline><newline>\t"
Comment.Preproc:  "#tag Method, Flags = &h21"
Text.Whitespace:  "<newline>\t\t"
Keyword:  "Private"
Text.Whitespace:  " "
Keyword:  "Sub"
Text.Whitespace:  " "
Text:  "SaveToCameraRoll"
Punctuation:  "()"
Text.Whitespace:  "<newline>\t\t  "
Comment.Single:  "// Directly call UIKit method to save the picture directly"
Text.Whitespace:  "<newline>\t\t  "
Comment.Single:  "// to the camera roll."
Text.Whitespace:  "<newline>\t\t  "
Keyword:  "Declare"
Text.Whitespace:  " "
Keyword:  "Sub"
Text.Whitespace:  " "
Text:  "UIImageWriteToSavedPhotosAlbum"
Text.Whitespace:  " "
Keyword:  "Lib"
Text.Whitespace:  " "
Literal.String.Double:  "\"UIKit\""
Text.Whitespace:  " "
Text:  "_"
Text.Whitespace:  "<newline>\t\t  "
Punctuation:  "("
Text:  "img"
Text.Whitespace:  " "
Operator:  "As"
Text.Whitespace:  " "
Keyword.Declaration:  "Ptr"
Punctuation:  ","
Text.Whitespace:  " "
Text:  "target"
Text.Whitespace:  " "
Operator:  "As"
Text.Whitespace:  " "
Keyword.Declaration:  "Ptr"
Punctuation:  ","
Text.Whitespace:  " "
Text:  "sel"
Text.Whitespace:  " "
Operator:  "As"
Text.Whitespace:  " "
Keyword.Declaration:  "Ptr"
Punctuation:  ","
Text.Whitespace:  " "
Text:  "info"
Text.Whitespace:  " "
Operator:  "As"
Text.Whitespace:  " "
Keyword.Declaration:  "Ptr"
Punctuation:  ")"
Text.Whitespace:  "<newline>\t\t  "
Text:  "UIImageWriteToSavedPhotosAlbum"
Punctuation:  "("
Text:  "DrawingImage.Image.Handle"
Punctuation:  ","
Text.Whitespace:  " "
Keyword:  "Nil"
Punctuation:  ","
Text.Whitespace:  " "
Keyword:  "Nil"
Punctuation:  ","
Text.Whitespace:  " "
Keyword:  "Nil"
Punctuation:  ")"
Text.Whitespace:  "<newline>\t\t  <newline>\t\t"
Keyword:  "End"
Text.Whitespace:  " "
Keyword:  "Sub"
Text.Whitespace:  "<newline>\t"
Comment.Preproc:  "#tag EndMethod"
Text.Whitespace:  "<newline><newline><newline>\t"
Comment.Preproc:  "#tag Note, Name = RemoveMeButton<newline>\t\tThe RemoveMe button is only used so that the sharing panel<newline>\t\ton iPad has a parent control it can use to display itself<newline>\t\tnear the actual toolbar button that displays it.<newline>\t\t<newline>\t\tWhen this feedback case is resolve, the button can be removed:<newline>\t\t<feedback://showreport?report_id=45080><newline>\t\t<newline>\t#tag EndNote"
Text.Whitespace:  "<newline><newline><newline>\t"
Comment.Preproc:  "#tag Property, Flags = &h21"
Text.Whitespace:  "<newline>\t\t"
Keyword:  "Private"
Text.Whitespace:  " "
Text:  "ColorButton"
Text.Whitespace:  " "
Operator:  "As"
Text.Whitespace:  " "
Text:  "iOSToolButton"
Text.Whitespace:  "<newline>\t"
Comment.Preproc:  "#tag EndProperty"
Text.Whitespace:  "<newline><newline>\t"
Comment.Preproc:  "#tag Property, Flags = &h21"
Text.Whitespace:  "<newline>\t\t"
Keyword:  "Private"
Text.Whitespace:  " "
Text:  "DrawingImage"
Text.Whitespace:  " "
Operator:  "As"
Text.Whitespace:  " "
Text:  "iOSBitmap"
Text.Whitespace:  "<newline>\t"
Comment.Preproc:  "#tag EndProperty"
Text.Whitespace:  "<newline><newline>\t"
Comment.Preproc:  "#tag Property, Flags = &h21"
Text.Whitespace:  "<newline>\t\t"
Keyword:  "Private"
Text.Whitespace:  " "
Text:  "LastDragPosition"
Text.Whitespace:  " "
Operator:  "As"
Text.Whitespace:  " "
Text:  "Point"
Text.Whitespace:  "<newline>\t"
Comment.Preproc:  "#tag EndProperty"
Text.Whitespace:  "<newline><newline>\t"
Comment.Preproc:  "#tag Property, Flags = &h21"
Text.Whitespace:  "<newline>\t\t"
Keyword:  "Private"
Text.Whitespace:  " "
Text:  "LayoutChanged"
Text.Whitespace:  " "
Operator:  "As"
Text.Whitespace:  " "
Keyword.Declaration:  "Boolean"
Text.Whitespace:  "<newline>\t"
Comment.Preproc:  "#tag EndProperty"
Text.Whitespace:  "<newline><newline><newline>"
Comment.Preproc:  "#tag EndWindowCode"
Text.Whitespace:  "<newline><newline>"
Comment.Preproc:  "#tag Events DrawingCanvas"
Text.Whitespace:  "<newline>\t"
Comment.Preproc:  "#tag Event"
Text.Whitespace:  "<newline>\t\t"
Keyword:  "Sub"
Text.Whitespace:  " "
Text:  "Paint"
Punctuation:  "("
Text:  "g"
Text.Whitespace:  " "
Operator:  "As"
Text.Whitespace:  " "
Text:  "iOSGraphics"
Punctuation:  ")"
Text.Whitespace:  "<newline>\t\t  "
Keyword:  "Dim"
Text.Whitespace:  " "
Text:  "scale"
Text.Whitespace:  " "
Operator:  "As"
Text.Whitespace:  " "
Keyword.Declaration:  "Double"
Text.Whitespace:  " "
Operator:  "="
Text.Whitespace:  " "
Text:  "MainScreenScale"
Text.Whitespace:  "<newline>\t\t  "
Keyword:  "If"
Text.Whitespace:  " "
Text:  "DrawingImage"
Text.Whitespace:  " "
Operator:  "Is"
Text.Whitespace:  " "
Keyword:  "Nil"
Text.Whitespace:  " "
Keyword:  "Then"
Text.Whitespace:  "<newline>\t\t    "
Comment.Single:  "// Create an image if one does not already exist"
Text.Whitespace:  "<newline>\t\t    "
Text:  "DrawingImage"
Text.Whitespace:  " "
Operator:  "="
Text.Whitespace:  " "
Keyword:  "New"
Text.Whitespace:  " "
Text:  "iOSBitmap"
Punctuation:  "("
Text:  "g.Width"
Punctuation:  ","
Text.Whitespace:  " "
Text:  "g.Height"
Punctuation:  ","
Text.Whitespace:  " "
Text:  "scale"
Punctuation:  ","
Text.Whitespace:  " "
Keyword:  "True"
Punctuation:  ")"
Text.Whitespace:  "<newline>\t\t    "
Text:  "DrawingImage.Graphics.Scale"
Punctuation:  "("
Text:  "scale"
Punctuation:  ","
Text.Whitespace:  " "
Text:  "scale"
Punctuation:  ")"
Text.Whitespace:  "<newline>\t\t    "
Text:  "DrawingImage.Graphics.FillColor"
Text.Whitespace:  " "
Operator:  "="
Text.Whitespace:  " "
Literal.Number.Hex:  "&cffffff"
Text.Whitespace:  " "
Comment.Single:  "// White"
Text.Whitespace:  "<newline>\t\t    "
Text:  "DrawingImage.Graphics.FillRect"
Punctuation:  "("
Literal.Number.Integer:  "0"
Punctuation:  ","
Text.Whitespace:  " "
Literal.Number.Integer:  "0"
Punctuation:  ","
Text.Whitespace:  " "
Text:  "DrawingImage.Graphics.Width"
Punctuation:  ","
Text.Whitespace:  " "
Text:  "DrawingImage.Graphics.Height"
Punctuation:  ")"
Text.Whitespace:  "<newline>\t\t  "
Keyword:  "ElseIf"
Text.Whitespace:  " "
Text:  "LayoutChanged"
Text.Whitespace:  " "
Keyword:  "Then"
Text.Whitespace:  "<newline>\t\t    "
Comment.Single:  "// Create image in new screen size and copy old image to it"
Text.Whitespace:  "<newline>\t\t    "
Keyword:  "Dim"
Text.Whitespace:  " "
Text:  "oldImage"
Text.Whitespace:  " "
Operator:  "As"
Text.Whitespace:  " "
Text:  "iOSBitmap"
Text.Whitespace:  " "
Operator:  "="
Text.Whitespace:  " "
Text:  "DrawingImage"
Text.Whitespace:  "<newline>\t\t    "
Text:  "DrawingImage"
Text.Whitespace:  " "
Operator:  "="
Text.Whitespace:  " "
Keyword:  "New"
Text.Whitespace:  " "
Text:  "iOSBitmap"
Punctuation:  "("
Text:  "g.Width"
Punctuation:  ","
Text.Whitespace:  " "
Text:  "g.Height"
Punctuation:  ","
Text.Whitespace:  " "
Text:  "scale"
Punctuation:  ","
Text.Whitespace:  " "
Keyword:  "True"
Punctuation:  ")"
Text.Whitespace:  "<newline>\t\t    "
Text:  "DrawingImage.Graphics.Scale"
Punctuation:  "("
Text:  "scale"
Punctuation:  ","
Text.Whitespace:  " "
Text:  "scale"
Punctuation:  ")"
Text.Whitespace:  "<newline>\t\t    "
Text:  "DrawingImage.Graphics.FillColor"
Text.Whitespace:  " "
Operator:  "="
Text.Whitespace:  " "
Literal.Number.Hex:  "&cffffff"
Text.Whitespace:  " "
Comment.Single:  "// White"
Text.Whitespace:  "<newline>\t\t    "
Text:  "DrawingImage.Graphics.FillRect"
Punctuation:  "("
Literal.Number.Integer:  "0"
Punctuation:  ","
Text.Whitespace:  " "
Literal.Number.Integer:  "0"
Punctuation:  ","
Text.Whitespace:  " "
Text:  "DrawingImage.Graphics.Width"
Punctuation:  ","
Text.Whitespace:  " "
Text:  "DrawingImage.Graphics.Height"
Punctuation:  ")"
Text.Whitespace:  "<newline>\t\t    "
Comment.Single:  "// Copy the old image to the new image any information that does not fit is lost"
Text.Whitespace:  "<newline>\t\t    "
Text:  "DrawingImage.Graphics.DrawImage"
Punctuation:  "("
Text:  "oldImage.Image"
Punctuation:  ","
Text.Whitespace:  " "
Literal.Number.Integer:  "0"
Punctuation:  ","
Text.Whitespace:  " "
Literal.Number.Integer:  "0"
Punctuation:  ","
Text.Whitespace:  " "
Text:  "oldImage.Width"
Punctuation:  ","
Text.Whitespace:  " "
Text:  "oldImage.Height"
Punctuation:  ")"
Text.Whitespace:  "<newline>\t\t    "
Text:  "LayoutChanged"
Text.Whitespace:  " "
Operator:  "="
Text.Whitespace:  " "
Keyword:  "False"
Text.Whitespace:  "<newline>\t\t  "
Keyword:  "End"
Text.Whitespace:  " "
Keyword:  "If"
Text.Whitespace:  "<newline>\t\t  <newline>\t\t  "
Comment.Single:  "// Draw the image to the Canvas"
Text.Whitespace:  "<newline>\t\t  "
Text:  "g.DrawImage"
Punctuation:  "("
Text:  "DrawingImage"
Punctuation:  ","
Text.Whitespace:  " "
Literal.Number.Integer:  "0"
Punctuation:  ","
Text.Whitespace:  " "
Literal.Number.Integer:  "0"
Punctuation:  ")"
Text.Whitespace:  "<newline>\t\t  <newline>\t\t  "
Comment.Single:  "// Draw the \"Color\" button over the drawing"
Text.Whitespace:  "<newline>\t\t  "
Comment.Single:  "// so that it is not part of the actual drawing"
Text.Whitespace:  "<newline>\t\t  "
Comment.Single:  "// and does not get saved."
Text.Whitespace:  "<newline>\t\t  "
Text:  "g.FillColor"
Text.Whitespace:  " "
Operator:  "="
Text.Whitespace:  " "
Text:  "App.Colors"
Punctuation:  "("
Text:  "App.CurrentColorIndex"
Punctuation:  ")"
Text.Whitespace:  "<newline>\t\t  "
Text:  "g.FillRect"
Punctuation:  "("
Literal.Number.Integer:  "0"
Punctuation:  ","
Text.Whitespace:  " "
Text:  "g.Height"
Text.Whitespace:  " "
Operator:  "-"
Text.Whitespace:  " "
Text:  "App.LineSize"
Punctuation:  ","
Text.Whitespace:  " "
Text:  "g.Width"
Punctuation:  ","
Text.Whitespace:  " "
Text:  "App.LineSize"
Punctuation:  ")"
Text.Whitespace:  "<newline>\t\t  <newline>\t\t"
Keyword:  "End"
Text.Whitespace:  " "
Keyword:  "Sub"
Text.Whitespace:  "<newline>\t"
Comment.Preproc:  "#tag EndEvent"
Text.Whitespace:  "<newline>\t"
Comment.Preproc:  "#tag Event"
Text.Whitespace:  "<newline>\t\t"
Keyword:  "Sub"
Text.Whitespace:  " "
Text:  "PointerUp"
Punctuation:  "("
Text:  "pos"
Text.Whitespace:  " "
Operator:  "As"
Text.Whitespace:  " "
Text:  "Xojo.Core.Point"
Punctuation:  ","
Text.Whitespace:  " "
Text:  "eventInfo"
Text.Whitespace:  " "
Operator:  "As"
Text.Whitespace:  " "
Text:  "iOSEventInfo"
Punctuation:  ")"
Text.Whitespace:  "<newline>\t\t  "
Comment.Single:  "// Clear the drag position so that when the user"
Text.Whitespace:  "<newline>\t\t  "
Comment.Single:  "// starts drawing again, it does not connect a line"
Text.Whitespace:  "<newline>\t\t  "
Comment.Single:  "// from where they last drew."
Text.Whitespace:  "<newline>\t\t  "
Text:  "LastDragPosition"
Text.Whitespace:  " "
Operator:  "="
Text.Whitespace:  " "
Keyword:  "Nil"
Text.Whitespace:  "<newline>\t\t  <newline>\t\t  "
Text:  "Me.Invalidate"
Text.Whitespace:  "<newline>\t\t  <newline>\t\t  "
Comment.Single:  "// Save the image whenever they stop drawing"
Text.Whitespace:  "<newline>\t\t  "
Text:  "SaveImage"
Text.Whitespace:  "<newline>\t\t"
Keyword:  "End"
Text.Whitespace:  " "
Keyword:  "Sub"
Text.Whitespace:  "<newline>\t"
Comment.Preproc:  "#tag EndEvent"
Text.Whitespace:  "<newline>\t"
Comment.Preproc:  "#tag Event"
Text.Whitespace:  "<newline>\t\t"
Keyword:  "Sub"
Text.Whitespace:  " "
Text:  "PointerDrag"
Punctuation:  "("
Text:  "pos"
Text.Whitespace:  " "
Operator:  "As"
Text.Whitespace:  " "
Text:  "Xojo.Core.Point"
Punctuation:  ","
Text.Whitespace:  " "
Text:  "eventInfo"
Text.Whitespace:  " "
Operator:  "As"
Text.Whitespace:  " "
Text:  "iOSEventInfo"
Punctuation:  ")"
Text.Whitespace:  "<newline>\t\t  "
Comment.Single:  "// Draw a line following the touches as they drag on the Canvas"
Text.Whitespace:  "<newline>\t\t  "
Keyword:  "Dim"
Text.Whitespace:  " "
Text:  "scalePos"
Text.Whitespace:  " "
Operator:  "As"
Text.Whitespace:  " "
Keyword:  "New"
Text.Whitespace:  " "
Text:  "Xojo.Core.Point"
Punctuation:  "("
Text:  "pos.X"
Text.Whitespace:  " "
Operator:  "*"
Text.Whitespace:  " "
Text:  "MainScreenScale"
Punctuation:  ","
Text.Whitespace:  " "
Text:  "pos.Y"
Text.Whitespace:  " "
Operator:  "*"
Text.Whitespace:  " "
Text:  "MainScreenScale"
Punctuation:  ")"
Text.Whitespace:  "<newline>\t\t  <newline>\t\t  "
Keyword:  "Dim"
Text.Whitespace:  " "
Text:  "g"
Text.Whitespace:  " "
Operator:  "As"
Text.Whitespace:  " "
Text:  "iOSGraphics"
Text.Whitespace:  " "
Operator:  "="
Text.Whitespace:  " "
Text:  "DrawingImage.Graphics"
Text.Whitespace:  "<newline>\t\t  <newline>\t\t  "
Keyword:  "If"
Text.Whitespace:  " "
Text:  "LastDragPosition"
Text.Whitespace:  " "
Operator:  "<>"
Text.Whitespace:  " "
Keyword:  "Nil"
Text.Whitespace:  " "
Keyword:  "Then"
Text.Whitespace:  "<newline>\t\t    "
Comment.Single:  "// Draw a line from the last position to the current position"
Text.Whitespace:  "<newline>\t\t    "
Text:  "g.FillColor"
Text.Whitespace:  " "
Operator:  "="
Text.Whitespace:  " "
Text:  "App.Colors"
Punctuation:  "("
Text:  "App.CurrentColorIndex"
Punctuation:  ")"
Text.Whitespace:  "<newline>\t\t    "
Text:  "g.LineColor"
Text.Whitespace:  " "
Operator:  "="
Text.Whitespace:  " "
Text:  "App.Colors"
Punctuation:  "("
Text:  "App.CurrentColorIndex"
Punctuation:  ")"
Text.Whitespace:  "<newline>\t\t    "
Text:  "g.LineWidth"
Text.Whitespace:  " "
Operator:  "="
Text.Whitespace:  " "
Text:  "App.LineSize"
Text.Whitespace:  "<newline>\t\t    "
Text:  "g.FillOval"
Punctuation:  "("
Text:  "LastDragPosition.X"
Punctuation:  ","
Text.Whitespace:  " "
Text:  "LastDragPosition.Y"
Punctuation:  ","
Text.Whitespace:  " "
Text:  "App.LineSize"
Punctuation:  ","
Text.Whitespace:  " "
Text:  "App.LineSize"
Punctuation:  ")"
Text.Whitespace:  "<newline>\t\t    "
Text:  "g.DrawLine"
Punctuation:  "("
Text:  "LastDragPosition.X"
Text.Whitespace:  " "
Operator:  "+"
Text.Whitespace:  " "
Text:  "App.LineSize"
Text.Whitespace:  " "
Comment.Single:  "/ 2, _"
Text.Whitespace:  "<newline>\t\t    "
Text:  "LastDragPosition.Y"
Text.Whitespace:  " "
Operator:  "+"
Text.Whitespace:  " "
Text:  "App.LineSize"
Text.Whitespace:  " "
Comment.Single:  "/ 2, _"
Text.Whitespace:  "<newline>\t\t    "
Text:  "pos.X"
Text.Whitespace:  " "
Operator:  "+"
Text.Whitespace:  " "
Text:  "App.LineSize"
Text.Whitespace:  " "
Comment.Single:  "/ 2, _"
Text.Whitespace:  "<newline>\t\t    "
Text:  "pos.Y"
Text.Whitespace:  " "
Operator:  "+"
Text.Whitespace:  " "
Text:  "App.LineSize"
Text.Whitespace:  " "
Comment.Single:  "/ 2)"
Text.Whitespace:  "<newline>\t\t  "
Keyword:  "End"
Text.Whitespace:  " "
Keyword:  "If"
Text.Whitespace:  "<newline>\t\t  <newline>\t\t  "
Text:  "LastDragPosition"
Text.Whitespace:  " "
Operator:  "="
Text.Whitespace:  " "
Text:  "pos"
Text.Whitespace:  "<newline>\t\t  <newline>\t\t  "
Text:  "Me.Invalidate"
Text.Whitespace:  "<newline>\t\t"
Keyword:  "End"
Text.Whitespace:  " "
Keyword:  "Sub"
Text.Whitespace:  "<newline>\t"
Comment.Preproc:  "#tag EndEvent"
Text.Whitespace:  "<newline>"
Comment.Preproc:  "#tag EndEvents"
Text.Whitespace:  "<newline><newline>"
Comment.Preproc:  "#tag Note, Name = More Notes<newline>\t\tThis another note to make sure we're not grabbing too much/multiple <newline>\t\tnotes.<newline>\t\t<newline>#tag EndNote"
Text.Whitespace:  "<newline><newline>"
Comment.Preproc:  "#tag ViewBehavior"
Text.Whitespace:  "<newline>\t"
Comment.Preproc:  "#tag ViewProperty"
Text.Whitespace:  "<newline>\t\t"
Text:  "Name"
Operator:  "="
Literal.String.Double:  "\"BackButtonTitle\""
Text.Whitespace:  "<newline>\t\t"
Text:  "Group"
Operator:  "="
Literal.String.Double:  "\"Behavior\""
Text.Whitespace:  "<newline>\t\t"
Text:  "Type"
Operator:  "="
Literal.String.Double:  "\"Text\""
Text.Whitespace:  "<newline>\t\t"
Text:  "EditorType"
Operator:  "="
Literal.String.Double:  "\"MultiLineEditor\""
Text.Whitespace:  "<newline>\t"
Comment.Preproc:  "#tag EndViewProperty"
Text.Whitespace:  "<newline>\t"
Comment.Preproc:  "#tag ViewProperty"
Text.Whitespace:  "<newline>\t\t"
Text:  "Name"
Operator:  "="
Literal.String.Double:  "\"Index\""
Text.Whitespace:  "<newline>\t\t"
Text:  "Visible"
Operator:  "="
Keyword:  "true"
Text.Whitespace:  "<newline>\t\t"
Text:  "Group"
Operator:  "="
Literal.String.Double:  "\"ID\""
Text.Whitespace:  "<newline>\t\t"
Text:  "InitialValue"
Operator:  "="
Literal.String.Double:  "\"-2147483648\""
Text.Whitespace:  "<newline>\t\t"
Text:  "Type"
Operator:  "="
Literal.String.Double:  "\"Integer\""
Text.Whitespace:  "<newline>\t"
Comment.Preproc:  "#tag EndViewProperty"
Text.Whitespace:  "<newline>\t"
Comment.Preproc:  "#tag ViewProperty"
Text.Whitespace:  "<newline>\t\t"
Text:  "Name"
Operator:  "="
Literal.String.Double:  "\"Left\""
Text.Whitespace:  "<newline>\t\t"
Text:  "Visible"
Operator:  "="
Keyword:  "true"
Text.Whitespace:  "<newline>\t\t"
Text:  "Group"
Operator:  "="
Literal.String.Double:  "\"Position\""
Text.Whitespace:  "<newline>\t\t"
Text:  "InitialValue"
Operator:  "="
Literal.String.Double:  "\"0\""
Text.Whitespace:  "<newline>\t\t"
Text:  "Type"
Operator:  "="
Literal.String.Double:  "\"Integer\""
Text.Whitespace:  "<newline>\t"
Comment.Preproc:  "#tag EndViewProperty"
Text.Whitespace:  "<newline>"
Comment.Preproc:  "#tag EndViewBehavior"
Text.Whitespace:  "<newline>"
